Archive member included to satisfy reference by file (symbol)

c:/program files (x86)/atmel/studio/7.0/toolchain/arm/arm-gnu-toolchain/bin/../lib/gcc/arm-none-eabi/6.3.1/thumb/v7e-m\libgcc.a(_aeabi_uldivmod.o)
                              src/wifi.o (__aeabi_uldivmod)
c:/program files (x86)/atmel/studio/7.0/toolchain/arm/arm-gnu-toolchain/bin/../lib/gcc/arm-none-eabi/6.3.1/thumb/v7e-m\libgcc.a(_udivmoddi4.o)
                              c:/program files (x86)/atmel/studio/7.0/toolchain/arm/arm-gnu-toolchain/bin/../lib/gcc/arm-none-eabi/6.3.1/thumb/v7e-m\libgcc.a(_aeabi_uldivmod.o) (__udivmoddi4)
c:/program files (x86)/atmel/studio/7.0/toolchain/arm/arm-gnu-toolchain/bin/../lib/gcc/arm-none-eabi/6.3.1/thumb/v7e-m\libgcc.a(_dvmd_tls.o)
                              c:/program files (x86)/atmel/studio/7.0/toolchain/arm/arm-gnu-toolchain/bin/../lib/gcc/arm-none-eabi/6.3.1/thumb/v7e-m\libgcc.a(_aeabi_uldivmod.o) (__aeabi_ldiv0)
c:/program files (x86)/atmel/studio/7.0/toolchain/arm/arm-gnu-toolchain/bin/../lib/gcc/arm-none-eabi/6.3.1/../../../../arm-none-eabi/lib/thumb/v7e-m\libc.a(lib_a-exit.o)
                              c:/program files (x86)/atmel/studio/7.0/toolchain/arm/arm-gnu-toolchain/bin/../lib/gcc/arm-none-eabi/6.3.1/../../../../arm-none-eabi/lib/thumb/v7e-m/crt0.o (exit)
c:/program files (x86)/atmel/studio/7.0/toolchain/arm/arm-gnu-toolchain/bin/../lib/gcc/arm-none-eabi/6.3.1/../../../../arm-none-eabi/lib/thumb/v7e-m\libc.a(lib_a-impure.o)
                              c:/program files (x86)/atmel/studio/7.0/toolchain/arm/arm-gnu-toolchain/bin/../lib/gcc/arm-none-eabi/6.3.1/../../../../arm-none-eabi/lib/thumb/v7e-m\libc.a(lib_a-exit.o) (_global_impure_ptr)
c:/program files (x86)/atmel/studio/7.0/toolchain/arm/arm-gnu-toolchain/bin/../lib/gcc/arm-none-eabi/6.3.1/../../../../arm-none-eabi/lib/thumb/v7e-m\libc.a(lib_a-init.o)
                              c:/program files (x86)/atmel/studio/7.0/toolchain/arm/arm-gnu-toolchain/bin/../lib/gcc/arm-none-eabi/6.3.1/../../../../arm-none-eabi/lib/thumb/v7e-m/crt0.o (__libc_init_array)
c:/program files (x86)/atmel/studio/7.0/toolchain/arm/arm-gnu-toolchain/bin/../lib/gcc/arm-none-eabi/6.3.1/../../../../arm-none-eabi/lib/thumb/v7e-m\libc.a(lib_a-memset.o)
                              c:/program files (x86)/atmel/studio/7.0/toolchain/arm/arm-gnu-toolchain/bin/../lib/gcc/arm-none-eabi/6.3.1/../../../../arm-none-eabi/lib/thumb/v7e-m/crt0.o (memset)
c:/program files (x86)/atmel/studio/7.0/toolchain/arm/arm-gnu-toolchain/bin/../lib/gcc/arm-none-eabi/6.3.1/../../../../arm-none-eabi/lib/thumb/v7e-m\libc.a(lib_a-sprintf.o)
                              src/wifi.o (sprintf)
c:/program files (x86)/atmel/studio/7.0/toolchain/arm/arm-gnu-toolchain/bin/../lib/gcc/arm-none-eabi/6.3.1/../../../../arm-none-eabi/lib/thumb/v7e-m\libc.a(lib_a-strlen.o)
                              src/wifi.o (strlen)
c:/program files (x86)/atmel/studio/7.0/toolchain/arm/arm-gnu-toolchain/bin/../lib/gcc/arm-none-eabi/6.3.1/../../../../arm-none-eabi/lib/thumb/v7e-m\libc.a(lib_a-strncpy.o)
                              src/wifi.o (strncpy)
c:/program files (x86)/atmel/studio/7.0/toolchain/arm/arm-gnu-toolchain/bin/../lib/gcc/arm-none-eabi/6.3.1/../../../../arm-none-eabi/lib/thumb/v7e-m\libc.a(lib_a-strstr.o)
                              src/wifi.o (strstr)
c:/program files (x86)/atmel/studio/7.0/toolchain/arm/arm-gnu-toolchain/bin/../lib/gcc/arm-none-eabi/6.3.1/../../../../arm-none-eabi/lib/thumb/v7e-m\libc.a(lib_a-svfprintf.o)
                              c:/program files (x86)/atmel/studio/7.0/toolchain/arm/arm-gnu-toolchain/bin/../lib/gcc/arm-none-eabi/6.3.1/../../../../arm-none-eabi/lib/thumb/v7e-m\libc.a(lib_a-sprintf.o) (_svfprintf_r)
c:/program files (x86)/atmel/studio/7.0/toolchain/arm/arm-gnu-toolchain/bin/../lib/gcc/arm-none-eabi/6.3.1/../../../../arm-none-eabi/lib/thumb/v7e-m\libc.a(lib_a-__call_atexit.o)
                              c:/program files (x86)/atmel/studio/7.0/toolchain/arm/arm-gnu-toolchain/bin/../lib/gcc/arm-none-eabi/6.3.1/../../../../arm-none-eabi/lib/thumb/v7e-m\libc.a(lib_a-exit.o) (__call_exitprocs)
c:/program files (x86)/atmel/studio/7.0/toolchain/arm/arm-gnu-toolchain/bin/../lib/gcc/arm-none-eabi/6.3.1/../../../../arm-none-eabi/lib/thumb/v7e-m\libc.a(lib_a-atexit.o)
                              c:/program files (x86)/atmel/studio/7.0/toolchain/arm/arm-gnu-toolchain/bin/../lib/gcc/arm-none-eabi/6.3.1/../../../../arm-none-eabi/lib/thumb/v7e-m\libc.a(lib_a-__call_atexit.o) (atexit)
c:/program files (x86)/atmel/studio/7.0/toolchain/arm/arm-gnu-toolchain/bin/../lib/gcc/arm-none-eabi/6.3.1/../../../../arm-none-eabi/lib/thumb/v7e-m\libc.a(lib_a-dtoa.o)
                              c:/program files (x86)/atmel/studio/7.0/toolchain/arm/arm-gnu-toolchain/bin/../lib/gcc/arm-none-eabi/6.3.1/../../../../arm-none-eabi/lib/thumb/v7e-m\libc.a(lib_a-svfprintf.o) (_dtoa_r)
[...]
Memory Configuration

Name             Origin             Length             Attributes
rom              0x00400000         0x00080000         xr
ram              0x20000000         0x00020000         xrw
*default*        0x00000000         0xffffffff

Linker script and memory map

LOAD c:/program files (x86)/atmel/studio/7.0/toolchain/arm/arm-gnu-toolchain/bin/../lib/gcc/arm-none-eabi/6.3.1/thumb/v7e-m/crti.o
LOAD c:/program files (x86)/atmel/studio/7.0/toolchain/arm/arm-gnu-toolchain/bin/../lib/gcc/arm-none-eabi/6.3.1/thumb/v7e-m/crtbegin.o
LOAD c:/program files (x86)/atmel/studio/7.0/toolchain/arm/arm-gnu-toolchain/bin/../lib/gcc/arm-none-eabi/6.3.1/../../../../arm-none-eabi/lib/thumb/v7e-m/crt0.o
LOAD src/ASF/common/services/delay/sam/cycle_counter.o
LOAD src/ASF/common/utils/stdio/read.o
LOAD src/ASF/common/utils/stdio/write.o
LOAD src/ASF/sam/drivers/pio/pio_handler.o
LOAD src/ASF/sam/drivers/usart/usart.o
LOAD src/ASF/sam/drivers/wdt/wdt.o
LOAD src/timer_interface.o
LOAD src/wifi.o
LOAD src/ASF/common/services/serial/usart_serial.o
LOAD src/ASF/common/services/clock/sam4s/sysclk.o
LOAD src/ASF/sam/drivers/pio/pio.o
LOAD src/ASF/sam/drivers/pmc/pmc.o
LOAD src/ASF/sam/drivers/tc/tc.o
LOAD src/ASF/sam/drivers/uart/uart.o
LOAD src/ASF/sam/drivers/pmc/sleep.o
LOAD src/ASF/common/boards/user_board/init.o
LOAD src/ASF/common/utils/interrupt/interrupt_sam_nvic.o
LOAD src/ASF/sam/utils/cmsis/sam4s/source/templates/gcc/startup_sam4s.o
LOAD src/ASF/sam/utils/cmsis/sam4s/source/templates/system_sam4s.o
LOAD src/ASF/sam/utils/syscalls/gcc/syscalls.o
LOAD src/main.o
START GROUP
LOAD ../src/ASF/thirdparty/CMSIS/Lib/GCC\libarm_cortexM4l_math.a
LOAD c:/program files (x86)/atmel/studio/7.0/toolchain/arm/arm-gnu-toolchain/bin/../lib/gcc/arm-none-eabi/6.3.1/../../../../arm-none-eabi/lib/thumb/v7e-m\libm.a
END GROUP
START GROUP
LOAD c:/program files (x86)/atmel/studio/7.0/toolchain/arm/arm-gnu-toolchain/bin/../lib/gcc/arm-none-eabi/6.3.1/thumb/v7e-m\libgcc.a
LOAD c:/program files (x86)/atmel/studio/7.0/toolchain/arm/arm-gnu-toolchain/bin/../lib/gcc/arm-none-eabi/6.3.1/../../../../arm-none-eabi/lib/thumb/v7e-m\libc.a
END GROUP
LOAD c:/program files (x86)/atmel/studio/7.0/toolchain/arm/arm-gnu-toolchain/bin/../lib/gcc/arm-none-eabi/6.3.1/thumb/v7e-m/crtend.o
LOAD c:/program files (x86)/atmel/studio/7.0/toolchain/arm/arm-gnu-toolchain/bin/../lib/gcc/arm-none-eabi/6.3.1/thumb/v7e-m/crtn.o
                0x00003000                __stack_size__ = DEFINED (__stack_size__)?__stack_size__:0x3000
                0x2001fffc                __ram_end__ = ((ORIGIN (ram) + LENGTH (ram)) - 0x4)

.text           0x00400000     0x719c
                0x00400000                . = ALIGN (0x4)
                0x00400000                _sfixed = .
 *(.vectors .vectors.*)
 .vectors       0x00400000       0xcc src/ASF/sam/utils/cmsis/sam4s/source/templates/gcc/startup_sam4s.o
                0x00400000                exception_table
 *(.text .text.* .gnu.linkonce.t.*)
 .text          0x004000cc       0x6c c:/program files (x86)/atmel/studio/7.0/toolchain/arm/arm-gnu-toolchain/bin/../lib/gcc/arm-none-eabi/6.3.1/thumb/v7e-m/crtbegin.o
 .text.pio_handler_process
                0x00400138       0xd4 src/ASF/sam/drivers/pio/pio_handler.o
                0x00400138                pio_handler_process
 .text.pio_handler_set
                0x0040020c       0xa0 src/ASF/sam/drivers/pio/pio_handler.o
                0x0040020c                pio_handler_set
 .text.PIOA_Handler
                0x004002ac       0x18 src/ASF/sam/drivers/pio/pio_handler.o
                0x004002ac                PIOA_Handler
 .text.PIOB_Handler
                0x004002c4       0x18 src/ASF/sam/drivers/pio/pio_handler.o
                0x004002c4                PIOB_Handler
 .text.usart_set_async_baudrate
                0x004002dc       0x88 src/ASF/sam/drivers/usart/usart.o
                0x004002dc                usart_set_async_baudrate
 .text.usart_reset
                0x00400364       0x60 src/ASF/sam/drivers/usart/usart.o
                0x00400364                usart_reset
 .text.usart_init_rs232
                0x004003c4       0x84 src/ASF/sam/drivers/usart/usart.o
                0x004003c4                usart_init_rs232
 .text.usart_init_hw_handshaking
                0x00400448       0x40 src/ASF/sam/drivers/usart/usart.o
                0x00400448                usart_init_hw_handshaking
 .text.usart_enable_tx
                0x00400488       0x18 src/ASF/sam/drivers/usart/usart.o
                0x00400488                usart_enable_tx
 .text.usart_reset_tx
                0x004004a0       0x18 src/ASF/sam/drivers/usart/usart.o
                0x004004a0                usart_reset_tx
 .text.usart_enable_rx
                0x004004b8       0x18 src/ASF/sam/drivers/usart/usart.o
                0x004004b8                usart_enable_rx
 .text.usart_reset_rx
                0x004004d0       0x18 src/ASF/sam/drivers/usart/usart.o
                0x004004d0                usart_reset_rx
 .text.usart_enable_interrupt
                0x004004e8       0x1a src/ASF/sam/drivers/usart/usart.o
                0x004004e8                usart_enable_interrupt
 .text.usart_disable_interrupt
                0x00400502       0x1a src/ASF/sam/drivers/usart/usart.o
                0x00400502                usart_disable_interrupt
 .text.usart_get_status
                0x0040051c       0x16 src/ASF/sam/drivers/usart/usart.o
                0x0040051c                usart_get_status
 .text.usart_reset_status
                0x00400532       0x1a src/ASF/sam/drivers/usart/usart.o
                0x00400532                usart_reset_status
 .text.usart_drive_DTR_pin_high
                0x0040054c       0x1a src/ASF/sam/drivers/usart/usart.o
                0x0040054c                usart_drive_DTR_pin_high
 .text.usart_drive_RTS_pin_high
                0x00400566       0x1a src/ASF/sam/drivers/usart/usart.o
                0x00400566                usart_drive_RTS_pin_high
 .text.usart_putchar
                0x00400580       0x2e src/ASF/sam/drivers/usart/usart.o
                0x00400580                usart_putchar
 *fill*         0x004005ae        0x2 
 .text.usart_write_line
                0x004005b0       0x30 src/ASF/sam/drivers/usart/usart.o
                0x004005b0                usart_write_line
 .text.usart_read
                0x004005e0       0x32 src/ASF/sam/drivers/usart/usart.o
                0x004005e0                usart_read
 *fill*         0x00400612        0x2 
 .text.usart_disable_writeprotect
                0x00400614       0x20 src/ASF/sam/drivers/usart/usart.o
                0x00400614                usart_disable_writeprotect
 .text.wdt_disable
                0x00400634       0x1a src/ASF/sam/drivers/wdt/wdt.o
                0x00400634                wdt_disable
 *fill*         0x0040064e        0x2 
 .text.TC0_Handler
                0x00400650       0x3c src/timer_interface.o
                0x00400650                TC0_Handler
 .text.NVIC_EnableIRQ
                0x0040068c       0x30 src/wifi.o
 .text.osc_get_rate
                0x004006bc       0x74 src/wifi.o
 .text.sysclk_get_main_hz
                0x00400730       0x1c src/wifi.o
 .text.sysclk_get_cpu_hz
                0x0040074c       0x14 src/wifi.o
 .text.sysclk_get_peripheral_hz
                0x00400760       0x14 src/wifi.o
 .text.sysclk_enable_peripheral_clock
                0x00400774       0x1c src/wifi.o
 .text.USART0_Handler
                0x00400790       0x54 src/wifi.o
                0x00400790                USART0_Handler
 .text.process_incoming_byte_wifi
                0x004007e4       0x30 src/wifi.o
                0x004007e4                process_incoming_byte_wifi
 .text.wifi_command_response_handler
                0x00400814       0x48 src/wifi.o
                0x00400814                wifi_command_response_handler
 .text.process_data_wifi
                0x0040085c       0x50 src/wifi.o
                0x0040085c                process_data_wifi
 .text.wifi_web_setup_handler
                0x004008ac       0x20 src/wifi.o
                0x004008ac                wifi_web_setup_handler
 .text.configure_usart_wifi
                0x004008cc       0xbc src/wifi.o
                0x004008cc                configure_usart_wifi
 .text.configure_wifi_comm_pin
                0x00400988       0x60 src/wifi.o
                0x00400988                configure_wifi_comm_pin
 .text.configure_wifi_web_setup_pin
                0x004009e8       0x58 src/wifi.o
                0x004009e8                configure_wifi_web_setup_pin
 .text.write_wifi_command
                0x00400a40       0x54 src/wifi.o
                0x00400a40                write_wifi_command
 .text.write_image_to_file
                0x00400a94      0x1dc src/wifi.o
                0x00400a94                write_image_to_file
 .text.osc_enable
                0x00400c70       0x88 src/ASF/common/services/clock/sam4s/sysclk.o
 .text.osc_is_ready
                0x00400cf8       0x70 src/ASF/common/services/clock/sam4s/sysclk.o
 .text.osc_get_rate
                0x00400d68       0x74 src/ASF/common/services/clock/sam4s/sysclk.o
 .text.osc_wait_ready
                0x00400ddc       0x2c src/ASF/common/services/clock/sam4s/sysclk.o
 .text.pll_config_init
                0x00400e08       0x54 src/ASF/common/services/clock/sam4s/sysclk.o
 .text.pll_enable
                0x00400e5c       0x44 src/ASF/common/services/clock/sam4s/sysclk.o
 .text.pll_is_locked
                0x00400ea0       0x2c src/ASF/common/services/clock/sam4s/sysclk.o
 .text.pll_enable_source
                0x00400ecc       0x38 src/ASF/common/services/clock/sam4s/sysclk.o
 .text.pll_wait_for_lock
                0x00400f04       0x24 src/ASF/common/services/clock/sam4s/sysclk.o
 .text.sysclk_get_main_hz
                0x00400f28       0x1c src/ASF/common/services/clock/sam4s/sysclk.o
 .text.sysclk_get_cpu_hz
                0x00400f44       0x14 src/ASF/common/services/clock/sam4s/sysclk.o
 .text.sysclk_init
                0x00400f58       0x70 src/ASF/common/services/clock/sam4s/sysclk.o
                0x00400f58                sysclk_init
 .text.pio_pull_up
                0x00400fc8       0x2a src/ASF/sam/drivers/pio/pio.o
                0x00400fc8                pio_pull_up
 .text.pio_set_debounce_filter
                0x00400ff2       0x36 src/ASF/sam/drivers/pio/pio.o
                0x00400ff2                pio_set_debounce_filter
 .text.pio_set_peripheral
                0x00401028      0x10e src/ASF/sam/drivers/pio/pio.o
                0x00401028                pio_set_peripheral
 *fill*         0x00401136        0x2 
 .text.pio_set_input
                0x00401138       0x80 src/ASF/sam/drivers/pio/pio.o
                0x00401138                pio_set_input
 .text.pio_set_output
                0x004011b8       0x64 src/ASF/sam/drivers/pio/pio.o
                0x004011b8                pio_set_output
 .text.pio_configure_interrupt
                0x0040121c       0x6a src/ASF/sam/drivers/pio/pio.o
                0x0040121c                pio_configure_interrupt
 .text.pio_enable_interrupt
                0x00401286       0x1a src/ASF/sam/drivers/pio/pio.o
                0x00401286                pio_enable_interrupt
 .text.pio_disable_interrupt
                0x004012a0       0x1a src/ASF/sam/drivers/pio/pio.o
                0x004012a0                pio_disable_interrupt
 .text.pio_get_interrupt_status
                0x004012ba       0x16 src/ASF/sam/drivers/pio/pio.o
                0x004012ba                pio_get_interrupt_status
 .text.pio_get_interrupt_mask
                0x004012d0       0x16 src/ASF/sam/drivers/pio/pio.o
                0x004012d0                pio_get_interrupt_mask
 *fill*         0x004012e6        0x2 
 .text.pio_configure_pin
                0x004012e8      0x1b0 src/ASF/sam/drivers/pio/pio.o
                0x004012e8                pio_configure_pin
 .text.pio_get_pin_group
                0x00401498       0x24 src/ASF/sam/drivers/pio/pio.o
                0x00401498                pio_get_pin_group
 .text.pmc_switch_mck_to_pllack
                0x004014bc       0x80 src/ASF/sam/drivers/pmc/pmc.o
                0x004014bc                pmc_switch_mck_to_pllack
 .text.pmc_switch_sclk_to_32kxtal
                0x0040153c       0x38 src/ASF/sam/drivers/pmc/pmc.o
                0x0040153c                pmc_switch_sclk_to_32kxtal
 .text.pmc_osc_is_ready_32kxtal
                0x00401574       0x34 src/ASF/sam/drivers/pmc/pmc.o
                0x00401574                pmc_osc_is_ready_32kxtal
 .text.pmc_switch_mainck_to_fastrc
                0x004015a8       0x70 src/ASF/sam/drivers/pmc/pmc.o
                0x004015a8                pmc_switch_mainck_to_fastrc
 .text.pmc_switch_mainck_to_xtal
                0x00401618       0x78 src/ASF/sam/drivers/pmc/pmc.o
                0x00401618                pmc_switch_mainck_to_xtal
 .text.pmc_osc_is_ready_mainck
                0x00401690       0x18 src/ASF/sam/drivers/pmc/pmc.o
                0x00401690                pmc_osc_is_ready_mainck
 .text.pmc_disable_pllack
                0x004016a8       0x18 src/ASF/sam/drivers/pmc/pmc.o
                0x004016a8                pmc_disable_pllack
 .text.pmc_is_locked_pllack
                0x004016c0       0x18 src/ASF/sam/drivers/pmc/pmc.o
                0x004016c0                pmc_is_locked_pllack
 .text.pmc_disable_pllbck
                0x004016d8       0x18 src/ASF/sam/drivers/pmc/pmc.o
                0x004016d8                pmc_disable_pllbck
 .text.pmc_is_locked_pllbck
                0x004016f0       0x18 src/ASF/sam/drivers/pmc/pmc.o
                0x004016f0                pmc_is_locked_pllbck
 .text.pmc_enable_periph_clk
                0x00401708       0x80 src/ASF/sam/drivers/pmc/pmc.o
                0x00401708                pmc_enable_periph_clk
 .text.tc_get_status
                0x00401788       0x22 src/ASF/sam/drivers/tc/tc.o
                0x00401788                tc_get_status
 *fill*         0x004017aa        0x2 
 .text.sysclk_enable_peripheral_clock
                0x004017ac       0x1c src/ASF/common/boards/user_board/init.o
 .text.ioport_init
                0x004017c8       0x18 src/ASF/common/boards/user_board/init.o
 .text.ioport_set_pin_dir
                0x004017e0       0x86 src/ASF/common/boards/user_board/init.o
 .text.ioport_set_pin_level
                0x00401866       0x6a src/ASF/common/boards/user_board/init.o
 .text.board_init
                0x004018d0       0x30 src/ASF/common/boards/user_board/init.o
                0x004018d0                board_init
 .text.Reset_Handler
                0x00401900       0xc8 src/ASF/sam/utils/cmsis/sam4s/source/templates/gcc/startup_sam4s.o
                0x00401900                Reset_Handler
 .text.Dummy_Handler
                0x004019c8        0x6 src/ASF/sam/utils/cmsis/sam4s/source/templates/gcc/startup_sam4s.o
                0x004019c8                DACC_Handler
                0x004019c8                DebugMon_Handler
                0x004019c8                HardFault_Handler
                0x004019c8                TC2_Handler
                0x004019c8                SPI_Handler
                0x004019c8                SysTick_Handler
                0x004019c8                TWI1_Handler
                0x004019c8                PendSV_Handler
                0x004019c8                NMI_Handler
                0x004019c8                ADC_Handler
                0x004019c8                CRCCU_Handler
                0x004019c8                RTT_Handler
                0x004019c8                RTC_Handler
                0x004019c8                UsageFault_Handler
                0x004019c8                WDT_Handler
                0x004019c8                TC1_Handler
                0x004019c8                HSMCI_Handler
                0x004019c8                UART1_Handler
                0x004019c8                Dummy_Handler
                0x004019c8                TWI0_Handler
                0x004019c8                USART1_Handler
                0x004019c8                SSC_Handler
                0x004019c8                EFC0_Handler
                0x004019c8                ACC_Handler
                0x004019c8                PMC_Handler
                0x004019c8                PWM_Handler
                0x004019c8                MemManage_Handler
                0x004019c8                SUPC_Handler
                0x004019c8                SVC_Handler
                0x004019c8                UART0_Handler
                0x004019c8                UDP_Handler
                0x004019c8                BusFault_Handler
                0x004019c8                RSTC_Handler
 *fill*         0x004019ce        0x2 
 .text.SystemCoreClockUpdate
                0x004019d0      0x198 src/ASF/sam/utils/cmsis/sam4s/source/templates/system_sam4s.o
                0x004019d0                SystemCoreClockUpdate
 .text.system_init_flash
                0x00401b68       0x94 src/ASF/sam/utils/cmsis/sam4s/source/templates/system_sam4s.o
                0x00401b68                system_init_flash
 .text._sbrk    0x00401bfc       0x58 src/ASF/sam/utils/syscalls/gcc/syscalls.o
                0x00401bfc                _sbrk
 .text.osc_get_rate
                0x00401c54       0x74 src/main.o
 .text.sysclk_get_main_hz
                0x00401cc8       0x1c src/main.o
 .text.sysclk_get_cpu_hz
                0x00401ce4       0x14 src/main.o
 .text.ioport_set_pin_level
                0x00401cf8       0x6a src/main.o
 .text.ioport_get_pin_level
                0x00401d62       0x4e src/main.o
 .text.main     0x00401db0      0x168 src/main.o
                0x00401db0                main
 .text          0x00401f18       0x30 c:/program files (x86)/atmel/studio/7.0/toolchain/arm/arm-gnu-toolchain/bin/../lib/gcc/arm-none-eabi/6.3.1/thumb/v7e-m\libgcc.a(_aeabi_uldivmod.o)
                0x00401f18                __aeabi_uldivmod
 .text          0x00401f48      0x2dc c:/program files (x86)/atmel/studio/7.0/toolchain/arm/arm-gnu-toolchain/bin/../lib/gcc/arm-none-eabi/6.3.1/thumb/v7e-m\libgcc.a(_udivmoddi4.o)
                0x00401f48                __udivmoddi4
 .text          0x00402224        0x4 c:/program files (x86)/atmel/studio/7.0/toolchain/arm/arm-gnu-toolchain/bin/../lib/gcc/arm-none-eabi/6.3.1/thumb/v7e-m\libgcc.a(_dvmd_tls.o)
                0x00402224                __aeabi_idiv0
                0x00402224                __aeabi_ldiv0
 .text.__libc_init_array
                0x00402228       0x50 c:/program files (x86)/atmel/studio/7.0/toolchain/arm/arm-gnu-toolchain/bin/../lib/gcc/arm-none-eabi/6.3.1/../../../../arm-none-eabi/lib/thumb/v7e-m\libc.a(lib_a-init.o)
                0x00402228                __libc_init_array
 .text.memset   0x00402278       0x9c c:/program files (x86)/atmel/studio/7.0/toolchain/arm/arm-gnu-toolchain/bin/../lib/gcc/arm-none-eabi/6.3.1/../../../../arm-none-eabi/lib/thumb/v7e-m\libc.a(lib_a-memset.o)
                0x00402278                memset
 .text.sprintf  0x00402314       0x4c c:/program files (x86)/atmel/studio/7.0/toolchain/arm/arm-gnu-toolchain/bin/../lib/gcc/arm-none-eabi/6.3.1/../../../../arm-none-eabi/lib/thumb/v7e-m\libc.a(lib_a-sprintf.o)
                0x00402314                sprintf
 *fill*         0x00402360       0x20 
 .text          0x00402380       0xdc c:/program files (x86)/atmel/studio/7.0/toolchain/arm/arm-gnu-toolchain/bin/../lib/gcc/arm-none-eabi/6.3.1/../../../../arm-none-eabi/lib/thumb/v7e-m\libc.a(lib_a-strlen.o)
                0x00402380                strlen
 .text.strncpy  0x0040245c       0x64 c:/program files (x86)/atmel/studio/7.0/toolchain/arm/arm-gnu-toolchain/bin/../lib/gcc/arm-none-eabi/6.3.1/../../../../arm-none-eabi/lib/thumb/v7e-m\libc.a(lib_a-strncpy.o)
                0x0040245c                strncpy
 .text.critical_factorization
                0x004024c0       0xb4 c:/program files (x86)/atmel/studio/7.0/toolchain/arm/arm-gnu-toolchain/bin/../lib/gcc/arm-none-eabi/6.3.1/../../../../arm-none-eabi/lib/thumb/v7e-m\libc.a(lib_a-strstr.o)
 .text.two_way_long_needle
                0x00402574      0x1fc c:/program files (x86)/atmel/studio/7.0/toolchain/arm/arm-gnu-toolchain/bin/../lib/gcc/arm-none-eabi/6.3.1/../../../../arm-none-eabi/lib/thumb/v7e-m\libc.a(lib_a-strstr.o)
 .text.strstr   0x00402770      0x218 c:/program files (x86)/atmel/studio/7.0/toolchain/arm/arm-gnu-toolchain/bin/../lib/gcc/arm-none-eabi/6.3.1/../../../../arm-none-eabi/lib/thumb/v7e-m\libc.a(lib_a-strstr.o)
                0x00402770                strstr
 .text._svfprintf_r
                0x00402988     0x145c c:/program files (x86)/atmel/studio/7.0/toolchain/arm/arm-gnu-toolchain/bin/../lib/gcc/arm-none-eabi/6.3.1/../../../../arm-none-eabi/lib/thumb/v7e-m\libc.a(lib_a-svfprintf.o)
                0x00402988                _svfprintf_r
 .text.startup.register_fini
                0x00403de4       0x14 c:/program files (x86)/atmel/studio/7.0/toolchain/arm/arm-gnu-toolchain/bin/../lib/gcc/arm-none-eabi/6.3.1/../../../../arm-none-eabi/lib/thumb/v7e-m\libc.a(lib_a-__call_atexit.o)
 .text.atexit   0x00403df8        0xc c:/program files (x86)/atmel/studio/7.0/toolchain/arm/arm-gnu-toolchain/bin/../lib/gcc/arm-none-eabi/6.3.1/../../../../arm-none-eabi/lib/thumb/v7e-m\libc.a(lib_a-atexit.o)
                0x00403df8                atexit
 .text.quorem   0x00403e04      0x128 c:/program files (x86)/atmel/studio/7.0/toolchain/arm/arm-gnu-toolchain/bin/../lib/gcc/arm-none-eabi/6.3.1/../../../../arm-none-eabi/lib/thumb/v7e-m\libc.a(lib_a-dtoa.o)
 *fill*         0x00403f2c        0x4 
 .text._dtoa_r  0x00403f30      0xe54 c:/program files (x86)/atmel/studio/7.0/toolchain/arm/arm-gnu-toolchain/bin/../lib/gcc/arm-none-eabi/6.3.1/../../../../arm-none-eabi/lib/thumb/v7e-m\libc.a(lib_a-dtoa.o)
                0x00403f30                _dtoa_r
 .text.__libc_fini_array
                0x00404d84       0x34 c:/program files (x86)/atmel/studio/7.0/toolchain/arm/arm-gnu-toolchain/bin/../lib/gcc/arm-none-eabi/6.3.1/../../../../arm-none-eabi/lib/thumb/v7e-m\libc.a(lib_a-fini.o)
                0x00404d84                __libc_fini_array
 .text._localeconv_r
                0x00404db8       0x1c c:/program files (x86)/atmel/studio/7.0/toolchain/arm/arm-gnu-toolchain/bin/../lib/gcc/arm-none-eabi/6.3.1/../../../../arm-none-eabi/lib/thumb/v7e-m\libc.a(lib_a-localeconv.o)
                0x00404db8                _localeconv_r
 .text.__retarget_lock_acquire_recursive
                0x00404dd4        0x4 c:/program files (x86)/atmel/studio/7.0/toolchain/arm/arm-gnu-toolchain/bin/../lib/gcc/arm-none-eabi/6.3.1/../../../../arm-none-eabi/lib/thumb/v7e-m\libc.a(lib_a-lock.o)
                0x00404dd4                __retarget_lock_acquire_recursive
 .text.__retarget_lock_release_recursive
                0x00404dd8        0x4 c:/program files (x86)/atmel/studio/7.0/toolchain/arm/arm-gnu-toolchain/bin/../lib/gcc/arm-none-eabi/6.3.1/../../../../arm-none-eabi/lib/thumb/v7e-m\libc.a(lib_a-lock.o)
                0x00404dd8                __retarget_lock_release_recursive
 .text._malloc_r
                0x00404ddc      0x560 c:/program files (x86)/atmel/studio/7.0/toolchain/arm/arm-gnu-toolchain/bin/../lib/gcc/arm-none-eabi/6.3.1/../../../../arm-none-eabi/lib/thumb/v7e-m\libc.a(lib_a-mallocr.o)
                0x00404ddc                _malloc_r
 *fill*         0x0040533c        0x4 
 .text          0x00405340       0xa0 c:/program files (x86)/atmel/studio/7.0/toolchain/arm/arm-gnu-toolchain/bin/../lib/gcc/arm-none-eabi/6.3.1/../../../../arm-none-eabi/lib/thumb/v7e-m\libc.a(lib_a-memchr.o)
                0x00405340                memchr
 .text.memcmp   0x004053e0       0x60 c:/program files (x86)/atmel/studio/7.0/toolchain/arm/arm-gnu-toolchain/bin/../lib/gcc/arm-none-eabi/6.3.1/../../../../arm-none-eabi/lib/thumb/v7e-m\libc.a(lib_a-memcmp.o)
                0x004053e0                memcmp
 .text          0x00405440      0x134 c:/program files (x86)/atmel/studio/7.0/toolchain/arm/arm-gnu-toolchain/bin/../lib/gcc/arm-none-eabi/6.3.1/../../../../arm-none-eabi/lib/thumb/v7e-m\libc.a(lib_a-memcpy.o)
                0x00405440                memcpy
 .text.__malloc_lock
                0x00405574        0xc c:/program files (x86)/atmel/studio/7.0/toolchain/arm/arm-gnu-toolchain/bin/../lib/gcc/arm-none-eabi/6.3.1/../../../../arm-none-eabi/lib/thumb/v7e-m\libc.a(lib_a-mlock.o)
                0x00405574                __malloc_lock
 .text.__malloc_unlock
                0x00405580        0xc c:/program files (x86)/atmel/studio/7.0/toolchain/arm/arm-gnu-toolchain/bin/../lib/gcc/arm-none-eabi/6.3.1/../../../../arm-none-eabi/lib/thumb/v7e-m\libc.a(lib_a-mlock.o)
                0x00405580                __malloc_unlock
 .text._Balloc  0x0040558c       0x4c c:/program files (x86)/atmel/studio/7.0/toolchain/arm/arm-gnu-toolchain/bin/../lib/gcc/arm-none-eabi/6.3.1/../../../../arm-none-eabi/lib/thumb/v7e-m\libc.a(lib_a-mprec.o)
                0x0040558c                _Balloc
 .text._Bfree   0x004055d8       0x14 c:/program files (x86)/atmel/studio/7.0/toolchain/arm/arm-gnu-toolchain/bin/../lib/gcc/arm-none-eabi/6.3.1/../../../../arm-none-eabi/lib/thumb/v7e-m\libc.a(lib_a-mprec.o)
                0x004055d8                _Bfree
 .text.__multadd
                0x004055ec       0x80 c:/program files (x86)/atmel/studio/7.0/toolchain/arm/arm-gnu-toolchain/bin/../lib/gcc/arm-none-eabi/6.3.1/../../../../arm-none-eabi/lib/thumb/v7e-m\libc.a(lib_a-mprec.o)
                0x004055ec                __multadd
 .text.__hi0bits
                0x0040566c       0x40 c:/program files (x86)/atmel/studio/7.0/toolchain/arm/arm-gnu-toolchain/bin/../lib/gcc/arm-none-eabi/6.3.1/../../../../arm-none-eabi/lib/thumb/v7e-m\libc.a(lib_a-mprec.o)
                0x0040566c                __hi0bits
 .text.__lo0bits
                0x004056ac       0x60 c:/program files (x86)/atmel/studio/7.0/toolchain/arm/arm-gnu-toolchain/bin/../lib/gcc/arm-none-eabi/6.3.1/../../../../arm-none-eabi/lib/thumb/v7e-m\libc.a(lib_a-mprec.o)
                0x004056ac                __lo0bits
 .text.__i2b    0x0040570c       0x14 c:/program files (x86)/atmel/studio/7.0/toolchain/arm/arm-gnu-toolchain/bin/../lib/gcc/arm-none-eabi/6.3.1/../../../../arm-none-eabi/lib/thumb/v7e-m\libc.a(lib_a-mprec.o)
                0x0040570c                __i2b
 .text.__multiply
                0x00405720      0x124 c:/program files (x86)/atmel/studio/7.0/toolchain/arm/arm-gnu-toolchain/bin/../lib/gcc/arm-none-eabi/6.3.1/../../../../arm-none-eabi/lib/thumb/v7e-m\libc.a(lib_a-mprec.o)
                0x00405720                __multiply
 .text.__pow5mult
                0x00405844       0xa0 c:/program files (x86)/atmel/studio/7.0/toolchain/arm/arm-gnu-toolchain/bin/../lib/gcc/arm-none-eabi/6.3.1/../../../../arm-none-eabi/lib/thumb/v7e-m\libc.a(lib_a-mprec.o)
                0x00405844                __pow5mult
 .text.__lshift
                0x004058e4       0xa4 c:/program files (x86)/atmel/studio/7.0/toolchain/arm/arm-gnu-toolchain/bin/../lib/gcc/arm-none-eabi/6.3.1/../../../../arm-none-eabi/lib/thumb/v7e-m\libc.a(lib_a-mprec.o)
                0x004058e4                __lshift
 .text.__mcmp   0x00405988       0x38 c:/program files (x86)/atmel/studio/7.0/toolchain/arm/arm-gnu-toolchain/bin/../lib/gcc/arm-none-eabi/6.3.1/../../../../arm-none-eabi/lib/thumb/v7e-m\libc.a(lib_a-mprec.o)
                0x00405988                __mcmp
 .text.__mdiff  0x004059c0      0x108 c:/program files (x86)/atmel/studio/7.0/toolchain/arm/arm-gnu-toolchain/bin/../lib/gcc/arm-none-eabi/6.3.1/../../../../arm-none-eabi/lib/thumb/v7e-m\libc.a(lib_a-mprec.o)
                0x004059c0                __mdiff
 .text.__d2b    0x00405ac8       0xb8 c:/program files (x86)/atmel/studio/7.0/toolchain/arm/arm-gnu-toolchain/bin/../lib/gcc/arm-none-eabi/6.3.1/../../../../arm-none-eabi/lib/thumb/v7e-m\libc.a(lib_a-mprec.o)
                0x00405ac8                __d2b
 .text._sbrk_r  0x00405b80       0x24 c:/program files (x86)/atmel/studio/7.0/toolchain/arm/arm-gnu-toolchain/bin/../lib/gcc/arm-none-eabi/6.3.1/../../../../arm-none-eabi/lib/thumb/v7e-m\libc.a(lib_a-sbrkr.o)
                0x00405b80                _sbrk_r
 .text.strchr   0x00405ba4       0xe8 c:/program files (x86)/atmel/studio/7.0/toolchain/arm/arm-gnu-toolchain/bin/../lib/gcc/arm-none-eabi/6.3.1/../../../../arm-none-eabi/lib/thumb/v7e-m\libc.a(lib_a-strchr.o)
                0x00405ba4                strchr
 .text.__ssprint_r
                0x00405c8c       0xfc c:/program files (x86)/atmel/studio/7.0/toolchain/arm/arm-gnu-toolchain/bin/../lib/gcc/arm-none-eabi/6.3.1/../../../../arm-none-eabi/lib/thumb/v7e-m\libc.a(lib_a-svfiprintf.o)
                0x00405c8c                __ssprint_r
 .text.__register_exitproc
                0x00405d88       0xc4 c:/program files (x86)/atmel/studio/7.0/toolchain/arm/arm-gnu-toolchain/bin/../lib/gcc/arm-none-eabi/6.3.1/../../../../arm-none-eabi/lib/thumb/v7e-m\libc.a(lib_a-__atexit.o)
                0x00405d88                __register_exitproc
 .text._calloc_r
                0x00405e4c       0x60 c:/program files (x86)/atmel/studio/7.0/toolchain/arm/arm-gnu-toolchain/bin/../lib/gcc/arm-none-eabi/6.3.1/../../../../arm-none-eabi/lib/thumb/v7e-m\libc.a(lib_a-callocr.o)
                0x00405e4c                _calloc_r
 .text._malloc_trim_r
                0x00405eac       0xa0 c:/program files (x86)/atmel/studio/7.0/toolchain/arm/arm-gnu-toolchain/bin/../lib/gcc/arm-none-eabi/6.3.1/../../../../arm-none-eabi/lib/thumb/v7e-m\libc.a(lib_a-freer.o)
                0x00405eac                _malloc_trim_r
 .text._free_r  0x00405f4c      0x1cc c:/program files (x86)/atmel/studio/7.0/toolchain/arm/arm-gnu-toolchain/bin/../lib/gcc/arm-none-eabi/6.3.1/../../../../arm-none-eabi/lib/thumb/v7e-m\libc.a(lib_a-freer.o)
                0x00405f4c                _free_r
 .text.__ascii_mbtowc
                0x00406118       0x2c c:/program files (x86)/atmel/studio/7.0/toolchain/arm/arm-gnu-toolchain/bin/../lib/gcc/arm-none-eabi/6.3.1/../../../../arm-none-eabi/lib/thumb/v7e-m\libc.a(lib_a-mbtowc_r.o)
                0x00406118                __ascii_mbtowc
 .text.memmove  0x00406144       0xc8 c:/program files (x86)/atmel/studio/7.0/toolchain/arm/arm-gnu-toolchain/bin/../lib/gcc/arm-none-eabi/6.3.1/../../../../arm-none-eabi/lib/thumb/v7e-m\libc.a(lib_a-memmove.o)
                0x00406144                memmove
 .text._realloc_r
                0x0040620c      0x34c c:/program files (x86)/atmel/studio/7.0/toolchain/arm/arm-gnu-toolchain/bin/../lib/gcc/arm-none-eabi/6.3.1/../../../../arm-none-eabi/lib/thumb/v7e-m\libc.a(lib_a-reallocr.o)
                0x0040620c                _realloc_r
 .text.__ascii_wctomb
                0x00406558       0x1c c:/program files (x86)/atmel/studio/7.0/toolchain/arm/arm-gnu-toolchain/bin/../lib/gcc/arm-none-eabi/6.3.1/../../../../arm-none-eabi/lib/thumb/v7e-m\libc.a(lib_a-wctomb_r.o)
                0x00406558                __ascii_wctomb
 .text          0x00406574      0x370 c:/program files (x86)/atmel/studio/7.0/toolchain/arm/arm-gnu-toolchain/bin/../lib/gcc/arm-none-eabi/6.3.1/thumb/v7e-m\libgcc.a(_arm_addsubdf3.o)
                0x00406574                __aeabi_drsub
                0x0040657c                __aeabi_dsub
                0x0040657c                __subdf3
                0x00406580                __aeabi_dadd
                0x00406580                __adddf3
                0x004067f8                __floatunsidf
                0x004067f8                __aeabi_ui2d
                0x00406818                __floatsidf
                0x00406818                __aeabi_i2d
                0x0040683c                __aeabi_f2d
                0x0040683c                __extendsfdf2
                0x00406878                __floatundidf
                0x00406878                __aeabi_ul2d
                0x00406888                __floatdidf
                0x00406888                __aeabi_l2d
 .text          0x004068e4      0x424 c:/program files (x86)/atmel/studio/7.0/toolchain/arm/arm-gnu-toolchain/bin/../lib/gcc/arm-none-eabi/6.3.1/thumb/v7e-m\libgcc.a(_arm_muldivdf3.o)
                0x004068e4                __aeabi_dmul
                0x004068e4                __muldf3
                0x00406b38                __divdf3
                0x00406b38                __aeabi_ddiv
 .text          0x00406d08      0x110 c:/program files (x86)/atmel/studio/7.0/toolchain/arm/arm-gnu-toolchain/bin/../lib/gcc/arm-none-eabi/6.3.1/thumb/v7e-m\libgcc.a(_arm_cmpdf2.o)
                0x00406d08                __gtdf2
                0x00406d08                __gedf2
                0x00406d10                __ltdf2
                0x00406d10                __ledf2
                0x00406d18                __nedf2
                0x00406d18                __eqdf2
                0x00406d18                __cmpdf2
                0x00406d94                __aeabi_cdrcmple
                0x00406da4                __aeabi_cdcmpeq
                0x00406da4                __aeabi_cdcmple
                0x00406db4                __aeabi_dcmpeq
                0x00406dc8                __aeabi_dcmplt
                0x00406ddc                __aeabi_dcmple
                0x00406df0                __aeabi_dcmpge
                0x00406e04                __aeabi_dcmpgt
 .text          0x00406e18       0x2c c:/program files (x86)/atmel/studio/7.0/toolchain/arm/arm-gnu-toolchain/bin/../lib/gcc/arm-none-eabi/6.3.1/thumb/v7e-m\libgcc.a(_arm_unorddf2.o)
                0x00406e18                __unorddf2
                0x00406e18                __aeabi_dcmpun
 .text          0x00406e44       0x50 c:/program files (x86)/atmel/studio/7.0/toolchain/arm/arm-gnu-toolchain/bin/../lib/gcc/arm-none-eabi/6.3.1/thumb/v7e-m\libgcc.a(_arm_fixdfsi.o)
                0x00406e44                __aeabi_d2iz
                0x00406e44                __fixdfsi
 *(.glue_7t)
 .glue_7t       0x00406e94        0x0 linker stubs
 *(.glue_7)
 .glue_7        0x00406e94        0x0 linker stubs
 *(.rodata .rodata* .gnu.linkonce.r.*)
 .rodata        0x00406e94       0x5c src/wifi.o
 .rodata._global_impure_ptr
                0x00406ef0        0x4 c:/program files (x86)/atmel/studio/7.0/toolchain/arm/arm-gnu-toolchain/bin/../lib/gcc/arm-none-eabi/6.3.1/../../../../arm-none-eabi/lib/thumb/v7e-m\libc.a(lib_a-impure.o)
                0x00406ef0                _global_impure_ptr
 .rodata._svfprintf_r.str1.4
                0x00406ef4       0x42 c:/program files (x86)/atmel/studio/7.0/toolchain/arm/arm-gnu-toolchain/bin/../lib/gcc/arm-none-eabi/6.3.1/../../../../arm-none-eabi/lib/thumb/v7e-m\libc.a(lib_a-svfprintf.o)
 *fill*         0x00406f36        0x2 
 .rodata.blanks.7223
                0x00406f38       0x10 c:/program files (x86)/atmel/studio/7.0/toolchain/arm/arm-gnu-toolchain/bin/../lib/gcc/arm-none-eabi/6.3.1/../../../../arm-none-eabi/lib/thumb/v7e-m\libc.a(lib_a-svfprintf.o)
 .rodata.zeroes.7224
                0x00406f48       0x10 c:/program files (x86)/atmel/studio/7.0/toolchain/arm/arm-gnu-toolchain/bin/../lib/gcc/arm-none-eabi/6.3.1/../../../../arm-none-eabi/lib/thumb/v7e-m\libc.a(lib_a-svfprintf.o)
 .rodata._dtoa_r.str1.4
                0x00406f58       0x10 c:/program files (x86)/atmel/studio/7.0/toolchain/arm/arm-gnu-toolchain/bin/../lib/gcc/arm-none-eabi/6.3.1/../../../../arm-none-eabi/lib/thumb/v7e-m\libc.a(lib_a-dtoa.o)
                                 0x12 (size before relaxing)
 .rodata.__mprec_bigtens
                0x00406f68       0x28 c:/program files (x86)/atmel/studio/7.0/toolchain/arm/arm-gnu-toolchain/bin/../lib/gcc/arm-none-eabi/6.3.1/../../../../arm-none-eabi/lib/thumb/v7e-m\libc.a(lib_a-mprec.o)
                0x00406f68                __mprec_bigtens
 .rodata.__mprec_tens
                0x00406f90       0xc8 c:/program files (x86)/atmel/studio/7.0/toolchain/arm/arm-gnu-toolchain/bin/../lib/gcc/arm-none-eabi/6.3.1/../../../../arm-none-eabi/lib/thumb/v7e-m\libc.a(lib_a-mprec.o)
                0x00406f90                __mprec_tens
 .rodata.p05.6055
                0x00407058        0xc c:/program files (x86)/atmel/studio/7.0/toolchain/arm/arm-gnu-toolchain/bin/../lib/gcc/arm-none-eabi/6.3.1/../../../../arm-none-eabi/lib/thumb/v7e-m\libc.a(lib_a-mprec.o)
 .rodata._setlocale_r.str1.4
                0x00407064        0xa c:/program files (x86)/atmel/studio/7.0/toolchain/arm/arm-gnu-toolchain/bin/../lib/gcc/arm-none-eabi/6.3.1/../../../../arm-none-eabi/lib/thumb/v7e-m\libc.a(lib_a-locale.o)
                                  0xd (size before relaxing)
 *fill*         0x0040706e        0x2 
 .rodata.str1.4
                0x00407070        0x4 c:/program files (x86)/atmel/studio/7.0/toolchain/arm/arm-gnu-toolchain/bin/../lib/gcc/arm-none-eabi/6.3.1/../../../../arm-none-eabi/lib/thumb/v7e-m\libc.a(lib_a-locale.o)
                                  0x2 (size before relaxing)
 .rodata._ctype_
                0x00407074      0x101 c:/program files (x86)/atmel/studio/7.0/toolchain/arm/arm-gnu-toolchain/bin/../lib/gcc/arm-none-eabi/6.3.1/../../../../arm-none-eabi/lib/thumb/v7e-m\libc.a(lib_a-ctype_.o)
                0x00407074                _ctype_
 *(.ARM.extab* .gnu.linkonce.armextab.*)
                0x00407178                . = ALIGN (0x4)
 *fill*         0x00407175        0x3 
 *(.init)
 .init          0x00407178        0x4 c:/program files (x86)/atmel/studio/7.0/toolchain/arm/arm-gnu-toolchain/bin/../lib/gcc/arm-none-eabi/6.3.1/thumb/v7e-m/crti.o
                0x00407178                _init
 .init          0x0040717c        0x8 c:/program files (x86)/atmel/studio/7.0/toolchain/arm/arm-gnu-toolchain/bin/../lib/gcc/arm-none-eabi/6.3.1/thumb/v7e-m/crtn.o
                0x00407184                . = ALIGN (0x4)
                0x00407184                __preinit_array_start = .
 *(.preinit_array)
                0x00407184                __preinit_array_end = .
                0x00407184                . = ALIGN (0x4)
                0x00407184                __init_array_start = .
 *(SORT(.init_array.*))
 .init_array.00000
                0x00407184        0x4 c:/program files (x86)/atmel/studio/7.0/toolchain/arm/arm-gnu-toolchain/bin/../lib/gcc/arm-none-eabi/6.3.1/../../../../arm-none-eabi/lib/thumb/v7e-m\libc.a(lib_a-__call_atexit.o)
 *(.init_array)
 .init_array    0x00407188        0x4 c:/program files (x86)/atmel/studio/7.0/toolchain/arm/arm-gnu-toolchain/bin/../lib/gcc/arm-none-eabi/6.3.1/thumb/v7e-m/crtbegin.o
                0x0040718c                __init_array_end = .
                0x0040718c                . = ALIGN (0x4)
 *crtbegin.o(.ctors)
 *(EXCLUDE_FILE(*crtend.o) .ctors)
 *(SORT(.ctors.*))
 *crtend.o(.ctors)
                0x0040718c                . = ALIGN (0x4)
 *(.fini)
 .fini          0x0040718c        0x4 c:/program files (x86)/atmel/studio/7.0/toolchain/arm/arm-gnu-toolchain/bin/../lib/gcc/arm-none-eabi/6.3.1/thumb/v7e-m/crti.o
                0x0040718c                _fini
 .fini          0x00407190        0x8 c:/program files (x86)/atmel/studio/7.0/toolchain/arm/arm-gnu-toolchain/bin/../lib/gcc/arm-none-eabi/6.3.1/thumb/v7e-m/crtn.o
                0x00407198                . = ALIGN (0x4)
                0x00407198                __fini_array_start = .
 *(.fini_array)
 .fini_array    0x00407198        0x4 c:/program files (x86)/atmel/studio/7.0/toolchain/arm/arm-gnu-toolchain/bin/../lib/gcc/arm-none-eabi/6.3.1/thumb/v7e-m/crtbegin.o
 *(SORT(.fini_array.*))
                0x0040719c                __fini_array_end = .
 *crtbegin.o(.dtors)
 *(EXCLUDE_FILE(*crtend.o) .dtors)
 *(SORT(.dtors.*))
 *crtend.o(.dtors)
                0x0040719c                . = ALIGN (0x4)
                0x0040719c                _efixed = .
                [!provide]                PROVIDE (__exidx_start, .)

.vfp11_veneer   0x0040719c        0x0
 .vfp11_veneer  0x0040719c        0x0 linker stubs

.v4_bx          0x0040719c        0x0
 .v4_bx         0x0040719c        0x0 linker stubs

.iplt           0x0040719c        0x0
 .iplt          0x0040719c        0x0 c:/program files (x86)/atmel/studio/7.0/toolchain/arm/arm-gnu-toolchain/bin/../lib/gcc/arm-none-eabi/6.3.1/thumb/v7e-m/crtbegin.o

.ARM.exidx      0x0040719c        0x8
 *(.ARM.exidx* .gnu.linkonce.armexidx.*)
 .ARM.exidx     0x0040719c        0x8 c:/program files (x86)/atmel/studio/7.0/toolchain/arm/arm-gnu-toolchain/bin/../lib/gcc/arm-none-eabi/6.3.1/thumb/v7e-m\libgcc.a(_udivmoddi4.o)
                [!provide]                PROVIDE (__exidx_end, .)

.eh_frame       0x004071a4        0x0
 .eh_frame      0x004071a4        0x0 c:/program files (x86)/atmel/studio/7.0/toolchain/arm/arm-gnu-toolchain/bin/../lib/gcc/arm-none-eabi/6.3.1/thumb/v7e-m/crtbegin.o

.rel.dyn        0x004071a4        0x0
 .rel.iplt      0x004071a4        0x0 c:/program files (x86)/atmel/studio/7.0/toolchain/arm/arm-gnu-toolchain/bin/../lib/gcc/arm-none-eabi/6.3.1/thumb/v7e-m/crtbegin.o

.jcr            0x004071a4        0x0
 .jcr           0x004071a4        0x0 c:/program files (x86)/atmel/studio/7.0/toolchain/arm/arm-gnu-toolchain/bin/../lib/gcc/arm-none-eabi/6.3.1/thumb/v7e-m/crtbegin.o

.igot.plt       0x004071a4        0x0
 .igot.plt      0x004071a4        0x0 c:/program files (x86)/atmel/studio/7.0/toolchain/arm/arm-gnu-toolchain/bin/../lib/gcc/arm-none-eabi/6.3.1/thumb/v7e-m/crtbegin.o
                0x004071a4                . = ALIGN (0x4)
                0x004071a4                _etext = .

.relocate       0x20000000      0x9c0 load address 0x004071a4
                0x20000000                . = ALIGN (0x4)
                0x20000000                _srelocate = .
 *(.ramfunc .ramfunc.*)
 .ramfunc       0x20000000        0xa src/ASF/common/services/delay/sam/cycle_counter.o
                0x20000000                portable_delay_cycles
 *(.data .data.*)
 *fill*         0x2000000a        0x2 
 .data.SystemCoreClock
                0x2000000c        0x4 src/ASF/sam/utils/cmsis/sam4s/source/templates/system_sam4s.o
                0x2000000c                SystemCoreClock
 .data._impure_ptr
                0x20000010        0x4 c:/program files (x86)/atmel/studio/7.0/toolchain/arm/arm-gnu-toolchain/bin/../lib/gcc/arm-none-eabi/6.3.1/../../../../arm-none-eabi/lib/thumb/v7e-m\libc.a(lib_a-impure.o)
                0x20000010                _impure_ptr
 *fill*         0x20000014        0x4 
 .data.impure_data
                0x20000018      0x428 c:/program files (x86)/atmel/studio/7.0/toolchain/arm/arm-gnu-toolchain/bin/../lib/gcc/arm-none-eabi/6.3.1/../../../../arm-none-eabi/lib/thumb/v7e-m\libc.a(lib_a-impure.o)
 .data.__atexit_recursive_mutex
                0x20000440        0x4 c:/program files (x86)/atmel/studio/7.0/toolchain/arm/arm-gnu-toolchain/bin/../lib/gcc/arm-none-eabi/6.3.1/../../../../arm-none-eabi/lib/thumb/v7e-m\libc.a(lib_a-__call_atexit.o)
                0x20000440                __atexit_recursive_mutex
 .data.__malloc_av_
                0x20000444      0x408 c:/program files (x86)/atmel/studio/7.0/toolchain/arm/arm-gnu-toolchain/bin/../lib/gcc/arm-none-eabi/6.3.1/../../../../arm-none-eabi/lib/thumb/v7e-m\libc.a(lib_a-mallocr.o)
                0x20000444                __malloc_av_
 .data.__malloc_sbrk_base
                0x2000084c        0x4 c:/program files (x86)/atmel/studio/7.0/toolchain/arm/arm-gnu-toolchain/bin/../lib/gcc/arm-none-eabi/6.3.1/../../../../arm-none-eabi/lib/thumb/v7e-m\libc.a(lib_a-mallocr.o)
                0x2000084c                __malloc_sbrk_base
 .data.__malloc_trim_threshold
                0x20000850        0x4 c:/program files (x86)/atmel/studio/7.0/toolchain/arm/arm-gnu-toolchain/bin/../lib/gcc/arm-none-eabi/6.3.1/../../../../arm-none-eabi/lib/thumb/v7e-m\libc.a(lib_a-mallocr.o)
                0x20000850                __malloc_trim_threshold
 .data.__global_locale
                0x20000854      0x16c c:/program files (x86)/atmel/studio/7.0/toolchain/arm/arm-gnu-toolchain/bin/../lib/gcc/arm-none-eabi/6.3.1/../../../../arm-none-eabi/lib/thumb/v7e-m\libc.a(lib_a-locale.o)
                0x20000854                __global_locale
                0x200009c0                . = ALIGN (0x4)
                0x200009c0                _erelocate = .

.bss            0x200009c0      0x500 load address 0x00407b64
                0x200009c0                . = ALIGN (0x4)
                0x200009c0                _sbss = .
                0x200009c0                _szero = .
 *(.bss .bss.*)
 .bss           0x200009c0       0x1c c:/program files (x86)/atmel/studio/7.0/toolchain/arm/arm-gnu-toolchain/bin/../lib/gcc/arm-none-eabi/6.3.1/thumb/v7e-m/crtbegin.o
 .bss.gs_interrupt_sources
                0x200009dc       0x70 src/ASF/sam/drivers/pio/pio_handler.o
 .bss.gs_ul_nb_sources
                0x20000a4c        0x4 src/ASF/sam/drivers/pio/pio_handler.o
 .bss.pio_capture_handler
                0x20000a50        0x4 src/ASF/sam/drivers/pio/pio_handler.o
 .bss.ul_reg_val.7462
                0x20000a54        0x4 src/ASF/sam/drivers/usart/usart.o
 .bss.received_byte_wifi
                0x20000a58        0x4 src/wifi.o
                0x20000a58                received_byte_wifi
 .bss.new_rx_wifi
                0x20000a5c        0x1 src/wifi.o
                0x20000a5c                new_rx_wifi
 *fill*         0x20000a5d        0x3 
 .bss.input_pos_wifi
                0x20000a60        0x4 src/wifi.o
                0x20000a60                input_pos_wifi
 .bss.counts    0x20000a64        0x1 src/wifi.o
                0x20000a64                counts
 .bss.wifi_setup_flag
                0x20000a65        0x1 src/wifi.o
                0x20000a65                wifi_setup_flag
 *fill*         0x20000a66        0x2 
 .bss.receivedMessage
                0x20000a68        0x4 src/wifi.o
                0x20000a68                receivedMessage
 .bss.ul_sysclk.8577
                0x20000a6c        0x4 src/wifi.o
 .bss.heap.5297
                0x20000a70        0x4 src/ASF/sam/utils/syscalls/gcc/syscalls.o
 .bss.__malloc_current_mallinfo
                0x20000a74       0x28 c:/program files (x86)/atmel/studio/7.0/toolchain/arm/arm-gnu-toolchain/bin/../lib/gcc/arm-none-eabi/6.3.1/../../../../arm-none-eabi/lib/thumb/v7e-m\libc.a(lib_a-mallocr.o)
                0x20000a74                __malloc_current_mallinfo
 .bss.__malloc_max_sbrked_mem
                0x20000a9c        0x4 c:/program files (x86)/atmel/studio/7.0/toolchain/arm/arm-gnu-toolchain/bin/../lib/gcc/arm-none-eabi/6.3.1/../../../../arm-none-eabi/lib/thumb/v7e-m\libc.a(lib_a-mallocr.o)
                0x20000a9c                __malloc_max_sbrked_mem
 .bss.__malloc_max_total_mem
                0x20000aa0        0x4 c:/program files (x86)/atmel/studio/7.0/toolchain/arm/arm-gnu-toolchain/bin/../lib/gcc/arm-none-eabi/6.3.1/../../../../arm-none-eabi/lib/thumb/v7e-m\libc.a(lib_a-mallocr.o)
                0x20000aa0                __malloc_max_total_mem
 .bss.__malloc_top_pad
                0x20000aa4        0x4 c:/program files (x86)/atmel/studio/7.0/toolchain/arm/arm-gnu-toolchain/bin/../lib/gcc/arm-none-eabi/6.3.1/../../../../arm-none-eabi/lib/thumb/v7e-m\libc.a(lib_a-mallocr.o)
                0x20000aa4                __malloc_top_pad
 *(COMMON)
 COMMON         0x20000aa8      0x3ec src/wifi.o
                0x20000aa8                buffer_wifi
                0x20000e90                uintreceivedMessage
 COMMON         0x20000e94        0x4 src/ASF/sam/drivers/pio/pio.o
                0x20000e94                pio_capture_enable_flag
 COMMON         0x20000e98       0x21 c:/program files (x86)/atmel/studio/7.0/toolchain/arm/arm-gnu-toolchain/bin/../lib/gcc/arm-none-eabi/6.3.1/../../../../arm-none-eabi/lib/thumb/v7e-m\libc.a(lib_a-lock.o)
                0x20000e98                __lock___atexit_recursive_mutex
                0x20000e9c                __lock___arc4random_mutex
                0x20000ea0                __lock___env_recursive_mutex
                0x20000ea4                __lock___sinit_recursive_mutex
                0x20000ea8                __lock___malloc_recursive_mutex
                0x20000eac                __lock___at_quick_exit_mutex
                0x20000eb0                __lock___dd_hash_mutex
                0x20000eb4                __lock___tz_mutex
                0x20000eb8                __lock___sfp_recursive_mutex
 *fill*         0x20000eb9        0x3 
 COMMON         0x20000ebc        0x4 c:/program files (x86)/atmel/studio/7.0/toolchain/arm/arm-gnu-toolchain/bin/../lib/gcc/arm-none-eabi/6.3.1/../../../../arm-none-eabi/lib/thumb/v7e-m\libc.a(lib_a-reent.o)
                0x20000ebc                errno
                0x20000ec0                . = ALIGN (0x4)
                0x20000ec0                _ebss = .
                0x20000ec0                _ezero = .

.stack          0x20000ec0     0x3000 load address 0x00408064
                0x20000ec0                . = ALIGN (0x8)
                0x20000ec0                _sstack = .
                0x20003ec0                . = (. + __stack_size__)
 *fill*         0x20000ec0     0x3000 
                0x20003ec0                . = ALIGN (0x8)
                0x20003ec0                _estack = .
                0x20003ec0                . = ALIGN (0x4)
                0x20003ec0                _end = .
OUTPUT(Wifi_Testbed.elf elf32-littlearm)

.ARM.attributes
                0x00000000       0x2a
 .ARM.attributes
                0x00000000       0x1e c:/program files (x86)/atmel/studio/7.0/toolchain/arm/arm-gnu-toolchain/bin/../lib/gcc/arm-none-eabi/6.3.1/thumb/v7e-m/crti.o
 .ARM.attributes
                0x0000001e       0x2e c:/program files (x86)/atmel/studio/7.0/toolchain/arm/arm-gnu-toolchain/bin/../lib/gcc/arm-none-eabi/6.3.1/thumb/v7e-m/crtbegin.o
 .ARM.attributes
                0x0000004c       0x33 src/ASF/common/services/delay/sam/cycle_counter.o
 .ARM.attributes
                0x0000007f       0x33 src/ASF/sam/drivers/pio/pio_handler.o
 .ARM.attributes
                0x000000b2       0x33 src/ASF/sam/drivers/usart/usart.o
 .ARM.attributes
                0x000000e5       0x33 src/ASF/sam/drivers/wdt/wdt.o
 .ARM.attributes
                0x00000118       0x33 src/timer_interface.o
 .ARM.attributes
                0x0000014b       0x33 src/wifi.o
 .ARM.attributes
                0x0000017e       0x33 src/ASF/common/services/clock/sam4s/sysclk.o
 .ARM.attributes
                0x000001b1       0x33 src/ASF/sam/drivers/pio/pio.o
 .ARM.attributes
                0x000001e4       0x33 src/ASF/sam/drivers/pmc/pmc.o
 .ARM.attributes
                0x00000217       0x33 src/ASF/sam/drivers/tc/tc.o
 .ARM.attributes
                0x0000024a       0x33 src/ASF/common/boards/user_board/init.o
 .ARM.attributes
                0x0000027d       0x33 src/ASF/sam/utils/cmsis/sam4s/source/templates/gcc/startup_sam4s.o
 .ARM.attributes
                0x000002b0       0x33 src/ASF/sam/utils/cmsis/sam4s/source/templates/system_sam4s.o
 .ARM.attributes
                0x000002e3       0x33 src/ASF/sam/utils/syscalls/gcc/syscalls.o
 .ARM.attributes
                0x00000316       0x33 src/main.o
 .ARM.attributes
                0x00000349       0x1e c:/program files (x86)/atmel/studio/7.0/toolchain/arm/arm-gnu-toolchain/bin/../lib/gcc/arm-none-eabi/6.3.1/thumb/v7e-m\libgcc.a(_aeabi_uldivmod.o)
 .ARM.attributes
                0x00000367       0x2e c:/program files (x86)/atmel/studio/7.0/toolchain/arm/arm-gnu-toolchain/bin/../lib/gcc/arm-none-eabi/6.3.1/thumb/v7e-m\libgcc.a(_udivmoddi4.o)
 .ARM.attributes
                0x00000395       0x1e c:/program files (x86)/atmel/studio/7.0/toolchain/arm/arm-gnu-toolchain/bin/../lib/gcc/arm-none-eabi/6.3.1/thumb/v7e-m\libgcc.a(_dvmd_tls.o)
 .ARM.attributes
                0x000003b3       0x2e c:/program files (x86)/atmel/studio/7.0/toolchain/arm/arm-gnu-toolchain/bin/../lib/gcc/arm-none-eabi/6.3.1/../../../../arm-none-eabi/lib/thumb/v7e-m\libc.a(lib_a-impure.o)
 .ARM.attributes
                0x000003e1       0x2e c:/program files (x86)/atmel/studio/7.0/toolchain/arm/arm-gnu-toolchain/bin/../lib/gcc/arm-none-eabi/6.3.1/../../../../arm-none-eabi/lib/thumb/v7e-m\libc.a(lib_a-init.o)
 .ARM.attributes
                0x0000040f       0x2e c:/program files (x86)/atmel/studio/7.0/toolchain/arm/arm-gnu-toolchain/bin/../lib/gcc/arm-none-eabi/6.3.1/../../../../arm-none-eabi/lib/thumb/v7e-m\libc.a(lib_a-memset.o)
 .ARM.attributes
                0x0000043d       0x2e c:/program files (x86)/atmel/studio/7.0/toolchain/arm/arm-gnu-toolchain/bin/../lib/gcc/arm-none-eabi/6.3.1/../../../../arm-none-eabi/lib/thumb/v7e-m\libc.a(lib_a-sprintf.o)
 .ARM.attributes
                0x0000046b       0x1c c:/program files (x86)/atmel/studio/7.0/toolchain/arm/arm-gnu-toolchain/bin/../lib/gcc/arm-none-eabi/6.3.1/../../../../arm-none-eabi/lib/thumb/v7e-m\libc.a(lib_a-strlen.o)
 .ARM.attributes
                0x00000487       0x2e c:/program files (x86)/atmel/studio/7.0/toolchain/arm/arm-gnu-toolchain/bin/../lib/gcc/arm-none-eabi/6.3.1/../../../../arm-none-eabi/lib/thumb/v7e-m\libc.a(lib_a-strncpy.o)
 .ARM.attributes
                0x000004b5       0x2e c:/program files (x86)/atmel/studio/7.0/toolchain/arm/arm-gnu-toolchain/bin/../lib/gcc/arm-none-eabi/6.3.1/../../../../arm-none-eabi/lib/thumb/v7e-m\libc.a(lib_a-strstr.o)
 .ARM.attributes
                0x000004e3       0x2e c:/program files (x86)/atmel/studio/7.0/toolchain/arm/arm-gnu-toolchain/bin/../lib/gcc/arm-none-eabi/6.3.1/../../../../arm-none-eabi/lib/thumb/v7e-m\libc.a(lib_a-svfprintf.o)
 .ARM.attributes
                0x00000511       0x2e c:/program files (x86)/atmel/studio/7.0/toolchain/arm/arm-gnu-toolchain/bin/../lib/gcc/arm-none-eabi/6.3.1/../../../../arm-none-eabi/lib/thumb/v7e-m\libc.a(lib_a-__call_atexit.o)
 .ARM.attributes
                0x0000053f       0x2e c:/program files (x86)/atmel/studio/7.0/toolchain/arm/arm-gnu-toolchain/bin/../lib/gcc/arm-none-eabi/6.3.1/../../../../arm-none-eabi/lib/thumb/v7e-m\libc.a(lib_a-atexit.o)
 .ARM.attributes
                0x0000056d       0x2e c:/program files (x86)/atmel/studio/7.0/toolchain/arm/arm-gnu-toolchain/bin/../lib/gcc/arm-none-eabi/6.3.1/../../../../arm-none-eabi/lib/thumb/v7e-m\libc.a(lib_a-dtoa.o)
 .ARM.attributes
                0x0000059b       0x2e c:/program files (x86)/atmel/studio/7.0/toolchain/arm/arm-gnu-toolchain/bin/../lib/gcc/arm-none-eabi/6.3.1/../../../../arm-none-eabi/lib/thumb/v7e-m\libc.a(lib_a-fini.o)
 .ARM.attributes
                0x000005c9       0x2e c:/program files (x86)/atmel/studio/7.0/toolchain/arm/arm-gnu-toolchain/bin/../lib/gcc/arm-none-eabi/6.3.1/../../../../arm-none-eabi/lib/thumb/v7e-m\libc.a(lib_a-localeconv.o)
 .ARM.attributes
                0x000005f7       0x2e c:/program files (x86)/atmel/studio/7.0/toolchain/arm/arm-gnu-toolchain/bin/../lib/gcc/arm-none-eabi/6.3.1/../../../../arm-none-eabi/lib/thumb/v7e-m\libc.a(lib_a-lock.o)
 .ARM.attributes
                0x00000625       0x2e c:/program files (x86)/atmel/studio/7.0/toolchain/arm/arm-gnu-toolchain/bin/../lib/gcc/arm-none-eabi/6.3.1/../../../../arm-none-eabi/lib/thumb/v7e-m\libc.a(lib_a-mallocr.o)
 .ARM.attributes
                0x00000653       0x1c c:/program files (x86)/atmel/studio/7.0/toolchain/arm/arm-gnu-toolchain/bin/../lib/gcc/arm-none-eabi/6.3.1/../../../../arm-none-eabi/lib/thumb/v7e-m\libc.a(lib_a-memchr.o)
 .ARM.attributes
                0x0000066f       0x2e c:/program files (x86)/atmel/studio/7.0/toolchain/arm/arm-gnu-toolchain/bin/../lib/gcc/arm-none-eabi/6.3.1/../../../../arm-none-eabi/lib/thumb/v7e-m\libc.a(lib_a-memcmp.o)
 .ARM.attributes
                0x0000069d       0x1c c:/program files (x86)/atmel/studio/7.0/toolchain/arm/arm-gnu-toolchain/bin/../lib/gcc/arm-none-eabi/6.3.1/../../../../arm-none-eabi/lib/thumb/v7e-m\libc.a(lib_a-memcpy.o)
 .ARM.attributes
                0x000006b9       0x2e c:/program files (x86)/atmel/studio/7.0/toolchain/arm/arm-gnu-toolchain/bin/../lib/gcc/arm-none-eabi/6.3.1/../../../../arm-none-eabi/lib/thumb/v7e-m\libc.a(lib_a-mlock.o)
 .ARM.attributes
                0x000006e7       0x2e c:/program files (x86)/atmel/studio/7.0/toolchain/arm/arm-gnu-toolchain/bin/../lib/gcc/arm-none-eabi/6.3.1/../../../../arm-none-eabi/lib/thumb/v7e-m\libc.a(lib_a-mprec.o)
 .ARM.attributes
                0x00000715       0x2e c:/program files (x86)/atmel/studio/7.0/toolchain/arm/arm-gnu-toolchain/bin/../lib/gcc/arm-none-eabi/6.3.1/../../../../arm-none-eabi/lib/thumb/v7e-m\libc.a(lib_a-sbrkr.o)
 .ARM.attributes
                0x00000743       0x2e c:/program files (x86)/atmel/studio/7.0/toolchain/arm/arm-gnu-toolchain/bin/../lib/gcc/arm-none-eabi/6.3.1/../../../../arm-none-eabi/lib/thumb/v7e-m\libc.a(lib_a-strchr.o)
 .ARM.attributes
                0x00000771       0x2e c:/program files (x86)/atmel/studio/7.0/toolchain/arm/arm-gnu-toolchain/bin/../lib/gcc/arm-none-eabi/6.3.1/../../../../arm-none-eabi/lib/thumb/v7e-m\libc.a(lib_a-svfiprintf.o)
 .ARM.attributes
                0x0000079f       0x2e c:/program files (x86)/atmel/studio/7.0/toolchain/arm/arm-gnu-toolchain/bin/../lib/gcc/arm-none-eabi/6.3.1/../../../../arm-none-eabi/lib/thumb/v7e-m\libc.a(lib_a-__atexit.o)
 .ARM.attributes
                0x000007cd       0x2e c:/program files (x86)/atmel/studio/7.0/toolchain/arm/arm-gnu-toolchain/bin/../lib/gcc/arm-none-eabi/6.3.1/../../../../arm-none-eabi/lib/thumb/v7e-m\libc.a(lib_a-callocr.o)
 .ARM.attributes
                0x000007fb       0x2e c:/program files (x86)/atmel/studio/7.0/toolchain/arm/arm-gnu-toolchain/bin/../lib/gcc/arm-none-eabi/6.3.1/../../../../arm-none-eabi/lib/thumb/v7e-m\libc.a(lib_a-freer.o)
 .ARM.attributes
                0x00000829       0x2e c:/program files (x86)/atmel/studio/7.0/toolchain/arm/arm-gnu-toolchain/bin/../lib/gcc/arm-none-eabi/6.3.1/../../../../arm-none-eabi/lib/thumb/v7e-m\libc.a(lib_a-locale.o)
 .ARM.attributes
                0x00000857       0x2e c:/program files (x86)/atmel/studio/7.0/toolchain/arm/arm-gnu-toolchain/bin/../lib/gcc/arm-none-eabi/6.3.1/../../../../arm-none-eabi/lib/thumb/v7e-m\libc.a(lib_a-mbtowc_r.o)
 .ARM.attributes
                0x00000885       0x2e c:/program files (x86)/atmel/studio/7.0/toolchain/arm/arm-gnu-toolchain/bin/../lib/gcc/arm-none-eabi/6.3.1/../../../../arm-none-eabi/lib/thumb/v7e-m\libc.a(lib_a-memmove.o)
 .ARM.attributes
                0x000008b3       0x2e c:/program files (x86)/atmel/studio/7.0/toolchain/arm/arm-gnu-toolchain/bin/../lib/gcc/arm-none-eabi/6.3.1/../../../../arm-none-eabi/lib/thumb/v7e-m\libc.a(lib_a-reallocr.o)
 .ARM.attributes
                0x000008e1       0x2e c:/program files (x86)/atmel/studio/7.0/toolchain/arm/arm-gnu-toolchain/bin/../lib/gcc/arm-none-eabi/6.3.1/../../../../arm-none-eabi/lib/thumb/v7e-m\libc.a(lib_a-reent.o)
 .ARM.attributes
                0x0000090f       0x2e c:/program files (x86)/atmel/studio/7.0/toolchain/arm/arm-gnu-toolchain/bin/../lib/gcc/arm-none-eabi/6.3.1/../../../../arm-none-eabi/lib/thumb/v7e-m\libc.a(lib_a-wctomb_r.o)
 .ARM.attributes
                0x0000093d       0x2e c:/program files (x86)/atmel/studio/7.0/toolchain/arm/arm-gnu-toolchain/bin/../lib/gcc/arm-none-eabi/6.3.1/../../../../arm-none-eabi/lib/thumb/v7e-m\libc.a(lib_a-ctype_.o)
 .ARM.attributes
                0x0000096b       0x1e c:/program files (x86)/atmel/studio/7.0/toolchain/arm/arm-gnu-toolchain/bin/../lib/gcc/arm-none-eabi/6.3.1/thumb/v7e-m\libgcc.a(_arm_addsubdf3.o)
 .ARM.attributes
                0x00000989       0x1e c:/program files (x86)/atmel/studio/7.0/toolchain/arm/arm-gnu-toolchain/bin/../lib/gcc/arm-none-eabi/6.3.1/thumb/v7e-m\libgcc.a(_arm_muldivdf3.o)
 .ARM.attributes
                0x000009a7       0x1e c:/program files (x86)/atmel/studio/7.0/toolchain/arm/arm-gnu-toolchain/bin/../lib/gcc/arm-none-eabi/6.3.1/thumb/v7e-m\libgcc.a(_arm_cmpdf2.o)
 .ARM.attributes
                0x000009c5       0x1e c:/program files (x86)/atmel/studio/7.0/toolchain/arm/arm-gnu-toolchain/bin/../lib/gcc/arm-none-eabi/6.3.1/thumb/v7e-m\libgcc.a(_arm_unorddf2.o)
 .ARM.attributes
                0x000009e3       0x1e c:/program files (x86)/atmel/studio/7.0/toolchain/arm/arm-gnu-toolchain/bin/../lib/gcc/arm-none-eabi/6.3.1/thumb/v7e-m\libgcc.a(_arm_fixdfsi.o)
 .ARM.attributes
                0x00000a01       0x1e c:/program files (x86)/atmel/studio/7.0/toolchain/arm/arm-gnu-toolchain/bin/../lib/gcc/arm-none-eabi/6.3.1/thumb/v7e-m/crtn.o

.comment        0x00000000       0x59
 .comment       0x00000000       0x59 src/ASF/common/services/delay/sam/cycle_counter.o
                                 0x5a (size before relaxing)
 .comment       0x00000059       0x5a src/ASF/sam/drivers/pio/pio_handler.o
 .comment       0x00000059       0x5a src/ASF/sam/drivers/usart/usart.o
 .comment       0x00000059       0x5a src/ASF/sam/drivers/wdt/wdt.o
 .comment       0x00000059       0x5a src/timer_interface.o
 .comment       0x00000059       0x5a src/wifi.o
 .comment       0x00000059       0x5a src/ASF/common/services/clock/sam4s/sysclk.o
 .comment       0x00000059       0x5a src/ASF/sam/drivers/pio/pio.o
 .comment       0x00000059       0x5a src/ASF/sam/drivers/pmc/pmc.o
 .comment       0x00000059       0x5a src/ASF/sam/drivers/tc/tc.o
 .comment       0x00000059       0x5a src/ASF/common/boards/user_board/init.o
 .comment       0x00000059       0x5a src/ASF/sam/utils/cmsis/sam4s/source/templates/gcc/startup_sam4s.o
 .comment       0x00000059       0x5a src/ASF/sam/utils/cmsis/sam4s/source/templates/system_sam4s.o
 .comment       0x00000059       0x5a src/ASF/sam/utils/syscalls/gcc/syscalls.o
 .comment       0x00000059       0x5a src/main.o

.debug_info     0x00000000    0x11714
 .debug_info    0x00000000      0xa45 src/ASF/common/services/delay/sam/cycle_counter.o
 .debug_info    0x00000a45     0x17aa src/ASF/sam/drivers/pio/pio_handler.o
 .debug_info    0x000021ef     0x1e90 src/ASF/sam/drivers/usart/usart.o
 .debug_info    0x0000407f      0xbe3 src/ASF/sam/drivers/wdt/wdt.o
 .debug_info    0x00004c62     0x10b3 src/timer_interface.o
 .debug_info    0x00005d15     0x1b6e src/wifi.o
 .debug_info    0x00007883     0x126e src/ASF/common/services/clock/sam4s/sysclk.o
 .debug_info    0x00008af1     0x1d8d src/ASF/sam/drivers/pio/pio.o
 .debug_info    0x0000a87e     0x1a11 src/ASF/sam/drivers/pmc/pmc.o
 .debug_info    0x0000c28f     0x1255 src/ASF/sam/drivers/tc/tc.o
 .debug_info    0x0000d4e4     0x1435 src/ASF/common/boards/user_board/init.o
 .debug_info    0x0000e919      0x6e9 src/ASF/sam/utils/cmsis/sam4s/source/templates/gcc/startup_sam4s.o
 .debug_info    0x0000f002      0x45c src/ASF/sam/utils/cmsis/sam4s/source/templates/system_sam4s.o
 .debug_info    0x0000f45e      0xdbc src/ASF/sam/utils/syscalls/gcc/syscalls.o
 .debug_info    0x0001021a     0x14fa src/main.o

.debug_abbrev   0x00000000     0x24e0
 .debug_abbrev  0x00000000      0x1b3 src/ASF/common/services/delay/sam/cycle_counter.o
 .debug_abbrev  0x000001b3      0x2c9 src/ASF/sam/drivers/pio/pio_handler.o
 .debug_abbrev  0x0000047c      0x2c1 src/ASF/sam/drivers/usart/usart.o
 .debug_abbrev  0x0000073d      0x207 src/ASF/sam/drivers/wdt/wdt.o
 .debug_abbrev  0x00000944      0x298 src/timer_interface.o
 .debug_abbrev  0x00000bdc      0x33f src/wifi.o
 .debug_abbrev  0x00000f1b      0x2aa src/ASF/common/services/clock/sam4s/sysclk.o
 .debug_abbrev  0x000011c5      0x296 src/ASF/sam/drivers/pio/pio.o
 .debug_abbrev  0x0000145b      0x2b8 src/ASF/sam/drivers/pmc/pmc.o
 .debug_abbrev  0x00001713      0x24a src/ASF/sam/drivers/tc/tc.o
 .debug_abbrev  0x0000195d      0x349 src/ASF/common/boards/user_board/init.o
 .debug_abbrev  0x00001ca6      0x17c src/ASF/sam/utils/cmsis/sam4s/source/templates/gcc/startup_sam4s.o
 .debug_abbrev  0x00001e22      0x102 src/ASF/sam/utils/cmsis/sam4s/source/templates/system_sam4s.o
 .debug_abbrev  0x00001f24      0x22a src/ASF/sam/utils/syscalls/gcc/syscalls.o
 .debug_abbrev  0x0000214e      0x392 src/main.o

.debug_aranges  0x00000000      0xa48
 .debug_aranges
                0x00000000       0x20 src/ASF/common/services/delay/sam/cycle_counter.o
 .debug_aranges
                0x00000020       0x70 src/ASF/sam/drivers/pio/pio_handler.o
 .debug_aranges
                0x00000090      0x238 src/ASF/sam/drivers/usart/usart.o
 .debug_aranges
                0x000002c8       0x48 src/ASF/sam/drivers/wdt/wdt.o
 .debug_aranges
                0x00000310       0x48 src/timer_interface.o
 .debug_aranges
                0x00000358       0x98 src/wifi.o
 .debug_aranges
                0x000003f0       0x98 src/ASF/common/services/clock/sam4s/sysclk.o
 .debug_aranges
                0x00000488      0x1a8 src/ASF/sam/drivers/pio/pio.o
 .debug_aranges
                0x00000630      0x208 src/ASF/sam/drivers/pmc/pmc.o
 .debug_aranges
                0x00000838       0xd0 src/ASF/sam/drivers/tc/tc.o
 .debug_aranges
                0x00000908       0x40 src/ASF/common/boards/user_board/init.o
 .debug_aranges
                0x00000948       0x28 src/ASF/sam/utils/cmsis/sam4s/source/templates/gcc/startup_sam4s.o
 .debug_aranges
                0x00000970       0x30 src/ASF/sam/utils/cmsis/sam4s/source/templates/system_sam4s.o
 .debug_aranges
                0x000009a0       0x60 src/ASF/sam/utils/syscalls/gcc/syscalls.o
 .debug_aranges
                0x00000a00       0x48 src/main.o

.debug_ranges   0x00000000      0x9a8
 .debug_ranges  0x00000000       0x10 src/ASF/common/services/delay/sam/cycle_counter.o
 .debug_ranges  0x00000010       0x60 src/ASF/sam/drivers/pio/pio_handler.o
 .debug_ranges  0x00000070      0x228 src/ASF/sam/drivers/usart/usart.o
 .debug_ranges  0x00000298       0x38 src/ASF/sam/drivers/wdt/wdt.o
 .debug_ranges  0x000002d0       0x38 src/timer_interface.o
 .debug_ranges  0x00000308       0xa8 src/wifi.o
 .debug_ranges  0x000003b0       0x88 src/ASF/common/services/clock/sam4s/sysclk.o
 .debug_ranges  0x00000438      0x198 src/ASF/sam/drivers/pio/pio.o
 .debug_ranges  0x000005d0      0x1f8 src/ASF/sam/drivers/pmc/pmc.o
 .debug_ranges  0x000007c8       0xc0 src/ASF/sam/drivers/tc/tc.o
 .debug_ranges  0x00000888       0x48 src/ASF/common/boards/user_board/init.o
 .debug_ranges  0x000008d0       0x18 src/ASF/sam/utils/cmsis/sam4s/source/templates/gcc/startup_sam4s.o
 .debug_ranges  0x000008e8       0x20 src/ASF/sam/utils/cmsis/sam4s/source/templates/system_sam4s.o
 .debug_ranges  0x00000908       0x50 src/ASF/sam/utils/syscalls/gcc/syscalls.o
 .debug_ranges  0x00000958       0x50 src/main.o

.debug_macro    0x00000000    0x12efa
 .debug_macro   0x00000000      0x4ed src/ASF/common/services/delay/sam/cycle_counter.o
 .debug_macro   0x000004ed      0x8c8 src/ASF/common/services/delay/sam/cycle_counter.o
 .debug_macro   0x00000db5      0x16d src/ASF/common/services/delay/sam/cycle_counter.o
 .debug_macro   0x00000f22      0x64b src/ASF/common/services/delay/sam/cycle_counter.o
 .debug_macro   0x0000156d       0x76 src/ASF/common/services/delay/sam/cycle_counter.o
 .debug_macro   0x000015e3       0x16 src/ASF/common/services/delay/sam/cycle_counter.o
 .debug_macro   0x000015f9      0x6e4 src/ASF/common/services/delay/sam/cycle_counter.o
 .debug_macro   0x00001cdd       0x22 src/ASF/common/services/delay/sam/cycle_counter.o
 .debug_macro   0x00001cff       0x87 src/ASF/common/services/delay/sam/cycle_counter.o
 .debug_macro   0x00001d86       0x51 src/ASF/common/services/delay/sam/cycle_counter.o
 .debug_macro   0x00001dd7       0xef src/ASF/common/services/delay/sam/cycle_counter.o
 .debug_macro   0x00001ec6       0x6a src/ASF/common/services/delay/sam/cycle_counter.o
 .debug_macro   0x00001f30      0x1df src/ASF/common/services/delay/sam/cycle_counter.o
 .debug_macro   0x0000210f       0x27 src/ASF/common/services/delay/sam/cycle_counter.o
 .debug_macro   0x00002136       0x3b src/ASF/common/services/delay/sam/cycle_counter.o
 .debug_macro   0x00002171       0x2d src/ASF/common/services/delay/sam/cycle_counter.o
 .debug_macro   0x0000219e       0x26 src/ASF/common/services/delay/sam/cycle_counter.o
 .debug_macro   0x000021c4      0xbbf src/ASF/common/services/delay/sam/cycle_counter.o
 .debug_macro   0x00002d83      0x159 src/ASF/common/services/delay/sam/cycle_counter.o
 .debug_macro   0x00002edc      0xaaf src/ASF/common/services/delay/sam/cycle_counter.o
 .debug_macro   0x0000398b      0x1b9 src/ASF/common/services/delay/sam/cycle_counter.o
 .debug_macro   0x00003b44       0xac src/ASF/common/services/delay/sam/cycle_counter.o
 .debug_macro   0x00003bf0      0x401 src/ASF/common/services/delay/sam/cycle_counter.o
 .debug_macro   0x00003ff1      0x106 src/ASF/common/services/delay/sam/cycle_counter.o
 .debug_macro   0x000040f7       0x1c src/ASF/common/services/delay/sam/cycle_counter.o
 .debug_macro   0x00004113      0x738 src/ASF/common/services/delay/sam/cycle_counter.o
 .debug_macro   0x0000484b      0x2d2 src/ASF/common/services/delay/sam/cycle_counter.o
 .debug_macro   0x00004b1d       0xbe src/ASF/common/services/delay/sam/cycle_counter.o
 .debug_macro   0x00004bdb     0x280b src/ASF/common/services/delay/sam/cycle_counter.o
 .debug_macro   0x000073e6      0x777 src/ASF/common/services/delay/sam/cycle_counter.o
 .debug_macro   0x00007b5d      0xa8e src/ASF/common/services/delay/sam/cycle_counter.o
 .debug_macro   0x000085eb       0x9a src/ASF/common/services/delay/sam/cycle_counter.o
 .debug_macro   0x00008685      0x3d8 src/ASF/common/services/delay/sam/cycle_counter.o
 .debug_macro   0x00008a5d       0x64 src/ASF/common/services/delay/sam/cycle_counter.o
 .debug_macro   0x00008ac1      0x386 src/ASF/common/services/delay/sam/cycle_counter.o
 .debug_macro   0x00008e47      0x624 src/ASF/common/services/delay/sam/cycle_counter.o
 .debug_macro   0x0000946b      0x690 src/ASF/common/services/delay/sam/cycle_counter.o
 .debug_macro   0x00009afb      0x59f src/ASF/common/services/delay/sam/cycle_counter.o
 .debug_macro   0x0000a09a      0x34d src/ASF/common/services/delay/sam/cycle_counter.o
 .debug_macro   0x0000a3e7      0x28c src/ASF/common/services/delay/sam/cycle_counter.o
 .debug_macro   0x0000a673      0x2d6 src/ASF/common/services/delay/sam/cycle_counter.o
 .debug_macro   0x0000a949      0x6d9 src/ASF/common/services/delay/sam/cycle_counter.o
 .debug_macro   0x0000b022       0x76 src/ASF/common/services/delay/sam/cycle_counter.o
 .debug_macro   0x0000b098       0xb8 src/ASF/common/services/delay/sam/cycle_counter.o
 .debug_macro   0x0000b150       0xb2 src/ASF/common/services/delay/sam/cycle_counter.o
 .debug_macro   0x0000b202       0x88 src/ASF/common/services/delay/sam/cycle_counter.o
 .debug_macro   0x0000b28a      0x105 src/ASF/common/services/delay/sam/cycle_counter.o
 .debug_macro   0x0000b38f       0x88 src/ASF/common/services/delay/sam/cycle_counter.o
 .debug_macro   0x0000b417       0x88 src/ASF/common/services/delay/sam/cycle_counter.o
 .debug_macro   0x0000b49f      0x2cd src/ASF/common/services/delay/sam/cycle_counter.o
 .debug_macro   0x0000b76c       0xb2 src/ASF/common/services/delay/sam/cycle_counter.o
 .debug_macro   0x0000b81e       0xb2 src/ASF/common/services/delay/sam/cycle_counter.o
 .debug_macro   0x0000b8d0       0x52 src/ASF/common/services/delay/sam/cycle_counter.o
 .debug_macro   0x0000b922       0xac src/ASF/common/services/delay/sam/cycle_counter.o
 .debug_macro   0x0000b9ce       0x7c src/ASF/common/services/delay/sam/cycle_counter.o
 .debug_macro   0x0000ba4a       0x40 src/ASF/common/services/delay/sam/cycle_counter.o
 .debug_macro   0x0000ba8a       0x64 src/ASF/common/services/delay/sam/cycle_counter.o
 .debug_macro   0x0000baee       0x4c src/ASF/common/services/delay/sam/cycle_counter.o
 .debug_macro   0x0000bb3a       0xa6 src/ASF/common/services/delay/sam/cycle_counter.o
 .debug_macro   0x0000bbe0       0x7c src/ASF/common/services/delay/sam/cycle_counter.o
 .debug_macro   0x0000bc5c       0x16 src/ASF/common/services/delay/sam/cycle_counter.o
 .debug_macro   0x0000bc72       0x7c src/ASF/common/services/delay/sam/cycle_counter.o
 .debug_macro   0x0000bcee       0x22 src/ASF/common/services/delay/sam/cycle_counter.o
 .debug_macro   0x0000bd10      0x195 src/ASF/common/services/delay/sam/cycle_counter.o
 .debug_macro   0x0000bea5      0x165 src/ASF/common/services/delay/sam/cycle_counter.o
 .debug_macro   0x0000c00a       0x1c src/ASF/common/services/delay/sam/cycle_counter.o
 .debug_macro   0x0000c026       0x2e src/ASF/common/services/delay/sam/cycle_counter.o
 .debug_macro   0x0000c054       0x22 src/ASF/common/services/delay/sam/cycle_counter.o
 .debug_macro   0x0000c076       0x1c src/ASF/common/services/delay/sam/cycle_counter.o
 .debug_macro   0x0000c092       0x52 src/ASF/common/services/delay/sam/cycle_counter.o
 .debug_macro   0x0000c0e4       0x10 src/ASF/common/services/delay/sam/cycle_counter.o
 .debug_macro   0x0000c0f4      0x1e7 src/ASF/common/services/delay/sam/cycle_counter.o
 .debug_macro   0x0000c2db      0x60e src/ASF/common/services/delay/sam/cycle_counter.o
 .debug_macro   0x0000c8e9      0x107 src/ASF/common/services/delay/sam/cycle_counter.o
 .debug_macro   0x0000c9f0       0x58 src/ASF/common/services/delay/sam/cycle_counter.o
 .debug_macro   0x0000ca48       0x35 src/ASF/common/services/delay/sam/cycle_counter.o
 .debug_macro   0x0000ca7d       0x9c src/ASF/common/services/delay/sam/cycle_counter.o
 .debug_macro   0x0000cb19       0x16 src/ASF/common/services/delay/sam/cycle_counter.o
 .debug_macro   0x0000cb2f       0x35 src/ASF/common/services/delay/sam/cycle_counter.o
 .debug_macro   0x0000cb64      0x353 src/ASF/common/services/delay/sam/cycle_counter.o
 .debug_macro   0x0000ceb7       0x10 src/ASF/common/services/delay/sam/cycle_counter.o
 .debug_macro   0x0000cec7       0x58 src/ASF/common/services/delay/sam/cycle_counter.o
 .debug_macro   0x0000cf1f       0x1f src/ASF/common/services/delay/sam/cycle_counter.o
 .debug_macro   0x0000cf3e       0x43 src/ASF/common/services/delay/sam/cycle_counter.o
 .debug_macro   0x0000cf81       0x20 src/ASF/common/services/delay/sam/cycle_counter.o
 .debug_macro   0x0000cfa1      0x187 src/ASF/common/services/delay/sam/cycle_counter.o
 .debug_macro   0x0000d128       0x10 src/ASF/common/services/delay/sam/cycle_counter.o
 .debug_macro   0x0000d138       0x1c src/ASF/common/services/delay/sam/cycle_counter.o
 .debug_macro   0x0000d154       0x52 src/ASF/common/services/delay/sam/cycle_counter.o
 .debug_macro   0x0000d1a6       0x40 src/ASF/common/services/delay/sam/cycle_counter.o
 .debug_macro   0x0000d1e6       0x10 src/ASF/common/services/delay/sam/cycle_counter.o
 .debug_macro   0x0000d1f6       0x40 src/ASF/common/services/delay/sam/cycle_counter.o
 .debug_macro   0x0000d236       0xd7 src/ASF/common/services/delay/sam/cycle_counter.o
 .debug_macro   0x0000d30d       0x16 src/ASF/common/services/delay/sam/cycle_counter.o
 .debug_macro   0x0000d323      0x18b src/ASF/common/services/delay/sam/cycle_counter.o
 .debug_macro   0x0000d4ae       0x22 src/ASF/common/services/delay/sam/cycle_counter.o
 .debug_macro   0x0000d4d0       0x16 src/ASF/common/services/delay/sam/cycle_counter.o
 .debug_macro   0x0000d4e6       0x16 src/ASF/common/services/delay/sam/cycle_counter.o
 .debug_macro   0x0000d4fc       0x29 src/ASF/common/services/delay/sam/cycle_counter.o
 .debug_macro   0x0000d525       0x75 src/ASF/common/services/delay/sam/cycle_counter.o
 .debug_macro   0x0000d59a       0x3f src/ASF/common/services/delay/sam/cycle_counter.o
 .debug_macro   0x0000d5d9      0x3ca src/ASF/common/services/delay/sam/cycle_counter.o
 .debug_macro   0x0000d9a3       0x22 src/ASF/common/services/delay/sam/cycle_counter.o
 .debug_macro   0x0000d9c5      0x4fd src/ASF/sam/drivers/pio/pio_handler.o
 .debug_macro   0x0000dec2       0x8e src/ASF/sam/drivers/pio/pio_handler.o
 .debug_macro   0x0000df50      0x523 src/ASF/sam/drivers/usart/usart.o
 .debug_macro   0x0000e473       0x28 src/ASF/sam/drivers/usart/usart.o
 .debug_macro   0x0000e49b      0x500 src/ASF/sam/drivers/wdt/wdt.o
 .debug_macro   0x0000e99b      0x650 src/timer_interface.o
 .debug_macro   0x0000efeb       0x58 src/timer_interface.o
 .debug_macro   0x0000f043       0x46 src/timer_interface.o
 .debug_macro   0x0000f089      0x2c6 src/timer_interface.o
 .debug_macro   0x0000f34f       0x58 src/timer_interface.o
 .debug_macro   0x0000f3a7       0x82 src/timer_interface.o
 .debug_macro   0x0000f429       0x46 src/timer_interface.o
 .debug_macro   0x0000f46f       0x90 src/timer_interface.o
 .debug_macro   0x0000f4ff       0x28 src/timer_interface.o
 .debug_macro   0x0000f527       0x23 src/timer_interface.o
 .debug_macro   0x0000f54a       0x94 src/timer_interface.o
 .debug_macro   0x0000f5de       0x40 src/timer_interface.o
 .debug_macro   0x0000f61e       0x88 src/timer_interface.o
 .debug_macro   0x0000f6a6       0x34 src/timer_interface.o
 .debug_macro   0x0000f6da       0x1c src/timer_interface.o
 .debug_macro   0x0000f6f6       0x2e src/timer_interface.o
 .debug_macro   0x0000f724       0x10 src/timer_interface.o
 .debug_macro   0x0000f734       0x16 src/timer_interface.o
 .debug_macro   0x0000f74a      0x650 src/wifi.o
 .debug_macro   0x0000fd9a       0xfa src/wifi.o
 .debug_macro   0x0000fe94      0x558 src/ASF/common/services/clock/sam4s/sysclk.o
 .debug_macro   0x000103ec      0x2c0 src/ASF/common/services/clock/sam4s/sysclk.o
 .debug_macro   0x000106ac      0x4f3 src/ASF/sam/drivers/pio/pio.o
 .debug_macro   0x00010b9f      0x4f3 src/ASF/sam/drivers/pmc/pmc.o
 .debug_macro   0x00011092       0x52 src/ASF/sam/drivers/pmc/pmc.o
 .debug_macro   0x000110e4      0x4f4 src/ASF/sam/drivers/tc/tc.o
 .debug_macro   0x000115d8       0x52 src/ASF/sam/drivers/tc/tc.o
 .debug_macro   0x0001162a       0x8d src/ASF/sam/drivers/tc/tc.o
 .debug_macro   0x000116b7       0x16 src/ASF/sam/drivers/tc/tc.o
 .debug_macro   0x000116cd       0x57 src/ASF/sam/drivers/tc/tc.o
 .debug_macro   0x00011724       0x1c src/ASF/sam/drivers/tc/tc.o
 .debug_macro   0x00011740      0x64f src/ASF/common/boards/user_board/init.o
 .debug_macro   0x00011d8f      0x2df src/ASF/sam/utils/cmsis/sam4s/source/templates/gcc/startup_sam4s.o
 .debug_macro   0x0001206e      0x2e7 src/ASF/sam/utils/cmsis/sam4s/source/templates/system_sam4s.o
 .debug_macro   0x00012355      0x1d6 src/ASF/sam/utils/syscalls/gcc/syscalls.o
 .debug_macro   0x0001252b       0x97 src/ASF/sam/utils/syscalls/gcc/syscalls.o
 .debug_macro   0x000125c2       0xf6 src/ASF/sam/utils/syscalls/gcc/syscalls.o
 .debug_macro   0x000126b8       0x4c src/ASF/sam/utils/syscalls/gcc/syscalls.o
 .debug_macro   0x00012704       0x16 src/ASF/sam/utils/syscalls/gcc/syscalls.o
 .debug_macro   0x0001271a       0x10 src/ASF/sam/utils/syscalls/gcc/syscalls.o
 .debug_macro   0x0001272a       0x10 src/ASF/sam/utils/syscalls/gcc/syscalls.o
 .debug_macro   0x0001273a       0x35 src/ASF/sam/utils/syscalls/gcc/syscalls.o
 .debug_macro   0x0001276f      0x122 src/ASF/sam/utils/syscalls/gcc/syscalls.o
 .debug_macro   0x00012891      0x659 src/main.o
 .debug_macro   0x00012eea       0x10 src/main.o

.debug_line     0x00000000     0xb7c8
 .debug_line    0x00000000      0xa2e src/ASF/common/services/delay/sam/cycle_counter.o
 .debug_line    0x00000a2e      0xb2f src/ASF/sam/drivers/pio/pio_handler.o
 .debug_line    0x0000155d      0xffe src/ASF/sam/drivers/usart/usart.o
 .debug_line    0x0000255b      0xa7b src/ASF/sam/drivers/wdt/wdt.o
 .debug_line    0x00002fd6      0xeb7 src/timer_interface.o
 .debug_line    0x00003e8d      0xfea src/wifi.o
 .debug_line    0x00004e77      0xca8 src/ASF/common/services/clock/sam4s/sysclk.o
 .debug_line    0x00005b1f      0xe47 src/ASF/sam/drivers/pio/pio.o
 .debug_line    0x00006966     0x1030 src/ASF/sam/drivers/pmc/pmc.o
 .debug_line    0x00007996      0xbcd src/ASF/sam/drivers/tc/tc.o
 .debug_line    0x00008563      0xed5 src/ASF/common/boards/user_board/init.o
 .debug_line    0x00009438      0x819 src/ASF/sam/utils/cmsis/sam4s/source/templates/gcc/startup_sam4s.o
 .debug_line    0x00009c51      0x858 src/ASF/sam/utils/cmsis/sam4s/source/templates/system_sam4s.o
 .debug_line    0x0000a4a9      0x417 src/ASF/sam/utils/syscalls/gcc/syscalls.o
 .debug_line    0x0000a8c0      0xf08 src/main.o

.debug_str      0x00000000    0x4cba0
 .debug_str     0x00000000    0x47217 src/ASF/common/services/delay/sam/cycle_counter.o
                              0x475ec (size before relaxing)
 .debug_str     0x00047217      0xa9a src/ASF/sam/drivers/pio/pio_handler.o
                              0x47f7c (size before relaxing)
 .debug_str     0x00047cb1      0x9e9 src/ASF/sam/drivers/usart/usart.o
                              0x47e71 (size before relaxing)
 .debug_str     0x0004869a      0x13d src/ASF/sam/drivers/wdt/wdt.o
                              0x47573 (size before relaxing)
 .debug_str     0x000487d7     0x1dba src/timer_interface.o
                              0x49a11 (size before relaxing)
 .debug_str     0x0004a591      0x884 src/wifi.o
                              0x4a645 (size before relaxing)
 .debug_str     0x0004ae15      0x3ae src/ASF/common/services/clock/sam4s/sysclk.o
                              0x48cd4 (size before relaxing)
 .debug_str     0x0004b1c3      0x446 src/ASF/sam/drivers/pio/pio.o
                              0x4808c (size before relaxing)
 .debug_str     0x0004b609      0x57b src/ASF/sam/drivers/pmc/pmc.o
                              0x47eea (size before relaxing)
 .debug_str     0x0004bb84      0x25b src/ASF/sam/drivers/tc/tc.o
                              0x477d7 (size before relaxing)
 .debug_str     0x0004bddf      0x150 src/ASF/common/boards/user_board/init.o
                              0x4a080 (size before relaxing)
 .debug_str     0x0004bf2f      0x428 src/ASF/sam/utils/cmsis/sam4s/source/templates/gcc/startup_sam4s.o
                              0x37ec1 (size before relaxing)
 .debug_str     0x0004c357       0xb9 src/ASF/sam/utils/cmsis/sam4s/source/templates/system_sam4s.o
                              0x37c60 (size before relaxing)
 .debug_str     0x0004c410      0x768 src/ASF/sam/utils/syscalls/gcc/syscalls.o
                               0x740d (size before relaxing)
 .debug_str     0x0004cb78       0x28 src/main.o
                              0x4a16f (size before relaxing)

.debug_frame    0x00000000     0x389c
 .debug_frame   0x00000000       0x20 src/ASF/common/services/delay/sam/cycle_counter.o
 .debug_frame   0x00000020      0x1a4 src/ASF/sam/drivers/pio/pio_handler.o
 .debug_frame   0x000001c4      0xa7c src/ASF/sam/drivers/usart/usart.o
 .debug_frame   0x00000c40      0x100 src/ASF/sam/drivers/wdt/wdt.o
 .debug_frame   0x00000d40       0xe4 src/timer_interface.o
 .debug_frame   0x00000e24      0x25c src/wifi.o
 .debug_frame   0x00001080      0x244 src/ASF/common/services/clock/sam4s/sysclk.o
 .debug_frame   0x000012c4      0x7c0 src/ASF/sam/drivers/pio/pio.o
 .debug_frame   0x00001a84      0x920 src/ASF/sam/drivers/pmc/pmc.o
 .debug_frame   0x000023a4      0x3a8 src/ASF/sam/drivers/tc/tc.o
 .debug_frame   0x0000274c       0xbc src/ASF/common/boards/user_board/init.o
 .debug_frame   0x00002808       0x48 src/ASF/sam/utils/cmsis/sam4s/source/templates/gcc/startup_sam4s.o
 .debug_frame   0x00002850       0x78 src/ASF/sam/utils/cmsis/sam4s/source/templates/system_sam4s.o
 .debug_frame   0x000028c8      0x164 src/ASF/sam/utils/syscalls/gcc/syscalls.o
 .debug_frame   0x00002a2c       0xec src/main.o
 .debug_frame   0x00002b18       0x2c c:/program files (x86)/atmel/studio/7.0/toolchain/arm/arm-gnu-toolchain/bin/../lib/gcc/arm-none-eabi/6.3.1/thumb/v7e-m\libgcc.a(_aeabi_uldivmod.o)
 .debug_frame   0x00002b44       0x34 c:/program files (x86)/atmel/studio/7.0/toolchain/arm/arm-gnu-toolchain/bin/../lib/gcc/arm-none-eabi/6.3.1/thumb/v7e-m\libgcc.a(_udivmoddi4.o)
 .debug_frame   0x00002b78       0x2c c:/program files (x86)/atmel/studio/7.0/toolchain/arm/arm-gnu-toolchain/bin/../lib/gcc/arm-none-eabi/6.3.1/../../../../arm-none-eabi/lib/thumb/v7e-m\libc.a(lib_a-init.o)
 .debug_frame   0x00002ba4       0x34 c:/program files (x86)/atmel/studio/7.0/toolchain/arm/arm-gnu-toolchain/bin/../lib/gcc/arm-none-eabi/6.3.1/../../../../arm-none-eabi/lib/thumb/v7e-m\libc.a(lib_a-memset.o)
 .debug_frame   0x00002bd8       0x84 c:/program files (x86)/atmel/studio/7.0/toolchain/arm/arm-gnu-toolchain/bin/../lib/gcc/arm-none-eabi/6.3.1/../../../../arm-none-eabi/lib/thumb/v7e-m\libc.a(lib_a-sprintf.o)
 .debug_frame   0x00002c5c       0x34 c:/program files (x86)/atmel/studio/7.0/toolchain/arm/arm-gnu-toolchain/bin/../lib/gcc/arm-none-eabi/6.3.1/../../../../arm-none-eabi/lib/thumb/v7e-m\libc.a(lib_a-strncpy.o)
 .debug_frame   0x00002c90       0xd8 c:/program files (x86)/atmel/studio/7.0/toolchain/arm/arm-gnu-toolchain/bin/../lib/gcc/arm-none-eabi/6.3.1/../../../../arm-none-eabi/lib/thumb/v7e-m\libc.a(lib_a-strstr.o)
 .debug_frame   0x00002d68       0x40 c:/program files (x86)/atmel/studio/7.0/toolchain/arm/arm-gnu-toolchain/bin/../lib/gcc/arm-none-eabi/6.3.1/../../../../arm-none-eabi/lib/thumb/v7e-m\libc.a(lib_a-svfprintf.o)
 .debug_frame   0x00002da8       0x5c c:/program files (x86)/atmel/studio/7.0/toolchain/arm/arm-gnu-toolchain/bin/../lib/gcc/arm-none-eabi/6.3.1/../../../../arm-none-eabi/lib/thumb/v7e-m\libc.a(lib_a-__call_atexit.o)
 .debug_frame   0x00002e04       0x20 c:/program files (x86)/atmel/studio/7.0/toolchain/arm/arm-gnu-toolchain/bin/../lib/gcc/arm-none-eabi/6.3.1/../../../../arm-none-eabi/lib/thumb/v7e-m\libc.a(lib_a-atexit.o)
 .debug_frame   0x00002e24       0x88 c:/program files (x86)/atmel/studio/7.0/toolchain/arm/arm-gnu-toolchain/bin/../lib/gcc/arm-none-eabi/6.3.1/../../../../arm-none-eabi/lib/thumb/v7e-m\libc.a(lib_a-dtoa.o)
 .debug_frame   0x00002eac       0x34 c:/program files (x86)/atmel/studio/7.0/toolchain/arm/arm-gnu-toolchain/bin/../lib/gcc/arm-none-eabi/6.3.1/../../../../arm-none-eabi/lib/thumb/v7e-m\libc.a(lib_a-fini.o)
 .debug_frame   0x00002ee0       0x40 c:/program files (x86)/atmel/studio/7.0/toolchain/arm/arm-gnu-toolchain/bin/../lib/gcc/arm-none-eabi/6.3.1/../../../../arm-none-eabi/lib/thumb/v7e-m\libc.a(lib_a-localeconv.o)
 .debug_frame   0x00002f20       0xb0 c:/program files (x86)/atmel/studio/7.0/toolchain/arm/arm-gnu-toolchain/bin/../lib/gcc/arm-none-eabi/6.3.1/../../../../arm-none-eabi/lib/thumb/v7e-m\libc.a(lib_a-lock.o)
 .debug_frame   0x00002fd0       0x58 c:/program files (x86)/atmel/studio/7.0/toolchain/arm/arm-gnu-toolchain/bin/../lib/gcc/arm-none-eabi/6.3.1/../../../../arm-none-eabi/lib/thumb/v7e-m\libc.a(lib_a-mallocr.o)
 .debug_frame   0x00003028       0x3c c:/program files (x86)/atmel/studio/7.0/toolchain/arm/arm-gnu-toolchain/bin/../lib/gcc/arm-none-eabi/6.3.1/../../../../arm-none-eabi/lib/thumb/v7e-m\libc.a(lib_a-memcmp.o)
 .debug_frame   0x00003064       0x30 c:/program files (x86)/atmel/studio/7.0/toolchain/arm/arm-gnu-toolchain/bin/../lib/gcc/arm-none-eabi/6.3.1/../../../../arm-none-eabi/lib/thumb/v7e-m\libc.a(lib_a-mlock.o)
 .debug_frame   0x00003094      0x25c c:/program files (x86)/atmel/studio/7.0/toolchain/arm/arm-gnu-toolchain/bin/../lib/gcc/arm-none-eabi/6.3.1/../../../../arm-none-eabi/lib/thumb/v7e-m\libc.a(lib_a-mprec.o)
 .debug_frame   0x000032f0       0x2c c:/program files (x86)/atmel/studio/7.0/toolchain/arm/arm-gnu-toolchain/bin/../lib/gcc/arm-none-eabi/6.3.1/../../../../arm-none-eabi/lib/thumb/v7e-m\libc.a(lib_a-sbrkr.o)
 .debug_frame   0x0000331c       0x50 c:/program files (x86)/atmel/studio/7.0/toolchain/arm/arm-gnu-toolchain/bin/../lib/gcc/arm-none-eabi/6.3.1/../../../../arm-none-eabi/lib/thumb/v7e-m\libc.a(lib_a-strchr.o)
 .debug_frame   0x0000336c       0x78 c:/program files (x86)/atmel/studio/7.0/toolchain/arm/arm-gnu-toolchain/bin/../lib/gcc/arm-none-eabi/6.3.1/../../../../arm-none-eabi/lib/thumb/v7e-m\libc.a(lib_a-svfiprintf.o)
 .debug_frame   0x000033e4       0x34 c:/program files (x86)/atmel/studio/7.0/toolchain/arm/arm-gnu-toolchain/bin/../lib/gcc/arm-none-eabi/6.3.1/../../../../arm-none-eabi/lib/thumb/v7e-m\libc.a(lib_a-__atexit.o)
 .debug_frame   0x00003418       0x28 c:/program files (x86)/atmel/studio/7.0/toolchain/arm/arm-gnu-toolchain/bin/../lib/gcc/arm-none-eabi/6.3.1/../../../../arm-none-eabi/lib/thumb/v7e-m\libc.a(lib_a-callocr.o)
 .debug_frame   0x00003440       0x74 c:/program files (x86)/atmel/studio/7.0/toolchain/arm/arm-gnu-toolchain/bin/../lib/gcc/arm-none-eabi/6.3.1/../../../../arm-none-eabi/lib/thumb/v7e-m\libc.a(lib_a-freer.o)
 .debug_frame   0x000034b4       0x6c c:/program files (x86)/atmel/studio/7.0/toolchain/arm/arm-gnu-toolchain/bin/../lib/gcc/arm-none-eabi/6.3.1/../../../../arm-none-eabi/lib/thumb/v7e-m\libc.a(lib_a-locale.o)
 .debug_frame   0x00003520       0x4c c:/program files (x86)/atmel/studio/7.0/toolchain/arm/arm-gnu-toolchain/bin/../lib/gcc/arm-none-eabi/6.3.1/../../../../arm-none-eabi/lib/thumb/v7e-m\libc.a(lib_a-mbtowc_r.o)
 .debug_frame   0x0000356c       0x30 c:/program files (x86)/atmel/studio/7.0/toolchain/arm/arm-gnu-toolchain/bin/../lib/gcc/arm-none-eabi/6.3.1/../../../../arm-none-eabi/lib/thumb/v7e-m\libc.a(lib_a-memmove.o)
 .debug_frame   0x0000359c       0x68 c:/program files (x86)/atmel/studio/7.0/toolchain/arm/arm-gnu-toolchain/bin/../lib/gcc/arm-none-eabi/6.3.1/../../../../arm-none-eabi/lib/thumb/v7e-m\libc.a(lib_a-reallocr.o)
 .debug_frame   0x00003604       0x58 c:/program files (x86)/atmel/studio/7.0/toolchain/arm/arm-gnu-toolchain/bin/../lib/gcc/arm-none-eabi/6.3.1/../../../../arm-none-eabi/lib/thumb/v7e-m\libc.a(lib_a-reent.o)
 .debug_frame   0x0000365c       0x3c c:/program files (x86)/atmel/studio/7.0/toolchain/arm/arm-gnu-toolchain/bin/../lib/gcc/arm-none-eabi/6.3.1/../../../../arm-none-eabi/lib/thumb/v7e-m\libc.a(lib_a-wctomb_r.o)
 .debug_frame   0x00003698       0xac c:/program files (x86)/atmel/studio/7.0/toolchain/arm/arm-gnu-toolchain/bin/../lib/gcc/arm-none-eabi/6.3.1/thumb/v7e-m\libgcc.a(_arm_addsubdf3.o)
 .debug_frame   0x00003744       0x50 c:/program files (x86)/atmel/studio/7.0/toolchain/arm/arm-gnu-toolchain/bin/../lib/gcc/arm-none-eabi/6.3.1/thumb/v7e-m\libgcc.a(_arm_muldivdf3.o)
 .debug_frame   0x00003794       0xc4 c:/program files (x86)/atmel/studio/7.0/toolchain/arm/arm-gnu-toolchain/bin/../lib/gcc/arm-none-eabi/6.3.1/thumb/v7e-m\libgcc.a(_arm_cmpdf2.o)
 .debug_frame   0x00003858       0x20 c:/program files (x86)/atmel/studio/7.0/toolchain/arm/arm-gnu-toolchain/bin/../lib/gcc/arm-none-eabi/6.3.1/thumb/v7e-m\libgcc.a(_arm_unorddf2.o)
 .debug_frame   0x00003878       0x24 c:/program files (x86)/atmel/studio/7.0/toolchain/arm/arm-gnu-toolchain/bin/../lib/gcc/arm-none-eabi/6.3.1/thumb/v7e-m\libgcc.a(_arm_fixdfsi.o)

.debug_loc      0x00000000     0x5dbe
 .debug_loc     0x00000000      0x364 src/ASF/sam/drivers/pio/pio_handler.o
 .debug_loc     0x00000364     0x17d4 src/ASF/sam/drivers/usart/usart.o
 .debug_loc     0x00001b38      0x228 src/ASF/sam/drivers/wdt/wdt.o
 .debug_loc     0x00001d60      0x1b0 src/timer_interface.o
 .debug_loc     0x00001f10      0x4a2 src/wifi.o
 .debug_loc     0x000023b2      0x4a0 src/ASF/common/services/clock/sam4s/sysclk.o
 .debug_loc     0x00002852     0x1174 src/ASF/sam/drivers/pio/pio.o
 .debug_loc     0x000039c6     0x1468 src/ASF/sam/drivers/pmc/pmc.o
 .debug_loc     0x00004e2e      0x844 src/ASF/sam/drivers/tc/tc.o
 .debug_loc     0x00005672      0x160 src/ASF/common/boards/user_board/init.o
 .debug_loc     0x000057d2       0x64 src/ASF/sam/utils/cmsis/sam4s/source/templates/gcc/startup_sam4s.o
 .debug_loc     0x00005836       0xe4 src/ASF/sam/utils/cmsis/sam4s/source/templates/system_sam4s.o
 .debug_loc     0x0000591a      0x300 src/ASF/sam/utils/syscalls/gcc/syscalls.o
 .debug_loc     0x00005c1a      0x1a4 src/main.o

Cross Reference Table

Symbol                                            File
ACC_Handler                                       src/ASF/sam/utils/cmsis/sam4s/source/templates/gcc/startup_sam4s.o
ADC_Handler                                       src/ASF/sam/utils/cmsis/sam4s/source/templates/gcc/startup_sam4s.o
BusFault_Handler                                  src/ASF/sam/utils/cmsis/sam4s/source/templates/gcc/startup_sam4s.o
CRCCU_Handler                                     src/ASF/sam/utils/cmsis/sam4s/source/templates/gcc/startup_sam4s.o
DACC_Handler                                      src/ASF/sam/utils/cmsis/sam4s/source/templates/gcc/startup_sam4s.o
DebugMon_Handler                                  src/ASF/sam/utils/cmsis/sam4s/source/templates/gcc/startup_sam4s.o
Dummy_Handler                                     src/ASF/sam/utils/cmsis/sam4s/source/templates/gcc/startup_sam4s.o
EFC0_Handler                                      src/ASF/sam/utils/cmsis/sam4s/source/templates/gcc/startup_sam4s.o
HSMCI_Handler                                     src/ASF/sam/utils/cmsis/sam4s/source/templates/gcc/startup_sam4s.o
HardFault_Handler                                 src/ASF/sam/utils/cmsis/sam4s/source/templates/gcc/startup_sam4s.o
MemManage_Handler                                 src/ASF/sam/utils/cmsis/sam4s/source/templates/gcc/startup_sam4s.o
NMI_Handler                                       src/ASF/sam/utils/cmsis/sam4s/source/templates/gcc/startup_sam4s.o
PIOA_Handler                                      src/ASF/sam/drivers/pio/pio_handler.o
PIOB_Handler                                      src/ASF/sam/drivers/pio/pio_handler.o
PMC_Handler                                       src/ASF/sam/utils/cmsis/sam4s/source/templates/gcc/startup_sam4s.o
PWM_Handler                                       src/ASF/sam/utils/cmsis/sam4s/source/templates/gcc/startup_sam4s.o
PendSV_Handler                                    src/ASF/sam/utils/cmsis/sam4s/source/templates/gcc/startup_sam4s.o
RSTC_Handler                                      src/ASF/sam/utils/cmsis/sam4s/source/templates/gcc/startup_sam4s.o
RTC_Handler                                       src/ASF/sam/utils/cmsis/sam4s/source/templates/gcc/startup_sam4s.o
RTT_Handler                                       src/ASF/sam/utils/cmsis/sam4s/source/templates/gcc/startup_sam4s.o
Reset_Handler                                     src/ASF/sam/utils/cmsis/sam4s/source/templates/gcc/startup_sam4s.o
SPI_Handler                                       src/ASF/sam/utils/cmsis/sam4s/source/templates/gcc/startup_sam4s.o
SSC_Handler                                       src/ASF/sam/utils/cmsis/sam4s/source/templates/gcc/startup_sam4s.o
SUPC_Handler                                      src/ASF/sam/utils/cmsis/sam4s/source/templates/gcc/startup_sam4s.o
SVC_Handler                                       src/ASF/sam/utils/cmsis/sam4s/source/templates/gcc/startup_sam4s.o
SysTick_Handler                                   src/ASF/sam/utils/cmsis/sam4s/source/templates/gcc/startup_sam4s.o