Archive member included to satisfy reference by file (symbol)

c:/program files (x86)/atmel/studio/7.0/toolchain/arm/arm-gnu-toolchain/bin/../lib/gcc/arm-none-eabi/6.3.1/../../../../arm-none-eabi/lib/thumb/v7e-m\libc.a(lib_a-exit.o)
                              c:/program files (x86)/atmel/studio/7.0/toolchain/arm/arm-gnu-toolchain/bin/../lib/gcc/arm-none-eabi/6.3.1/../../../../arm-none-eabi/lib/thumb/v7e-m/crt0.o (exit)
c:/program files (x86)/atmel/studio/7.0/toolchain/arm/arm-gnu-toolchain/bin/../lib/gcc/arm-none-eabi/6.3.1/../../../../arm-none-eabi/lib/thumb/v7e-m\libc.a(lib_a-impure.o)
                              c:/program files (x86)/atmel/studio/7.0/toolchain/arm/arm-gnu-toolchain/bin/../lib/gcc/arm-none-eabi/6.3.1/../../../../arm-none-eabi/lib/thumb/v7e-m\libc.a(lib_a-exit.o) (_global_impure_ptr)
c:/program files (x86)/atmel/studio/7.0/toolchain/arm/arm-gnu-toolchain/bin/../lib/gcc/arm-none-eabi/6.3.1/../../../../arm-none-eabi/lib/thumb/v7e-m\libc.a(lib_a-init.o)
                              c:/program files (x86)/atmel/studio/7.0/toolchain/arm/arm-gnu-toolchain/bin/../lib/gcc/arm-none-eabi/6.3.1/../../../../arm-none-eabi/lib/thumb/v7e-m/crt0.o (__libc_init_array)
c:/program files (x86)/atmel/studio/7.0/toolchain/arm/arm-gnu-toolchain/bin/../lib/gcc/arm-none-eabi/6.3.1/../../../../arm-none-eabi/lib/thumb/v7e-m\libc.a(lib_a-memset.o)
                              c:/program files (x86)/atmel/studio/7.0/toolchain/arm/arm-gnu-toolchain/bin/../lib/gcc/arm-none-eabi/6.3.1/../../../../arm-none-eabi/lib/thumb/v7e-m/crt0.o (memset)
c:/program files (x86)/atmel/studio/7.0/toolchain/arm/arm-gnu-toolchain/bin/../lib/gcc/arm-none-eabi/6.3.1/../../../../arm-none-eabi/lib/thumb/v7e-m\libc.a(lib_a-__call_atexit.o)
                              c:/program files (x86)/atmel/studio/7.0/toolchain/arm/arm-gnu-toolchain/bin/../lib/gcc/arm-none-eabi/6.3.1/../../../../arm-none-eabi/lib/thumb/v7e-m\libc.a(lib_a-exit.o) (__call_exitprocs)
c:/program files (x86)/atmel/studio/7.0/toolchain/arm/arm-gnu-toolchain/bin/../lib/gcc/arm-none-eabi/6.3.1/../../../../arm-none-eabi/lib/thumb/v7e-m\libc.a(lib_a-atexit.o)
                              c:/program files (x86)/atmel/studio/7.0/toolchain/arm/arm-gnu-toolchain/bin/../lib/gcc/arm-none-eabi/6.3.1/../../../../arm-none-eabi/lib/thumb/v7e-m\libc.a(lib_a-__call_atexit.o) (atexit)
c:/program files (x86)/atmel/studio/7.0/toolchain/arm/arm-gnu-toolchain/bin/../lib/gcc/arm-none-eabi/6.3.1/../../../../arm-none-eabi/lib/thumb/v7e-m\libc.a(lib_a-fini.o)
                              c:/program files (x86)/atmel/studio/7.0/toolchain/arm/arm-gnu-toolchain/bin/../lib/gcc/arm-none-eabi/6.3.1/../../../../arm-none-eabi/lib/thumb/v7e-m\libc.a(lib_a-__call_atexit.o) (__libc_fini_array)
c:/program files (x86)/atmel/studio/7.0/toolchain/arm/arm-gnu-toolchain/bin/../lib/gcc/arm-none-eabi/6.3.1/../../../../arm-none-eabi/lib/thumb/v7e-m\libc.a(lib_a-lock.o)
                              c:/program files (x86)/atmel/studio/7.0/toolchain/arm/arm-gnu-toolchain/bin/../lib/gcc/arm-none-eabi/6.3.1/../../../../arm-none-eabi/lib/thumb/v7e-m\libc.a(lib_a-__call_atexit.o) (__retarget_lock_acquire_recursive)
c:/program files (x86)/atmel/studio/7.0/toolchain/arm/arm-gnu-toolchain/bin/../lib/gcc/arm-none-eabi/6.3.1/../../../../arm-none-eabi/lib/thumb/v7e-m\libc.a(lib_a-__atexit.o)
                              c:/program files (x86)/atmel/studio/7.0/toolchain/arm/arm-gnu-toolchain/bin/../lib/gcc/arm-none-eabi/6.3.1/../../../../arm-none-eabi/lib/thumb/v7e-m\libc.a(lib_a-atexit.o) (__register_exitproc)

Allocating common symbols
Common symbol       size              file

__lock___atexit_recursive_mutex
                    0x1               c:/program files (x86)/atmel/studio/7.0/toolchain/arm/arm-gnu-toolchain/bin/../lib/gcc/arm-none-eabi/6.3.1/../../../../arm-none-eabi/lib/thumb/v7e-m\libc.a(lib_a-lock.o)
__lock___arc4random_mutex
                    0x1               c:/program files (x86)/atmel/studio/7.0/toolchain/arm/arm-gnu-toolchain/bin/../lib/gcc/arm-none-eabi/6.3.1/../../../../arm-none-eabi/lib/thumb/v7e-m\libc.a(lib_a-lock.o)
ptr_get             0x4               src/ASF/common/utils/stdio/read.o
__lock___env_recursive_mutex
                    0x1               c:/program files (x86)/atmel/studio/7.0/toolchain/arm/arm-gnu-toolchain/bin/../lib/gcc/arm-none-eabi/6.3.1/../../../../arm-none-eabi/lib/thumb/v7e-m\libc.a(lib_a-lock.o)
__lock___sinit_recursive_mutex
                    0x1               c:/program files (x86)/atmel/studio/7.0/toolchain/arm/arm-gnu-toolchain/bin/../lib/gcc/arm-none-eabi/6.3.1/../../../../arm-none-eabi/lib/thumb/v7e-m\libc.a(lib_a-lock.o)
g_p_uc_cap_dest_buf
                    0x4               src/imagesensor_capture_example.o
ptr_put             0x4               src/ASF/common/utils/stdio/write.o
__lock___malloc_recursive_mutex
[...]
Memory Configuration

Name             Origin             Length             Attributes
rom              0x00400000         0x00100000         xr
ram              0x20000000         0x00020000         xrw
*default*        0x00000000         0xffffffff

Linker script and memory map

LOAD c:/program files (x86)/atmel/studio/7.0/toolchain/arm/arm-gnu-toolchain/bin/../lib/gcc/arm-none-eabi/6.3.1/thumb/v7e-m/crti.o
LOAD c:/program files (x86)/atmel/studio/7.0/toolchain/arm/arm-gnu-toolchain/bin/../lib/gcc/arm-none-eabi/6.3.1/thumb/v7e-m/crtbegin.o
LOAD c:/program files (x86)/atmel/studio/7.0/toolchain/arm/arm-gnu-toolchain/bin/../lib/gcc/arm-none-eabi/6.3.1/../../../../arm-none-eabi/lib/thumb/v7e-m/crt0.o
LOAD src/ASF/common/services/clock/sam4s/sysclk.o
LOAD src/ASF/common/services/delay/sam/cycle_counter.o
LOAD src/ASF/common/services/serial/usart_serial.o
LOAD src/ASF/common/utils/interrupt/interrupt_sam_nvic.o
LOAD src/ASF/common/utils/stdio/read.o
LOAD src/ASF/common/utils/stdio/write.o
LOAD src/ASF/sam/boards/sam4s_wpir_rd/init.o
LOAD src/ASF/sam/components/cmos_image_sensor/ov7740/ov7740.o
LOAD src/ASF/sam/components/cmos_image_sensor/ov7740/ov7740_table_registers.o
LOAD src/ASF/sam/components/display/aat31xx/aat31xx.o
LOAD src/ASF/sam/components/display/ili9325/ili9325.o
LOAD src/ASF/sam/drivers/ebi/smc/smc.o
LOAD src/ASF/sam/drivers/pio/pio.o
LOAD src/ASF/sam/drivers/pio/pio_handler.o
LOAD src/ASF/sam/drivers/pmc/pmc.o
LOAD src/ASF/sam/drivers/pmc/sleep.o
LOAD src/ASF/sam/drivers/twi/twi.o
LOAD src/ASF/sam/drivers/uart/uart.o
LOAD src/ASF/sam/drivers/usart/usart.o
LOAD src/ASF/sam/utils/cmsis/sam4s/source/templates/gcc/startup_sam4s.o
LOAD src/ASF/sam/utils/cmsis/sam4s/source/templates/system_sam4s.o
LOAD src/ASF/sam/utils/syscalls/gcc/syscalls.o
LOAD src/imagesensor_capture_example.o
START GROUP
LOAD ../src/ASF/thirdparty/CMSIS/Lib/GCC\libarm_cortexM4l_math.a
LOAD c:/program files (x86)/atmel/studio/7.0/toolchain/arm/arm-gnu-toolchain/bin/../lib/gcc/arm-none-eabi/6.3.1/../../../../arm-none-eabi/lib/thumb/v7e-m\libm.a
END GROUP
START GROUP
LOAD c:/program files (x86)/atmel/studio/7.0/toolchain/arm/arm-gnu-toolchain/bin/../lib/gcc/arm-none-eabi/6.3.1/thumb/v7e-m\libgcc.a
LOAD c:/program files (x86)/atmel/studio/7.0/toolchain/arm/arm-gnu-toolchain/bin/../lib/gcc/arm-none-eabi/6.3.1/../../../../arm-none-eabi/lib/thumb/v7e-m\libc.a
END GROUP
LOAD c:/program files (x86)/atmel/studio/7.0/toolchain/arm/arm-gnu-toolchain/bin/../lib/gcc/arm-none-eabi/6.3.1/thumb/v7e-m/crtend.o
LOAD c:/program files (x86)/atmel/studio/7.0/toolchain/arm/arm-gnu-toolchain/bin/../lib/gcc/arm-none-eabi/6.3.1/thumb/v7e-m/crtn.o
                0x00003000                __stack_size__ = DEFINED (__stack_size__)?__stack_size__:0x3000
                0x2001fffc                __ram_end__ = ((ORIGIN (ram) + LENGTH (ram)) - 0x4)

.text           0x00400000     0x2a30
                0x00400000                . = ALIGN (0x4)
                0x00400000                _sfixed = .
 *(.vectors .vectors.*)
 .vectors       0x00400000       0xcc src/ASF/sam/utils/cmsis/sam4s/source/templates/gcc/startup_sam4s.o
                0x00400000                exception_table
 *(.text .text.* .gnu.linkonce.t.*)
 .text          0x004000cc       0x6c c:/program files (x86)/atmel/studio/7.0/toolchain/arm/arm-gnu-toolchain/bin/../lib/gcc/arm-none-eabi/6.3.1/thumb/v7e-m/crtbegin.o
 .text.sysclk_init
                0x00400138       0x64 src/ASF/common/services/clock/sam4s/sysclk.o
                0x00400138                sysclk_init
 .text.board_init
                0x0040019c      0x1b8 src/ASF/sam/boards/sam4s_wpir_rd/init.o
                0x0040019c                board_init
 .text.ov_power
                0x00400354       0x24 src/ASF/sam/components/cmos_image_sensor/ov7740/ov7740.o
                0x00400354                ov_power
 .text.ov_read_reg
                0x00400378        0xc src/ASF/sam/components/cmos_image_sensor/ov7740/ov7740.o
                0x00400378                ov_read_reg
 .text.ov_write_reg
                0x00400384        0xc src/ASF/sam/components/cmos_image_sensor/ov7740/ov7740.o
                0x00400384                ov_write_reg
 .text.ov_write_regs
                0x00400390       0x5c src/ASF/sam/components/cmos_image_sensor/ov7740/ov7740.o
                0x00400390                ov_write_regs
 .text.ov_init  0x004003ec      0x114 src/ASF/sam/components/cmos_image_sensor/ov7740/ov7740.o
                0x004003ec                ov_init
 .text.ov_configure
                0x00400500       0x6c src/ASF/sam/components/cmos_image_sensor/ov7740/ov7740.o
                0x00400500                ov_configure
 .text.aat31xx_set_backlight
                0x0040056c       0x5c src/ASF/sam/components/display/aat31xx/aat31xx.o
                0x0040056c                aat31xx_set_backlight
 .text.aat31xx_disable_backlight
                0x004005c8       0x24 src/ASF/sam/components/display/aat31xx/aat31xx.o
                0x004005c8                aat31xx_disable_backlight
 .text.ili9325_write_ram
                0x004005ec       0x18 src/ASF/sam/components/display/ili9325/ili9325.o
 .text.ili9325_write_register
                0x00400604       0x16 src/ASF/sam/components/display/ili9325/ili9325.o
 *fill*         0x0040061a        0x2 
 .text.ili9325_delay
                0x0040061c       0x38 src/ASF/sam/components/display/ili9325/ili9325.o
 .text.ili9325_display_on
                0x00400654       0x14 src/ASF/sam/components/display/ili9325/ili9325.o
                0x00400654                ili9325_display_on
 .text.ili9325_set_foreground_color
                0x00400668       0x18 src/ASF/sam/components/display/ili9325/ili9325.o
                0x00400668                ili9325_set_foreground_color
 .text.ili9325_set_window
                0x00400680       0x3c src/ASF/sam/components/display/ili9325/ili9325.o
                0x00400680                ili9325_set_window
 .text.ili9325_set_cursor_position
                0x004006bc       0x18 src/ASF/sam/components/display/ili9325/ili9325.o
                0x004006bc                ili9325_set_cursor_position
 .text.ili9325_init
                0x004006d4      0x1a4 src/ASF/sam/components/display/ili9325/ili9325.o
                0x004006d4                ili9325_init
 .text.ili9325_fill
                0x00400878       0x30 src/ASF/sam/components/display/ili9325/ili9325.o
                0x00400878                ili9325_fill
 .text.ili9325_draw_pixel
                0x004008a8       0x40 src/ASF/sam/components/display/ili9325/ili9325.o
                0x004008a8                ili9325_draw_pixel
 .text.ili9325_draw_prepare
                0x004008e8       0x28 src/ASF/sam/components/display/ili9325/ili9325.o
                0x004008e8                ili9325_draw_prepare
 .text.ili9325_draw_string
                0x00400910       0xb0 src/ASF/sam/components/display/ili9325/ili9325.o
                0x00400910                ili9325_draw_string
 .text.smc_set_setup_timing
                0x004009c0        0x6 src/ASF/sam/drivers/ebi/smc/smc.o
                0x004009c0                smc_set_setup_timing
 .text.smc_set_pulse_timing
                0x004009c6        0x8 src/ASF/sam/drivers/ebi/smc/smc.o
                0x004009c6                smc_set_pulse_timing
 .text.smc_set_cycle_timing
                0x004009ce        0x8 src/ASF/sam/drivers/ebi/smc/smc.o
                0x004009ce                smc_set_cycle_timing
 .text.smc_set_mode
                0x004009d6        0x8 src/ASF/sam/drivers/ebi/smc/smc.o
                0x004009d6                smc_set_mode
 .text.pio_set_debounce_filter
                0x004009de       0x1a src/ASF/sam/drivers/pio/pio.o
                0x004009de                pio_set_debounce_filter
 .text.pio_set  0x004009f8        0x4 src/ASF/sam/drivers/pio/pio.o
                0x004009f8                pio_set
 .text.pio_clear
                0x004009fc        0x4 src/ASF/sam/drivers/pio/pio.o
                0x004009fc                pio_clear
 .text.pio_set_peripheral
                0x00400a00       0x90 src/ASF/sam/drivers/pio/pio.o
                0x00400a00                pio_set_peripheral
 .text.pio_set_input
                0x00400a90       0x32 src/ASF/sam/drivers/pio/pio.o
                0x00400a90                pio_set_input
 .text.pio_set_output
                0x00400ac2       0x26 src/ASF/sam/drivers/pio/pio.o
                0x00400ac2                pio_set_output
 .text.pio_configure_interrupt
                0x00400ae8       0x2e src/ASF/sam/drivers/pio/pio.o
                0x00400ae8                pio_configure_interrupt
 .text.pio_enable_interrupt
                0x00400b16        0x4 src/ASF/sam/drivers/pio/pio.o
                0x00400b16                pio_enable_interrupt
 .text.pio_disable_interrupt
                0x00400b1a        0x4 src/ASF/sam/drivers/pio/pio.o
                0x00400b1a                pio_disable_interrupt
 .text.pio_get_interrupt_status
                0x00400b1e        0x4 src/ASF/sam/drivers/pio/pio.o
                0x00400b1e                pio_get_interrupt_status
 .text.pio_get_interrupt_mask
                0x00400b22        0x4 src/ASF/sam/drivers/pio/pio.o
                0x00400b22                pio_get_interrupt_mask
 *fill*         0x00400b26        0x2 
 .text.pio_configure_pin
                0x00400b28      0x120 src/ASF/sam/drivers/pio/pio.o
                0x00400b28                pio_configure_pin
 .text.pio_capture_enable
                0x00400c48       0x18 src/ASF/sam/drivers/pio/pio.o
                0x00400c48                pio_capture_enable
 .text.pio_capture_disable
                0x00400c60       0x18 src/ASF/sam/drivers/pio/pio.o
                0x00400c60                pio_capture_disable
 .text.pio_handler_process
                0x00400c78       0x68 src/ASF/sam/drivers/pio/pio_handler.o
                0x00400c78                pio_handler_process
 .text.pio_handler_set
                0x00400ce0       0x70 src/ASF/sam/drivers/pio/pio_handler.o
                0x00400ce0                pio_handler_set
 .text.PIOA_Handler
                0x00400d50       0x14 src/ASF/sam/drivers/pio/pio_handler.o
                0x00400d50                PIOA_Handler
 .text.PIOB_Handler
                0x00400d64       0x14 src/ASF/sam/drivers/pio/pio_handler.o
                0x00400d64                PIOB_Handler
 .text.PIOC_Handler
                0x00400d78       0x14 src/ASF/sam/drivers/pio/pio_handler.o
                0x00400d78                PIOC_Handler
 .text.pmc_switch_mck_to_pllbck
                0x00400d8c       0x60 src/ASF/sam/drivers/pmc/pmc.o
                0x00400d8c                pmc_switch_mck_to_pllbck
 .text.pmc_switch_mainck_to_xtal
                0x00400dec       0x54 src/ASF/sam/drivers/pmc/pmc.o
                0x00400dec                pmc_switch_mainck_to_xtal
 .text.pmc_osc_is_ready_mainck
                0x00400e40       0x10 src/ASF/sam/drivers/pmc/pmc.o
                0x00400e40                pmc_osc_is_ready_mainck
 .text.pmc_enable_pllack
                0x00400e50       0x38 src/ASF/sam/drivers/pmc/pmc.o
                0x00400e50                pmc_enable_pllack
 .text.pmc_disable_pllbck
                0x00400e88        0xc src/ASF/sam/drivers/pmc/pmc.o
                0x00400e88                pmc_disable_pllbck
 .text.pmc_is_locked_pllbck
                0x00400e94       0x10 src/ASF/sam/drivers/pmc/pmc.o
                0x00400e94                pmc_is_locked_pllbck
 .text.pmc_enable_periph_clk
                0x00400ea4       0x54 src/ASF/sam/drivers/pmc/pmc.o
                0x00400ea4                pmc_enable_periph_clk
 .text.twi_set_speed
                0x00400ef8       0xb8 src/ASF/sam/drivers/twi/twi.o
                0x00400ef8                twi_set_speed
 .text.twi_master_init
                0x00400fb0       0x40 src/ASF/sam/drivers/twi/twi.o
                0x00400fb0                twi_master_init
 .text.twi_mk_addr
                0x00400ff0       0x22 src/ASF/sam/drivers/twi/twi.o
                0x00400ff0                twi_mk_addr
 *fill*         0x00401012        0x2 
 .text.twi_master_read
                0x00401014       0xc0 src/ASF/sam/drivers/twi/twi.o
                0x00401014                twi_master_read
 .text.twi_master_write
                0x004010d4       0x88 src/ASF/sam/drivers/twi/twi.o
                0x004010d4                twi_master_write
 .text.Dummy_Handler
                0x0040115c        0x2 src/ASF/sam/utils/cmsis/sam4s/source/templates/gcc/startup_sam4s.o
                0x0040115c                DACC_Handler
                0x0040115c                DebugMon_Handler
                0x0040115c                HardFault_Handler
                0x0040115c                TC2_Handler
                0x0040115c                SPI_Handler
                0x0040115c                SysTick_Handler
                0x0040115c                TWI1_Handler
                0x0040115c                PendSV_Handler
                0x0040115c                NMI_Handler
                0x0040115c                ADC_Handler
                0x0040115c                CRCCU_Handler
                0x0040115c                USART0_Handler
                0x0040115c                RTT_Handler
                0x0040115c                RTC_Handler
                0x0040115c                UsageFault_Handler
                0x0040115c                WDT_Handler
                0x0040115c                TC4_Handler
                0x0040115c                TC1_Handler
                0x0040115c                HSMCI_Handler
                0x0040115c                UART1_Handler
                0x0040115c                TC3_Handler
                0x0040115c                Dummy_Handler
                0x0040115c                TWI0_Handler
                0x0040115c                USART1_Handler
                0x0040115c                SSC_Handler
                0x0040115c                EFC0_Handler
                0x0040115c                ACC_Handler
                0x0040115c                PMC_Handler
                0x0040115c                PWM_Handler
                0x0040115c                MemManage_Handler
                0x0040115c                SUPC_Handler
                0x0040115c                SVC_Handler
                0x0040115c                UART0_Handler
                0x0040115c                UDP_Handler
                0x0040115c                BusFault_Handler
                0x0040115c                RSTC_Handler
                0x0040115c                TC0_Handler
                0x0040115c                TC5_Handler
 *fill*         0x0040115e        0x2 
 .text.Reset_Handler
                0x00401160       0xac src/ASF/sam/utils/cmsis/sam4s/source/templates/gcc/startup_sam4s.o
                0x00401160                Reset_Handler
 .text.SystemCoreClockUpdate
                0x0040120c      0x110 src/ASF/sam/utils/cmsis/sam4s/source/templates/system_sam4s.o
                0x0040120c                SystemCoreClockUpdate
 .text.system_init_flash
                0x0040131c       0x74 src/ASF/sam/utils/cmsis/sam4s/source/templates/system_sam4s.o
                0x0040131c                system_init_flash
 .text.vsync_handler
                0x00401390        0xc src/imagesensor_capture_example.o
 .text.button_handler
                0x0040139c        0xc src/imagesensor_capture_example.o
 .text.main     0x004013a8      0x474 src/imagesensor_capture_example.o
                0x004013a8                main
 .text.__libc_init_array
                0x0040181c       0x50 c:/program files (x86)/atmel/studio/7.0/toolchain/arm/arm-gnu-toolchain/bin/../lib/gcc/arm-none-eabi/6.3.1/../../../../arm-none-eabi/lib/thumb/v7e-m\libc.a(lib_a-init.o)
                0x0040181c                __libc_init_array
 .text.startup.register_fini
                0x0040186c       0x14 c:/program files (x86)/atmel/studio/7.0/toolchain/arm/arm-gnu-toolchain/bin/../lib/gcc/arm-none-eabi/6.3.1/../../../../arm-none-eabi/lib/thumb/v7e-m\libc.a(lib_a-__call_atexit.o)
 .text.atexit   0x00401880        0xc c:/program files (x86)/atmel/studio/7.0/toolchain/arm/arm-gnu-toolchain/bin/../lib/gcc/arm-none-eabi/6.3.1/../../../../arm-none-eabi/lib/thumb/v7e-m\libc.a(lib_a-atexit.o)
                0x00401880                atexit
 .text.__libc_fini_array
                0x0040188c       0x34 c:/program files (x86)/atmel/studio/7.0/toolchain/arm/arm-gnu-toolchain/bin/../lib/gcc/arm-none-eabi/6.3.1/../../../../arm-none-eabi/lib/thumb/v7e-m\libc.a(lib_a-fini.o)
                0x0040188c                __libc_fini_array
 .text.__retarget_lock_acquire_recursive
                0x004018c0        0x4 c:/program files (x86)/atmel/studio/7.0/toolchain/arm/arm-gnu-toolchain/bin/../lib/gcc/arm-none-eabi/6.3.1/../../../../arm-none-eabi/lib/thumb/v7e-m\libc.a(lib_a-lock.o)
                0x004018c0                __retarget_lock_acquire_recursive
 .text.__retarget_lock_release_recursive
                0x004018c4        0x4 c:/program files (x86)/atmel/studio/7.0/toolchain/arm/arm-gnu-toolchain/bin/../lib/gcc/arm-none-eabi/6.3.1/../../../../arm-none-eabi/lib/thumb/v7e-m\libc.a(lib_a-lock.o)
                0x004018c4                __retarget_lock_release_recursive
 .text.__register_exitproc
                0x004018c8       0xc4 c:/program files (x86)/atmel/studio/7.0/toolchain/arm/arm-gnu-toolchain/bin/../lib/gcc/arm-none-eabi/6.3.1/../../../../arm-none-eabi/lib/thumb/v7e-m\libc.a(lib_a-__atexit.o)
                0x004018c8                __register_exitproc
 *(.glue_7t)
 .glue_7t       0x0040198c        0x0 linker stubs
 *(.glue_7)
 .glue_7        0x0040198c        0x0 linker stubs
 *(.rodata .rodata* .gnu.linkonce.r.*)
 .rodata.OV7740_QQVGA_RGB888
                0x0040198c       0xf4 src/ASF/sam/components/cmos_image_sensor/ov7740/ov7740_table_registers.o
                0x0040198c                OV7740_QQVGA_RGB888
 .rodata.OV7740_QQVGA_YUV422
                0x00401a80       0xf4 src/ASF/sam/components/cmos_image_sensor/ov7740/ov7740_table_registers.o
                0x00401a80                OV7740_QQVGA_YUV422
 .rodata.OV7740_QVGA_RGB888
                0x00401b74       0xf4 src/ASF/sam/components/cmos_image_sensor/ov7740/ov7740_table_registers.o
                0x00401b74                OV7740_QVGA_RGB888
 .rodata.OV7740_QVGA_YUV422_10FPS
                0x00401c68       0xf0 src/ASF/sam/components/cmos_image_sensor/ov7740/ov7740_table_registers.o
                0x00401c68                OV7740_QVGA_YUV422_10FPS
 .rodata.OV7740_QVGA_YUV422_15FPS
                0x00401d58       0xf0 src/ASF/sam/components/cmos_image_sensor/ov7740/ov7740_table_registers.o
                0x00401d58                OV7740_QVGA_YUV422_15FPS
 .rodata.OV7740_QVGA_YUV422_20FPS
                0x00401e48       0xf0 src/ASF/sam/components/cmos_image_sensor/ov7740/ov7740_table_registers.o
                0x00401e48                OV7740_QVGA_YUV422_20FPS
 .rodata.OV7740_QVGA_YUV422_30FPS
                0x00401f38       0xf0 src/ASF/sam/components/cmos_image_sensor/ov7740/ov7740_table_registers.o
                0x00401f38                OV7740_QVGA_YUV422_30FPS
 .rodata.OV7740_TEST_PATTERN
                0x00402028       0xf4 src/ASF/sam/components/cmos_image_sensor/ov7740/ov7740_table_registers.o
                0x00402028                OV7740_TEST_PATTERN
 .rodata.OV7740_VGA_YUV422_20FPS
                0x0040211c       0xf0 src/ASF/sam/components/cmos_image_sensor/ov7740/ov7740_table_registers.o
                0x0040211c                OV7740_VGA_YUV422_20FPS
 .rodata.p_uc_charset10x14
                0x0040220c      0x780 src/ASF/sam/components/display/ili9325/ili9325.o
                0x0040220c                p_uc_charset10x14
 .rodata.main.str1.4
                0x0040298c       0x7c src/imagesensor_capture_example.o
                                 0x7a (size before relaxing)
 .rodata._global_impure_ptr
                0x00402a08        0x4 c:/program files (x86)/atmel/studio/7.0/toolchain/arm/arm-gnu-toolchain/bin/../lib/gcc/arm-none-eabi/6.3.1/../../../../arm-none-eabi/lib/thumb/v7e-m\libc.a(lib_a-impure.o)
                0x00402a08                _global_impure_ptr
 *(.ARM.extab* .gnu.linkonce.armextab.*)
                0x00402a0c                . = ALIGN (0x4)
 *(.init)
 .init          0x00402a0c        0x4 c:/program files (x86)/atmel/studio/7.0/toolchain/arm/arm-gnu-toolchain/bin/../lib/gcc/arm-none-eabi/6.3.1/thumb/v7e-m/crti.o
                0x00402a0c                _init
 .init          0x00402a10        0x8 c:/program files (x86)/atmel/studio/7.0/toolchain/arm/arm-gnu-toolchain/bin/../lib/gcc/arm-none-eabi/6.3.1/thumb/v7e-m/crtn.o
                0x00402a18                . = ALIGN (0x4)
                0x00402a18                __preinit_array_start = .
 *(.preinit_array)
                0x00402a18                __preinit_array_end = .
                0x00402a18                . = ALIGN (0x4)
                0x00402a18                __init_array_start = .
 *(SORT(.init_array.*))
 .init_array.00000
                0x00402a18        0x4 c:/program files (x86)/atmel/studio/7.0/toolchain/arm/arm-gnu-toolchain/bin/../lib/gcc/arm-none-eabi/6.3.1/../../../../arm-none-eabi/lib/thumb/v7e-m\libc.a(lib_a-__call_atexit.o)
 *(.init_array)
 .init_array    0x00402a1c        0x4 c:/program files (x86)/atmel/studio/7.0/toolchain/arm/arm-gnu-toolchain/bin/../lib/gcc/arm-none-eabi/6.3.1/thumb/v7e-m/crtbegin.o
                0x00402a20                __init_array_end = .
                0x00402a20                . = ALIGN (0x4)
 *crtbegin.o(.ctors)
 *(EXCLUDE_FILE(*crtend.o) .ctors)
 *(SORT(.ctors.*))
 *crtend.o(.ctors)
                0x00402a20                . = ALIGN (0x4)
 *(.fini)
 .fini          0x00402a20        0x4 c:/program files (x86)/atmel/studio/7.0/toolchain/arm/arm-gnu-toolchain/bin/../lib/gcc/arm-none-eabi/6.3.1/thumb/v7e-m/crti.o
                0x00402a20                _fini
 .fini          0x00402a24        0x8 c:/program files (x86)/atmel/studio/7.0/toolchain/arm/arm-gnu-toolchain/bin/../lib/gcc/arm-none-eabi/6.3.1/thumb/v7e-m/crtn.o
                0x00402a2c                . = ALIGN (0x4)
                0x00402a2c                __fini_array_start = .
 *(.fini_array)
 .fini_array    0x00402a2c        0x4 c:/program files (x86)/atmel/studio/7.0/toolchain/arm/arm-gnu-toolchain/bin/../lib/gcc/arm-none-eabi/6.3.1/thumb/v7e-m/crtbegin.o
 *(SORT(.fini_array.*))
                0x00402a30                __fini_array_end = .
 *crtbegin.o(.dtors)
 *(EXCLUDE_FILE(*crtend.o) .dtors)
 *(SORT(.dtors.*))
 *crtend.o(.dtors)
                0x00402a30                . = ALIGN (0x4)
                0x00402a30                _efixed = .
                [!provide]                PROVIDE (__exidx_start, .)

.vfp11_veneer   0x00402a30        0x0
 .vfp11_veneer  0x00402a30        0x0 linker stubs

.v4_bx          0x00402a30        0x0
 .v4_bx         0x00402a30        0x0 linker stubs

.iplt           0x00402a30        0x0
 .iplt          0x00402a30        0x0 c:/program files (x86)/atmel/studio/7.0/toolchain/arm/arm-gnu-toolchain/bin/../lib/gcc/arm-none-eabi/6.3.1/thumb/v7e-m/crtbegin.o

.eh_frame       0x00402a30        0x0
 .eh_frame      0x00402a30        0x0 c:/program files (x86)/atmel/studio/7.0/toolchain/arm/arm-gnu-toolchain/bin/../lib/gcc/arm-none-eabi/6.3.1/thumb/v7e-m/crtbegin.o

.rel.dyn        0x00402a30        0x0
 .rel.iplt      0x00402a30        0x0 c:/program files (x86)/atmel/studio/7.0/toolchain/arm/arm-gnu-toolchain/bin/../lib/gcc/arm-none-eabi/6.3.1/thumb/v7e-m/crtbegin.o

.jcr            0x00402a30        0x0
 .jcr           0x00402a30        0x0 c:/program files (x86)/atmel/studio/7.0/toolchain/arm/arm-gnu-toolchain/bin/../lib/gcc/arm-none-eabi/6.3.1/thumb/v7e-m/crtbegin.o

.igot.plt       0x00402a30        0x0
 .igot.plt      0x00402a30        0x0 c:/program files (x86)/atmel/studio/7.0/toolchain/arm/arm-gnu-toolchain/bin/../lib/gcc/arm-none-eabi/6.3.1/thumb/v7e-m/crtbegin.o

.ARM.exidx
 *(.ARM.exidx* .gnu.linkonce.armexidx.*)
                [!provide]                PROVIDE (__exidx_end, .)
                0x00402a30                . = ALIGN (0x4)
                0x00402a30                _etext = .

.relocate       0x20000000      0x444 load address 0x00402a30
                0x20000000                . = ALIGN (0x4)
                0x20000000                _srelocate = .
 *(.ramfunc .ramfunc.*)
 .ramfunc       0x20000000        0xa src/ASF/common/services/delay/sam/cycle_counter.o
                0x20000000                portable_delay_cycles
 *(.data .data.*)
 *fill*         0x2000000a        0x2 
 .data.SystemCoreClock
                0x2000000c        0x4 src/ASF/sam/utils/cmsis/sam4s/source/templates/system_sam4s.o
                0x2000000c                SystemCoreClock
 .data.g_us_cap_line
                0x20000010        0x2 src/imagesensor_capture_example.o
                0x20000010                g_us_cap_line
 .data.g_us_cap_rows
                0x20000012        0x2 src/imagesensor_capture_example.o
                0x20000012                g_us_cap_rows
 *fill*         0x20000014        0x4 
 .data.impure_data
                0x20000018      0x428 c:/program files (x86)/atmel/studio/7.0/toolchain/arm/arm-gnu-toolchain/bin/../lib/gcc/arm-none-eabi/6.3.1/../../../../arm-none-eabi/lib/thumb/v7e-m\libc.a(lib_a-impure.o)
 .data.__atexit_recursive_mutex
                0x20000440        0x4 c:/program files (x86)/atmel/studio/7.0/toolchain/arm/arm-gnu-toolchain/bin/../lib/gcc/arm-none-eabi/6.3.1/../../../../arm-none-eabi/lib/thumb/v7e-m\libc.a(lib_a-__call_atexit.o)
                0x20000440                __atexit_recursive_mutex
                0x20000444                . = ALIGN (0x4)
                0x20000444                _erelocate = .

.bss            0x20000444      0x488 load address 0x00402e74
                0x20000444                . = ALIGN (0x4)
                0x20000444                _sbss = .
                0x20000444                _szero = .
 *(.bss .bss.*)
 .bss           0x20000444       0x1c c:/program files (x86)/atmel/studio/7.0/toolchain/arm/arm-gnu-toolchain/bin/../lib/gcc/arm-none-eabi/6.3.1/thumb/v7e-m/crtbegin.o
 .bss.g_ul_pixel_cache
                0x20000460      0x3c0 src/ASF/sam/components/display/ili9325/ili9325.o
 .bss.gs_interrupt_sources
                0x20000820       0x70 src/ASF/sam/drivers/pio/pio_handler.o
 .bss.gs_ul_nb_sources
                0x20000890        0x4 src/ASF/sam/drivers/pio/pio_handler.o
 .bss.pio_capture_handler
                0x20000894        0x4 src/ASF/sam/drivers/pio/pio_handler.o
 .bss.g_ul_push_button_trigger
                0x20000898        0x4 src/imagesensor_capture_example.o
 .bss.g_ul_vsync_flag
                0x2000089c        0x4 src/imagesensor_capture_example.o
 *(COMMON)
 COMMON         0x200008a0        0x4 src/ASF/sam/drivers/pio/pio.o
                0x200008a0                pio_capture_enable_flag
 COMMON         0x200008a4        0x4 src/imagesensor_capture_example.o
                0x200008a4                g_p_uc_cap_dest_buf
 COMMON         0x200008a8       0x21 c:/program files (x86)/atmel/studio/7.0/toolchain/arm/arm-gnu-toolchain/bin/../lib/gcc/arm-none-eabi/6.3.1/../../../../arm-none-eabi/lib/thumb/v7e-m\libc.a(lib_a-lock.o)
                0x200008a8                __lock___atexit_recursive_mutex
                0x200008ac                __lock___arc4random_mutex
                0x200008b0                __lock___env_recursive_mutex
                0x200008b4                __lock___sinit_recursive_mutex
                0x200008b8                __lock___malloc_recursive_mutex
                0x200008bc                __lock___at_quick_exit_mutex
                0x200008c0                __lock___dd_hash_mutex
                0x200008c4                __lock___tz_mutex
                0x200008c8                __lock___sfp_recursive_mutex
                0x200008cc                . = ALIGN (0x4)
 *fill*         0x200008c9        0x3 
                0x200008cc                _ebss = .
                0x200008cc                _ezero = .

.stack          0x200008cc     0x3004 load address 0x004032fc
                0x200008d0                . = ALIGN (0x8)
 *fill*         0x200008cc        0x4 
                0x200008d0                _sstack = .
                0x200038d0                . = (. + __stack_size__)
 *fill*         0x200008d0     0x3000 
                0x200038d0                . = ALIGN (0x8)
                0x200038d0                _estack = .
                0x200038d0                . = ALIGN (0x4)
                0x200038d0                _end = .
OUTPUT(OV7740_IMAGESENSOR_CAPTURE_EXAMPLE1.elf elf32-littlearm)

.ARM.attributes
                0x00000000       0x2a
 .ARM.attributes
                0x00000000       0x1e c:/program files (x86)/atmel/studio/7.0/toolchain/arm/arm-gnu-toolchain/bin/../lib/gcc/arm-none-eabi/6.3.1/thumb/v7e-m/crti.o
 .ARM.attributes
                0x0000001e       0x2e c:/program files (x86)/atmel/studio/7.0/toolchain/arm/arm-gnu-toolchain/bin/../lib/gcc/arm-none-eabi/6.3.1/thumb/v7e-m/crtbegin.o
 .ARM.attributes
                0x0000004c       0x33 src/ASF/common/services/clock/sam4s/sysclk.o
 .ARM.attributes
                0x0000007f       0x33 src/ASF/common/services/delay/sam/cycle_counter.o
 .ARM.attributes
                0x000000b2       0x33 src/ASF/sam/boards/sam4s_wpir_rd/init.o
 .ARM.attributes
                0x000000e5       0x33 src/ASF/sam/components/cmos_image_sensor/ov7740/ov7740.o
 .ARM.attributes
                0x00000118       0x33 src/ASF/sam/components/cmos_image_sensor/ov7740/ov7740_table_registers.o
 .ARM.attributes
                0x0000014b       0x33 src/ASF/sam/components/display/aat31xx/aat31xx.o
 .ARM.attributes
                0x0000017e       0x33 src/ASF/sam/components/display/ili9325/ili9325.o
 .ARM.attributes
                0x000001b1       0x33 src/ASF/sam/drivers/ebi/smc/smc.o
 .ARM.attributes
                0x000001e4       0x33 src/ASF/sam/drivers/pio/pio.o
 .ARM.attributes
                0x00000217       0x33 src/ASF/sam/drivers/pio/pio_handler.o
 .ARM.attributes
                0x0000024a       0x33 src/ASF/sam/drivers/pmc/pmc.o
 .ARM.attributes
                0x0000027d       0x33 src/ASF/sam/drivers/twi/twi.o
 .ARM.attributes
                0x000002b0       0x33 src/ASF/sam/utils/cmsis/sam4s/source/templates/gcc/startup_sam4s.o
 .ARM.attributes
                0x000002e3       0x33 src/ASF/sam/utils/cmsis/sam4s/source/templates/system_sam4s.o
 .ARM.attributes
                0x00000316       0x33 src/imagesensor_capture_example.o
 .ARM.attributes
                0x00000349       0x2e c:/program files (x86)/atmel/studio/7.0/toolchain/arm/arm-gnu-toolchain/bin/../lib/gcc/arm-none-eabi/6.3.1/../../../../arm-none-eabi/lib/thumb/v7e-m\libc.a(lib_a-impure.o)
 .ARM.attributes
                0x00000377       0x2e c:/program files (x86)/atmel/studio/7.0/toolchain/arm/arm-gnu-toolchain/bin/../lib/gcc/arm-none-eabi/6.3.1/../../../../arm-none-eabi/lib/thumb/v7e-m\libc.a(lib_a-init.o)
 .ARM.attributes
                0x000003a5       0x2e c:/program files (x86)/atmel/studio/7.0/toolchain/arm/arm-gnu-toolchain/bin/../lib/gcc/arm-none-eabi/6.3.1/../../../../arm-none-eabi/lib/thumb/v7e-m\libc.a(lib_a-__call_atexit.o)
 .ARM.attributes
                0x000003d3       0x2e c:/program files (x86)/atmel/studio/7.0/toolchain/arm/arm-gnu-toolchain/bin/../lib/gcc/arm-none-eabi/6.3.1/../../../../arm-none-eabi/lib/thumb/v7e-m\libc.a(lib_a-atexit.o)
 .ARM.attributes
                0x00000401       0x2e c:/program files (x86)/atmel/studio/7.0/toolchain/arm/arm-gnu-toolchain/bin/../lib/gcc/arm-none-eabi/6.3.1/../../../../arm-none-eabi/lib/thumb/v7e-m\libc.a(lib_a-fini.o)
 .ARM.attributes
                0x0000042f       0x2e c:/program files (x86)/atmel/studio/7.0/toolchain/arm/arm-gnu-toolchain/bin/../lib/gcc/arm-none-eabi/6.3.1/../../../../arm-none-eabi/lib/thumb/v7e-m\libc.a(lib_a-lock.o)
 .ARM.attributes
                0x0000045d       0x2e c:/program files (x86)/atmel/studio/7.0/toolchain/arm/arm-gnu-toolchain/bin/../lib/gcc/arm-none-eabi/6.3.1/../../../../arm-none-eabi/lib/thumb/v7e-m\libc.a(lib_a-__atexit.o)
 .ARM.attributes
                0x0000048b       0x1e c:/program files (x86)/atmel/studio/7.0/toolchain/arm/arm-gnu-toolchain/bin/../lib/gcc/arm-none-eabi/6.3.1/thumb/v7e-m/crtn.o

.comment        0x00000000       0x59
 .comment       0x00000000       0x59 src/ASF/common/services/clock/sam4s/sysclk.o
                                 0x5a (size before relaxing)
 .comment       0x00000059       0x5a src/ASF/common/services/delay/sam/cycle_counter.o
 .comment       0x00000059       0x5a src/ASF/sam/boards/sam4s_wpir_rd/init.o
 .comment       0x00000059       0x5a src/ASF/sam/components/cmos_image_sensor/ov7740/ov7740.o
 .comment       0x00000059       0x5a src/ASF/sam/components/cmos_image_sensor/ov7740/ov7740_table_registers.o
 .comment       0x00000059       0x5a src/ASF/sam/components/display/aat31xx/aat31xx.o
 .comment       0x00000059       0x5a src/ASF/sam/components/display/ili9325/ili9325.o
 .comment       0x00000059       0x5a src/ASF/sam/drivers/ebi/smc/smc.o
 .comment       0x00000059       0x5a src/ASF/sam/drivers/pio/pio.o
 .comment       0x00000059       0x5a src/ASF/sam/drivers/pio/pio_handler.o
 .comment       0x00000059       0x5a src/ASF/sam/drivers/pmc/pmc.o
 .comment       0x00000059       0x5a src/ASF/sam/drivers/twi/twi.o
 .comment       0x00000059       0x5a src/ASF/sam/utils/cmsis/sam4s/source/templates/gcc/startup_sam4s.o
 .comment       0x00000059       0x5a src/ASF/sam/utils/cmsis/sam4s/source/templates/system_sam4s.o
 .comment       0x00000059       0x5a src/imagesensor_capture_example.o

.debug_info     0x00000000    0x13991
 .debug_info    0x00000000     0x10fa src/ASF/common/services/clock/sam4s/sysclk.o
 .debug_info    0x000010fa      0xa45 src/ASF/common/services/delay/sam/cycle_counter.o
 .debug_info    0x00001b3f     0x113f src/ASF/sam/boards/sam4s_wpir_rd/init.o
 .debug_info    0x00002c7e     0x1ba0 src/ASF/sam/components/cmos_image_sensor/ov7740/ov7740.o
 .debug_info    0x0000481e      0xb75 src/ASF/sam/components/cmos_image_sensor/ov7740/ov7740_table_registers.o
 .debug_info    0x00005393     0x11b8 src/ASF/sam/components/display/aat31xx/aat31xx.o
 .debug_info    0x0000654b     0x2bd0 src/ASF/sam/components/display/ili9325/ili9325.o
 .debug_info    0x0000911b      0xcee src/ASF/sam/drivers/ebi/smc/smc.o
 .debug_info    0x00009e09     0x221d src/ASF/sam/drivers/pio/pio.o
 .debug_info    0x0000c026     0x18dc src/ASF/sam/drivers/pio/pio_handler.o
 .debug_info    0x0000d902     0x1a1d src/ASF/sam/drivers/pmc/pmc.o
 .debug_info    0x0000f31f     0x142c src/ASF/sam/drivers/twi/twi.o
 .debug_info    0x0001074b      0x6eb src/ASF/sam/utils/cmsis/sam4s/source/templates/gcc/startup_sam4s.o
 .debug_info    0x00010e36      0x458 src/ASF/sam/utils/cmsis/sam4s/source/templates/system_sam4s.o
 .debug_info    0x0001128e     0x2703 src/imagesensor_capture_example.o

.debug_abbrev   0x00000000     0x2952
 .debug_abbrev  0x00000000      0x311 src/ASF/common/services/clock/sam4s/sysclk.o
 .debug_abbrev  0x00000311      0x1b3 src/ASF/common/services/delay/sam/cycle_counter.o
 .debug_abbrev  0x000004c4      0x20c src/ASF/sam/boards/sam4s_wpir_rd/init.o
 .debug_abbrev  0x000006d0      0x3b0 src/ASF/sam/components/cmos_image_sensor/ov7740/ov7740.o
 .debug_abbrev  0x00000a80      0x1b4 src/ASF/sam/components/cmos_image_sensor/ov7740/ov7740_table_registers.o
 .debug_abbrev  0x00000c34      0x2cc src/ASF/sam/components/display/aat31xx/aat31xx.o
 .debug_abbrev  0x00000f00      0x3f6 src/ASF/sam/components/display/ili9325/ili9325.o
 .debug_abbrev  0x000012f6      0x205 src/ASF/sam/drivers/ebi/smc/smc.o
 .debug_abbrev  0x000014fb      0x3ff src/ASF/sam/drivers/pio/pio.o
 .debug_abbrev  0x000018fa      0x368 src/ASF/sam/drivers/pio/pio_handler.o
 .debug_abbrev  0x00001c62      0x315 src/ASF/sam/drivers/pmc/pmc.o
 .debug_abbrev  0x00001f77      0x371 src/ASF/sam/drivers/twi/twi.o
 .debug_abbrev  0x000022e8      0x17c src/ASF/sam/utils/cmsis/sam4s/source/templates/gcc/startup_sam4s.o
 .debug_abbrev  0x00002464      0x102 src/ASF/sam/utils/cmsis/sam4s/source/templates/system_sam4s.o
 .debug_abbrev  0x00002566      0x3ec src/imagesensor_capture_example.o

.debug_loc      0x00000000     0x55b6
 .debug_loc     0x00000000      0x143 src/ASF/common/services/clock/sam4s/sysclk.o
 .debug_loc     0x00000143       0x20 src/ASF/sam/boards/sam4s_wpir_rd/init.o
 .debug_loc     0x00000163      0x8d3 src/ASF/sam/components/cmos_image_sensor/ov7740/ov7740.o
 .debug_loc     0x00000a36      0x128 src/ASF/sam/components/display/aat31xx/aat31xx.o
 .debug_loc     0x00000b5e     0x1afd src/ASF/sam/components/display/ili9325/ili9325.o
 .debug_loc     0x0000265b       0xe7 src/ASF/sam/drivers/ebi/smc/smc.o
 .debug_loc     0x00002742      0xdef src/ASF/sam/drivers/pio/pio.o
 .debug_loc     0x00003531      0x549 src/ASF/sam/drivers/pio/pio_handler.o
 .debug_loc     0x00003a7a      0xb91 src/ASF/sam/drivers/pmc/pmc.o
 .debug_loc     0x0000460b      0xa21 src/ASF/sam/drivers/twi/twi.o
 .debug_loc     0x0000502c       0xa1 src/ASF/sam/utils/cmsis/sam4s/source/templates/gcc/startup_sam4s.o
 .debug_loc     0x000050cd      0x4e9 src/imagesensor_capture_example.o

.debug_aranges  0x00000000      0x808
 .debug_aranges
                0x00000000       0x30 src/ASF/common/services/clock/sam4s/sysclk.o
 .debug_aranges
                0x00000030       0x20 src/ASF/common/services/delay/sam/cycle_counter.o
 .debug_aranges
                0x00000050       0x20 src/ASF/sam/boards/sam4s_wpir_rd/init.o
 .debug_aranges
                0x00000070       0x78 src/ASF/sam/components/cmos_image_sensor/ov7740/ov7740.o
 .debug_aranges
                0x000000e8       0x18 src/ASF/sam/components/cmos_image_sensor/ov7740/ov7740_table_registers.o
 .debug_aranges
                0x00000100       0x28 src/ASF/sam/components/display/aat31xx/aat31xx.o
 .debug_aranges
                0x00000128      0x138 src/ASF/sam/components/display/ili9325/ili9325.o
 .debug_aranges
                0x00000260       0x50 src/ASF/sam/drivers/ebi/smc/smc.o
 .debug_aranges
                0x000002b0      0x1a8 src/ASF/sam/drivers/pio/pio.o
 .debug_aranges
                0x00000458       0x58 src/ASF/sam/drivers/pio/pio_handler.o
 .debug_aranges
                0x000004b0      0x208 src/ASF/sam/drivers/pmc/pmc.o
 .debug_aranges
                0x000006b8       0xc8 src/ASF/sam/drivers/twi/twi.o
 .debug_aranges
                0x00000780       0x28 src/ASF/sam/utils/cmsis/sam4s/source/templates/gcc/startup_sam4s.o
 .debug_aranges
                0x000007a8       0x30 src/ASF/sam/utils/cmsis/sam4s/source/templates/system_sam4s.o
 .debug_aranges
                0x000007d8       0x30 src/imagesensor_capture_example.o

.debug_ranges   0x00000000      0x908
 .debug_ranges  0x00000000       0x20 src/ASF/common/services/clock/sam4s/sysclk.o
 .debug_ranges  0x00000020       0x10 src/ASF/common/services/delay/sam/cycle_counter.o
 .debug_ranges  0x00000030       0x10 src/ASF/sam/boards/sam4s_wpir_rd/init.o
 .debug_ranges  0x00000040       0x80 src/ASF/sam/components/cmos_image_sensor/ov7740/ov7740.o
 .debug_ranges  0x000000c0       0x30 src/ASF/sam/components/display/aat31xx/aat31xx.o
 .debug_ranges  0x000000f0      0x190 src/ASF/sam/components/display/ili9325/ili9325.o
 .debug_ranges  0x00000280       0x40 src/ASF/sam/drivers/ebi/smc/smc.o
 .debug_ranges  0x000002c0      0x1b0 src/ASF/sam/drivers/pio/pio.o
 .debug_ranges  0x00000470       0x60 src/ASF/sam/drivers/pio/pio_handler.o
 .debug_ranges  0x000004d0      0x1f8 src/ASF/sam/drivers/pmc/pmc.o
 .debug_ranges  0x000006c8       0xb8 src/ASF/sam/drivers/twi/twi.o
 .debug_ranges  0x00000780       0x18 src/ASF/sam/utils/cmsis/sam4s/source/templates/gcc/startup_sam4s.o
 .debug_ranges  0x00000798       0x20 src/ASF/sam/utils/cmsis/sam4s/source/templates/system_sam4s.o
 .debug_ranges  0x000007b8      0x150 src/imagesensor_capture_example.o

.debug_macro    0x00000000    0x14cc3
 .debug_macro   0x00000000      0x58a src/ASF/common/services/clock/sam4s/sysclk.o
 .debug_macro   0x0000058a      0x8d4 src/ASF/common/services/clock/sam4s/sysclk.o
 .debug_macro   0x00000e5e      0x64b src/ASF/common/services/clock/sam4s/sysclk.o
 .debug_macro   0x000014a9       0x28 src/ASF/common/services/clock/sam4s/sysclk.o
 .debug_macro   0x000014d1      0x16d src/ASF/common/services/clock/sam4s/sysclk.o
 .debug_macro   0x0000163e       0x76 src/ASF/common/services/clock/sam4s/sysclk.o
 .debug_macro   0x000016b4       0x16 src/ASF/common/services/clock/sam4s/sysclk.o
 .debug_macro   0x000016ca      0x6e4 src/ASF/common/services/clock/sam4s/sysclk.o
 .debug_macro   0x00001dae       0x22 src/ASF/common/services/clock/sam4s/sysclk.o
 .debug_macro   0x00001dd0       0x87 src/ASF/common/services/clock/sam4s/sysclk.o
 .debug_macro   0x00001e57       0x51 src/ASF/common/services/clock/sam4s/sysclk.o
 .debug_macro   0x00001ea8       0xef src/ASF/common/services/clock/sam4s/sysclk.o
 .debug_macro   0x00001f97       0x6a src/ASF/common/services/clock/sam4s/sysclk.o
 .debug_macro   0x00002001      0x1df src/ASF/common/services/clock/sam4s/sysclk.o
 .debug_macro   0x000021e0       0x27 src/ASF/common/services/clock/sam4s/sysclk.o
 .debug_macro   0x00002207       0x3b src/ASF/common/services/clock/sam4s/sysclk.o
 .debug_macro   0x00002242       0x2d src/ASF/common/services/clock/sam4s/sysclk.o
 .debug_macro   0x0000226f       0x26 src/ASF/common/services/clock/sam4s/sysclk.o
 .debug_macro   0x00002295      0xbbf src/ASF/common/services/clock/sam4s/sysclk.o
 .debug_macro   0x00002e54      0x159 src/ASF/common/services/clock/sam4s/sysclk.o
 .debug_macro   0x00002fad      0xaaf src/ASF/common/services/clock/sam4s/sysclk.o
 .debug_macro   0x00003a5c      0x1b9 src/ASF/common/services/clock/sam4s/sysclk.o
 .debug_macro   0x00003c15       0xac src/ASF/common/services/clock/sam4s/sysclk.o
 .debug_macro   0x00003cc1      0x401 src/ASF/common/services/clock/sam4s/sysclk.o
 .debug_macro   0x000040c2      0x106 src/ASF/common/services/clock/sam4s/sysclk.o
 .debug_macro   0x000041c8       0x1c src/ASF/common/services/clock/sam4s/sysclk.o
 .debug_macro   0x000041e4      0x738 src/ASF/common/services/clock/sam4s/sysclk.o
 .debug_macro   0x0000491c      0x2d2 src/ASF/common/services/clock/sam4s/sysclk.o
 .debug_macro   0x00004bee       0xbe src/ASF/common/services/clock/sam4s/sysclk.o
 .debug_macro   0x00004cac     0x280b src/ASF/common/services/clock/sam4s/sysclk.o
 .debug_macro   0x000074b7      0x777 src/ASF/common/services/clock/sam4s/sysclk.o
 .debug_macro   0x00007c2e      0xa8e src/ASF/common/services/clock/sam4s/sysclk.o
 .debug_macro   0x000086bc       0x9a src/ASF/common/services/clock/sam4s/sysclk.o
 .debug_macro   0x00008756      0x3d8 src/ASF/common/services/clock/sam4s/sysclk.o
 .debug_macro   0x00008b2e       0x64 src/ASF/common/services/clock/sam4s/sysclk.o
 .debug_macro   0x00008b92      0x1ae src/ASF/common/services/clock/sam4s/sysclk.o
 .debug_macro   0x00008d40      0x386 src/ASF/common/services/clock/sam4s/sysclk.o
 .debug_macro   0x000090c6      0x624 src/ASF/common/services/clock/sam4s/sysclk.o
 .debug_macro   0x000096ea      0x690 src/ASF/common/services/clock/sam4s/sysclk.o
 .debug_macro   0x00009d7a      0x59f src/ASF/common/services/clock/sam4s/sysclk.o
 .debug_macro   0x0000a319      0x34d src/ASF/common/services/clock/sam4s/sysclk.o
 .debug_macro   0x0000a666      0x28c src/ASF/common/services/clock/sam4s/sysclk.o
 .debug_macro   0x0000a8f2      0x2d6 src/ASF/common/services/clock/sam4s/sysclk.o
 .debug_macro   0x0000abc8      0x6d9 src/ASF/common/services/clock/sam4s/sysclk.o
 .debug_macro   0x0000b2a1       0x76 src/ASF/common/services/clock/sam4s/sysclk.o
 .debug_macro   0x0000b317       0xb8 src/ASF/common/services/clock/sam4s/sysclk.o
 .debug_macro   0x0000b3cf       0xb2 src/ASF/common/services/clock/sam4s/sysclk.o
 .debug_macro   0x0000b481       0x88 src/ASF/common/services/clock/sam4s/sysclk.o
 .debug_macro   0x0000b509      0x105 src/ASF/common/services/clock/sam4s/sysclk.o
 .debug_macro   0x0000b60e      0x105 src/ASF/common/services/clock/sam4s/sysclk.o
 .debug_macro   0x0000b713       0x88 src/ASF/common/services/clock/sam4s/sysclk.o
 .debug_macro   0x0000b79b       0x88 src/ASF/common/services/clock/sam4s/sysclk.o
 .debug_macro   0x0000b823      0x2cd src/ASF/common/services/clock/sam4s/sysclk.o
 .debug_macro   0x0000baf0       0xb2 src/ASF/common/services/clock/sam4s/sysclk.o
 .debug_macro   0x0000bba2       0xb2 src/ASF/common/services/clock/sam4s/sysclk.o
 .debug_macro   0x0000bc54       0x52 src/ASF/common/services/clock/sam4s/sysclk.o
 .debug_macro   0x0000bca6       0xac src/ASF/common/services/clock/sam4s/sysclk.o
 .debug_macro   0x0000bd52       0x7c src/ASF/common/services/clock/sam4s/sysclk.o
 .debug_macro   0x0000bdce       0x40 src/ASF/common/services/clock/sam4s/sysclk.o
 .debug_macro   0x0000be0e       0x64 src/ASF/common/services/clock/sam4s/sysclk.o
 .debug_macro   0x0000be72       0x88 src/ASF/common/services/clock/sam4s/sysclk.o
 .debug_macro   0x0000befa       0x4c src/ASF/common/services/clock/sam4s/sysclk.o
 .debug_macro   0x0000bf46       0xa6 src/ASF/common/services/clock/sam4s/sysclk.o
 .debug_macro   0x0000bfec       0x7c src/ASF/common/services/clock/sam4s/sysclk.o
 .debug_macro   0x0000c068       0x16 src/ASF/common/services/clock/sam4s/sysclk.o
 .debug_macro   0x0000c07e       0x7c src/ASF/common/services/clock/sam4s/sysclk.o
 .debug_macro   0x0000c0fa       0x22 src/ASF/common/services/clock/sam4s/sysclk.o
 .debug_macro   0x0000c11c      0x195 src/ASF/common/services/clock/sam4s/sysclk.o
 .debug_macro   0x0000c2b1      0x165 src/ASF/common/services/clock/sam4s/sysclk.o
 .debug_macro   0x0000c416      0x165 src/ASF/common/services/clock/sam4s/sysclk.o
 .debug_macro   0x0000c57b       0x1c src/ASF/common/services/clock/sam4s/sysclk.o
 .debug_macro   0x0000c597       0x2e src/ASF/common/services/clock/sam4s/sysclk.o
 .debug_macro   0x0000c5c5       0x22 src/ASF/common/services/clock/sam4s/sysclk.o
 .debug_macro   0x0000c5e7       0x1c src/ASF/common/services/clock/sam4s/sysclk.o
 .debug_macro   0x0000c603       0x52 src/ASF/common/services/clock/sam4s/sysclk.o
 .debug_macro   0x0000c655       0x10 src/ASF/common/services/clock/sam4s/sysclk.o
 .debug_macro   0x0000c665      0x21f src/ASF/common/services/clock/sam4s/sysclk.o
 .debug_macro   0x0000c884      0x938 src/ASF/common/services/clock/sam4s/sysclk.o
 .debug_macro   0x0000d1bc      0x107 src/ASF/common/services/clock/sam4s/sysclk.o
 .debug_macro   0x0000d2c3       0x58 src/ASF/common/services/clock/sam4s/sysclk.o
 .debug_macro   0x0000d31b       0x35 src/ASF/common/services/clock/sam4s/sysclk.o
 .debug_macro   0x0000d350       0x9c src/ASF/common/services/clock/sam4s/sysclk.o
 .debug_macro   0x0000d3ec       0x16 src/ASF/common/services/clock/sam4s/sysclk.o
 .debug_macro   0x0000d402       0x35 src/ASF/common/services/clock/sam4s/sysclk.o
 .debug_macro   0x0000d437      0x353 src/ASF/common/services/clock/sam4s/sysclk.o
 .debug_macro   0x0000d78a       0x10 src/ASF/common/services/clock/sam4s/sysclk.o
 .debug_macro   0x0000d79a       0x58 src/ASF/common/services/clock/sam4s/sysclk.o
 .debug_macro   0x0000d7f2       0x1f src/ASF/common/services/clock/sam4s/sysclk.o
 .debug_macro   0x0000d811       0x43 src/ASF/common/services/clock/sam4s/sysclk.o
 .debug_macro   0x0000d854       0x20 src/ASF/common/services/clock/sam4s/sysclk.o
 .debug_macro   0x0000d874      0x187 src/ASF/common/services/clock/sam4s/sysclk.o
 .debug_macro   0x0000d9fb       0x10 src/ASF/common/services/clock/sam4s/sysclk.o
 .debug_macro   0x0000da0b       0x1c src/ASF/common/services/clock/sam4s/sysclk.o
 .debug_macro   0x0000da27       0x52 src/ASF/common/services/clock/sam4s/sysclk.o
 .debug_macro   0x0000da79       0x40 src/ASF/common/services/clock/sam4s/sysclk.o
 .debug_macro   0x0000dab9       0x10 src/ASF/common/services/clock/sam4s/sysclk.o
 .debug_macro   0x0000dac9       0x40 src/ASF/common/services/clock/sam4s/sysclk.o
 .debug_macro   0x0000db09       0xd7 src/ASF/common/services/clock/sam4s/sysclk.o
 .debug_macro   0x0000dbe0       0x16 src/ASF/common/services/clock/sam4s/sysclk.o
 .debug_macro   0x0000dbf6      0x18b src/ASF/common/services/clock/sam4s/sysclk.o
 .debug_macro   0x0000dd81       0x22 src/ASF/common/services/clock/sam4s/sysclk.o
 .debug_macro   0x0000dda3       0x16 src/ASF/common/services/clock/sam4s/sysclk.o
 .debug_macro   0x0000ddb9       0x16 src/ASF/common/services/clock/sam4s/sysclk.o
 .debug_macro   0x0000ddcf       0x29 src/ASF/common/services/clock/sam4s/sysclk.o
 .debug_macro   0x0000ddf8       0x75 src/ASF/common/services/clock/sam4s/sysclk.o
 .debug_macro   0x0000de6d       0x3f src/ASF/common/services/clock/sam4s/sysclk.o
 .debug_macro   0x0000deac      0x3ca src/ASF/common/services/clock/sam4s/sysclk.o
 .debug_macro   0x0000e276      0x2c0 src/ASF/common/services/clock/sam4s/sysclk.o
 .debug_macro   0x0000e536       0xac src/ASF/common/services/clock/sam4s/sysclk.o
 .debug_macro   0x0000e5e2      0x81f src/ASF/common/services/clock/sam4s/sysclk.o
 .debug_macro   0x0000ee01       0x58 src/ASF/common/services/clock/sam4s/sysclk.o
 .debug_macro   0x0000ee59       0x64 src/ASF/common/services/clock/sam4s/sysclk.o
 .debug_macro   0x0000eebd       0x46 src/ASF/common/services/clock/sam4s/sysclk.o
 .debug_macro   0x0000ef03       0x90 src/ASF/common/services/clock/sam4s/sysclk.o
 .debug_macro   0x0000ef93      0x515 src/ASF/common/services/delay/sam/cycle_counter.o
 .debug_macro   0x0000f4a8       0x22 src/ASF/common/services/delay/sam/cycle_counter.o
 .debug_macro   0x0000f4ca      0x54f src/ASF/sam/boards/sam4s_wpir_rd/init.o
 .debug_macro   0x0000fa19       0x94 src/ASF/sam/boards/sam4s_wpir_rd/init.o
 .debug_macro   0x0000faad       0x40 src/ASF/sam/boards/sam4s_wpir_rd/init.o
 .debug_macro   0x0000faed      0x5ea src/ASF/sam/components/cmos_image_sensor/ov7740/ov7740.o
 .debug_macro   0x000100d7       0x28 src/ASF/sam/components/cmos_image_sensor/ov7740/ov7740.o
 .debug_macro   0x000100ff       0x23 src/ASF/sam/components/cmos_image_sensor/ov7740/ov7740.o
 .debug_macro   0x00010122      0x3fa src/ASF/sam/components/cmos_image_sensor/ov7740/ov7740.o
 .debug_macro   0x0001051c       0x4c src/ASF/sam/components/cmos_image_sensor/ov7740/ov7740.o
 .debug_macro   0x00010568       0x16 src/ASF/sam/components/cmos_image_sensor/ov7740/ov7740.o
 .debug_macro   0x0001057e       0x16 src/ASF/sam/components/cmos_image_sensor/ov7740/ov7740.o
 .debug_macro   0x00010594      0x5c4 src/ASF/sam/components/cmos_image_sensor/ov7740/ov7740_table_registers.o
 .debug_macro   0x00010b58      0x5c9 src/ASF/sam/components/display/aat31xx/aat31xx.o
 .debug_macro   0x00011121       0x82 src/ASF/sam/components/display/aat31xx/aat31xx.o
 .debug_macro   0x000111a3       0x1c src/ASF/sam/components/display/aat31xx/aat31xx.o
 .debug_macro   0x000111bf      0x576 src/ASF/sam/components/display/ili9325/ili9325.o
 .debug_macro   0x00011735      0x93a src/ASF/sam/components/display/ili9325/ili9325.o
 .debug_macro   0x0001206f      0x53d src/ASF/sam/drivers/ebi/smc/smc.o
 .debug_macro   0x000125ac      0x51b src/ASF/sam/drivers/pio/pio.o
 .debug_macro   0x00012ac7       0x8e src/ASF/sam/drivers/pio/pio.o
 .debug_macro   0x00012b55      0x525 src/ASF/sam/drivers/pio/pio_handler.o
 .debug_macro   0x0001307a      0x51b src/ASF/sam/drivers/pmc/pmc.o
 .debug_macro   0x00013595       0x52 src/ASF/sam/drivers/pmc/pmc.o
 .debug_macro   0x000135e7      0x53f src/ASF/sam/drivers/twi/twi.o
 .debug_macro   0x00013b26       0x46 src/ASF/sam/drivers/twi/twi.o
 .debug_macro   0x00013b6c      0x307 src/ASF/sam/utils/cmsis/sam4s/source/templates/gcc/startup_sam4s.o
 .debug_macro   0x00013e73      0x30f src/ASF/sam/utils/cmsis/sam4s/source/templates/system_sam4s.o
 .debug_macro   0x00014182      0x69d src/imagesensor_capture_example.o
 .debug_macro   0x0001481f       0x88 src/imagesensor_capture_example.o
 .debug_macro   0x000148a7      0x400 src/imagesensor_capture_example.o
 .debug_macro   0x00014ca7       0x1c src/imagesensor_capture_example.o

.debug_line     0x00000000     0xbd12
 .debug_line    0x00000000      0xbc0 src/ASF/common/services/clock/sam4s/sysclk.o
 .debug_line    0x00000bc0      0xa7a src/ASF/common/services/delay/sam/cycle_counter.o
 .debug_line    0x0000163a      0xb7c src/ASF/sam/boards/sam4s_wpir_rd/init.o
 .debug_line    0x000021b6      0xe31 src/ASF/sam/components/cmos_image_sensor/ov7740/ov7740.o
 .debug_line    0x00002fe7      0xc57 src/ASF/sam/components/cmos_image_sensor/ov7740/ov7740_table_registers.o
 .debug_line    0x00003c3e      0xc80 src/ASF/sam/components/display/aat31xx/aat31xx.o
 .debug_line    0x000048be     0x1082 src/ASF/sam/components/display/ili9325/ili9325.o
 .debug_line    0x00005940      0xb44 src/ASF/sam/drivers/ebi/smc/smc.o
 .debug_line    0x00006484      0xf23 src/ASF/sam/drivers/pio/pio.o
 .debug_line    0x000073a7      0xb3e src/ASF/sam/drivers/pio/pio_handler.o
 .debug_line    0x00007ee5     0x1006 src/ASF/sam/drivers/pmc/pmc.o
 .debug_line    0x00008eeb      0xcd8 src/ASF/sam/drivers/twi/twi.o
 .debug_line    0x00009bc3      0x84f src/ASF/sam/utils/cmsis/sam4s/source/templates/gcc/startup_sam4s.o
 .debug_line    0x0000a412      0x879 src/ASF/sam/utils/cmsis/sam4s/source/templates/system_sam4s.o
 .debug_line    0x0000ac8b     0x1087 src/imagesensor_capture_example.o

.debug_str      0x00000000    0x57b67
 .debug_str     0x00000000    0x4dbc1 src/ASF/common/services/clock/sam4s/sysclk.o
                              0x4dfd0 (size before relaxing)
 .debug_str     0x0004dbc1      0x1a9 src/ASF/common/services/delay/sam/cycle_counter.o
                              0x4a116 (size before relaxing)
 .debug_str     0x0004dd6a      0x67d src/ASF/sam/boards/sam4s_wpir_rd/init.o
                              0x4d9a6 (size before relaxing)
 .debug_str     0x0004e3e7     0x1e31 src/ASF/sam/components/cmos_image_sensor/ov7740/ov7740.o
                              0x500d3 (size before relaxing)
 .debug_str     0x00050218       0x4c src/ASF/sam/components/cmos_image_sensor/ov7740/ov7740_table_registers.o
                              0x4f912 (size before relaxing)
 .debug_str     0x00050264      0x495 src/ASF/sam/components/display/aat31xx/aat31xx.o
                              0x4e363 (size before relaxing)
 .debug_str     0x000506f9     0x5670 src/ASF/sam/components/display/ili9325/ili9325.o
                              0x52a95 (size before relaxing)
 .debug_str     0x00055d69      0x19a src/ASF/sam/drivers/ebi/smc/smc.o
                              0x4d489 (size before relaxing)
 .debug_str     0x00055f03      0x596 src/ASF/sam/drivers/pio/pio.o
                              0x4abb6 (size before relaxing)
 .debug_str     0x00056499      0x3f7 src/ASF/sam/drivers/pio/pio_handler.o
                              0x4aad8 (size before relaxing)
 .debug_str     0x00056890      0x652 src/ASF/sam/drivers/pmc/pmc.o
                              0x4aa14 (size before relaxing)
 .debug_str     0x00056ee2      0x2c7 src/ASF/sam/drivers/twi/twi.o
                              0x4a4e1 (size before relaxing)
 .debug_str     0x000571a9      0x431 src/ASF/sam/utils/cmsis/sam4s/source/templates/gcc/startup_sam4s.o
                              0x3a9f4 (size before relaxing)
 .debug_str     0x000575da       0xb9 src/ASF/sam/utils/cmsis/sam4s/source/templates/system_sam4s.o
                              0x3a78a (size before relaxing)
 .debug_str     0x00057693      0x4d4 src/imagesensor_capture_example.o
                              0x55e89 (size before relaxing)

.debug_frame    0x00000000     0x13ec
 .debug_frame   0x00000000       0x58 src/ASF/common/services/clock/sam4s/sysclk.o
 .debug_frame   0x00000058       0x20 src/ASF/common/services/delay/sam/cycle_counter.o
 .debug_frame   0x00000078       0x2c src/ASF/sam/boards/sam4s_wpir_rd/init.o
 .debug_frame   0x000000a4      0x190 src/ASF/sam/components/cmos_image_sensor/ov7740/ov7740.o
 .debug_frame   0x00000234       0x50 src/ASF/sam/components/display/aat31xx/aat31xx.o
 .debug_frame   0x00000284      0x410 src/ASF/sam/components/display/ili9325/ili9325.o
 .debug_frame   0x00000694       0x80 src/ASF/sam/drivers/ebi/smc/smc.o
 .debug_frame   0x00000714      0x384 src/ASF/sam/drivers/pio/pio.o
 .debug_frame   0x00000a98       0xf4 src/ASF/sam/drivers/pio/pio_handler.o
 .debug_frame   0x00000b8c      0x408 src/ASF/sam/drivers/pmc/pmc.o
 .debug_frame   0x00000f94      0x1d4 src/ASF/sam/drivers/twi/twi.o
 .debug_frame   0x00001168       0x38 src/ASF/sam/utils/cmsis/sam4s/source/templates/gcc/startup_sam4s.o
 .debug_frame   0x000011a0       0x40 src/ASF/sam/utils/cmsis/sam4s/source/templates/system_sam4s.o
 .debug_frame   0x000011e0       0x4c src/imagesensor_capture_example.o
 .debug_frame   0x0000122c       0x2c c:/program files (x86)/atmel/studio/7.0/toolchain/arm/arm-gnu-toolchain/bin/../lib/gcc/arm-none-eabi/6.3.1/../../../../arm-none-eabi/lib/thumb/v7e-m\libc.a(lib_a-init.o)
 .debug_frame   0x00001258       0x5c c:/program files (x86)/atmel/studio/7.0/toolchain/arm/arm-gnu-toolchain/bin/../lib/gcc/arm-none-eabi/6.3.1/../../../../arm-none-eabi/lib/thumb/v7e-m\libc.a(lib_a-__call_atexit.o)
 .debug_frame   0x000012b4       0x20 c:/program files (x86)/atmel/studio/7.0/toolchain/arm/arm-gnu-toolchain/bin/../lib/gcc/arm-none-eabi/6.3.1/../../../../arm-none-eabi/lib/thumb/v7e-m\libc.a(lib_a-atexit.o)
 .debug_frame   0x000012d4       0x34 c:/program files (x86)/atmel/studio/7.0/toolchain/arm/arm-gnu-toolchain/bin/../lib/gcc/arm-none-eabi/6.3.1/../../../../arm-none-eabi/lib/thumb/v7e-m\libc.a(lib_a-fini.o)
 .debug_frame   0x00001308       0xb0 c:/program files (x86)/atmel/studio/7.0/toolchain/arm/arm-gnu-toolchain/bin/../lib/gcc/arm-none-eabi/6.3.1/../../../../arm-none-eabi/lib/thumb/v7e-m\libc.a(lib_a-lock.o)
 .debug_frame   0x000013b8       0x34 c:/program files (x86)/atmel/studio/7.0/toolchain/arm/arm-gnu-toolchain/bin/../lib/gcc/arm-none-eabi/6.3.1/../../../../arm-none-eabi/lib/thumb/v7e-m\libc.a(lib_a-__atexit.o)

Cross Reference Table

Symbol                                            File
ACC_Handler                                       src/ASF/sam/utils/cmsis/sam4s/source/templates/gcc/startup_sam4s.o
ADC_Handler                                       src/ASF/sam/utils/cmsis/sam4s/source/templates/gcc/startup_sam4s.o
BusFault_Handler                                  src/ASF/sam/utils/cmsis/sam4s/source/templates/gcc/startup_sam4s.o
CRCCU_Handler                                     src/ASF/sam/utils/cmsis/sam4s/source/templates/gcc/startup_sam4s.o
DACC_Handler                                      src/ASF/sam/utils/cmsis/sam4s/source/templates/gcc/startup_sam4s.o
DebugMon_Handler                                  src/ASF/sam/utils/cmsis/sam4s/source/templates/gcc/startup_sam4s.o
Dummy_Handler                                     src/ASF/sam/utils/cmsis/sam4s/source/templates/gcc/startup_sam4s.o
EFC0_Handler                                      src/ASF/sam/utils/cmsis/sam4s/source/templates/gcc/startup_sam4s.o
HSMCI_Handler                                     src/ASF/sam/utils/cmsis/sam4s/source/templates/gcc/startup_sam4s.o
HardFault_Handler                                 src/ASF/sam/utils/cmsis/sam4s/source/templates/gcc/startup_sam4s.o
MemManage_Handler                                 src/ASF/sam/utils/cmsis/sam4s/source/templates/gcc/startup_sam4s.o
NMI_Handler                                       src/ASF/sam/utils/cmsis/sam4s/source/templates/gcc/startup_sam4s.o
OV7740_QQVGA_RGB888                               src/ASF/sam/components/cmos_image_sensor/ov7740/ov7740_table_registers.o
                                                  src/ASF/sam/components/cmos_image_sensor/ov7740/ov7740.o
OV7740_QQVGA_YUV422                               src/ASF/sam/components/cmos_image_sensor/ov7740/ov7740_table_registers.o
                                                  src/ASF/sam/components/cmos_image_sensor/ov7740/ov7740.o
OV7740_QVGA_RGB888                                src/ASF/sam/components/cmos_image_sensor/ov7740/ov7740_table_registers.o
                                                  src/ASF/sam/components/cmos_image_sensor/ov7740/ov7740.o
OV7740_QVGA_YUV422_10FPS                          src/ASF/sam/components/cmos_image_sensor/ov7740/ov7740_table_registers.o
                                                  src/ASF/sam/components/cmos_image_sensor/ov7740/ov7740.o
OV7740_QVGA_YUV422_15FPS                          src/ASF/sam/components/cmos_image_sensor/ov7740/ov7740_table_registers.o
                                                  src/ASF/sam/components/cmos_image_sensor/ov7740/ov7740.o
OV7740_QVGA_YUV422_20FPS                          src/ASF/sam/components/cmos_image_sensor/ov7740/ov7740_table_registers.o
                                                  src/ASF/sam/components/cmos_image_sensor/ov7740/ov7740.o
OV7740_QVGA_YUV422_30FPS                          src/ASF/sam/components/cmos_image_sensor/ov7740/ov7740_table_registers.o
                                                  src/ASF/sam/components/cmos_image_sensor/ov7740/ov7740.o
OV7740_TEST_PATTERN                               src/ASF/sam/components/cmos_image_sensor/ov7740/ov7740_table_registers.o
                                                  src/ASF/sam/components/cmos_image_sensor/ov7740/ov7740.o
OV7740_VGA_YUV422_20FPS                           src/ASF/sam/components/cmos_image_sensor/ov7740/ov7740_table_registers.o
                                                  src/ASF/sam/components/cmos_image_sensor/ov7740/ov7740.o
PIOA_Handler                                      src/ASF/sam/drivers/pio/pio_handler.o
PIOB_Handler                                      src/ASF/sam/drivers/pio/pio_handler.o
PIOC_Handler                                      src/ASF/sam/drivers/pio/pio_handler.o
PMC_Handler                                       src/ASF/sam/utils/cmsis/sam4s/source/templates/gcc/startup_sam4s.o
PWM_Handler                                       src/ASF/sam/utils/cmsis/sam4s/source/templates/gcc/startup_sam4s.o
PendSV_Handler                                    src/ASF/sam/utils/cmsis/sam4s/source/templates/gcc/startup_sam4s.o
RSTC_Handler                                      src/ASF/sam/utils/cmsis/sam4s/source/templates/gcc/startup_sam4s.o
RTC_Handler                                       src/ASF/sam/utils/cmsis/sam4s/source/templates/gcc/startup_sam4s.o
RTT_Handler                                       src/ASF/sam/utils/cmsis/sam4s/source/templates/gcc/startup_sam4s.o
Reset_Handler                                     src/ASF/sam/utils/cmsis/sam4s/source/templates/gcc/startup_sam4s.o
SPI_Handler                                       src/ASF/sam/utils/cmsis/sam4s/source/templates/gcc/startup_sam4s.o
SSC_Handler                                       src/ASF/sam/utils/cmsis/sam4s/source/templates/gcc/startup_sam4s.o
SUPC_Handler                                      src/ASF/sam/utils/cmsis/sam4s/source/templates/gcc/startup_sam4s.o
SVC_Handler                                       src/ASF/sam/utils/cmsis/sam4s/source/templates/gcc/startup_sam4s.o
SysTick_Handler                                   src/ASF/sam/utils/cmsis/sam4s/source/templates/gcc/startup_sam4s.o
SystemCoreClock                                   src/ASF/sam/utils/cmsis/sam4s/source/templates/system_sam4s.o
SystemCoreClockUpdate                             src/ASF/sam/utils/cmsis/sam4s/source/templates/system_sam4s.o
                                                  src/ASF/common/services/clock/sam4s/sysclk.o
SystemInit                                        src/ASF/sam/utils/cmsis/sam4s/source/templates/system_sam4s.o
TC0_Handler                                       src/ASF/sam/utils/cmsis/sam4s/source/templates/gcc/startup_sam4s.o
TC1_Handler                                       src/ASF/sam/utils/cmsis/sam4s/source/templates/gcc/startup_sam4s.o
TC2_Handler                                       src/ASF/sam/utils/cmsis/sam4s/source/templates/gcc/startup_sam4s.o
TC3_Handler                                       src/ASF/sam/utils/cmsis/sam4s/source/templates/gcc/startup_sam4s.o
TC4_Handler                                       src/ASF/sam/utils/cmsis/sam4s/source/templates/gcc/startup_sam4s.o
TC5_Handler                                       src/ASF/sam/utils/cmsis/sam4s/source/templates/gcc/startup_sam4s.o
TWI0_Handler                                      src/ASF/sam/utils/cmsis/sam4s/source/templates/gcc/startup_sam4s.o
TWI1_Handler                                      src/ASF/sam/utils/cmsis/sam4s/source/templates/gcc/startup_sam4s.o
UART0_Handler                                     src/ASF/sam/utils/cmsis/sam4s/source/templates/gcc/startup_sam4s.o
UART1_Handler                                     src/ASF/sam/utils/cmsis/sam4s/source/templates/gcc/startup_sam4s.o
UDP_Handler                                       src/ASF/sam/utils/cmsis/sam4s/source/templates/gcc/startup_sam4s.o
USART0_Handler                                    src/ASF/sam/utils/cmsis/sam4s/source/templates/gcc/startup_sam4s.o
USART1_Handler                                    src/ASF/sam/utils/cmsis/sam4s/source/templates/gcc/startup_sam4s.o
UsageFault_Handler                                src/ASF/sam/utils/cmsis/sam4s/source/templates/gcc/startup_sam4s.o
WDT_Handler                                       src/ASF/sam/utils/cmsis/sam4s/source/templates/gcc/startup_sam4s.o
_Jv_RegisterClasses                               c:/program files (x86)/atmel/studio/7.0/toolchain/arm/arm-gnu-toolchain/bin/../lib/gcc/arm-none-eabi/6.3.1/thumb/v7e-m/crtbegin.o
__atexit_recursive_mutex                          c:/program files (x86)/atmel/studio/7.0/toolchain/arm/arm-gnu-toolchain/bin/../lib/gcc/arm-none-eabi/6.3.1/../../../../arm-none-eabi/lib/thumb/v7e-m\libc.a(lib_a-__call_atexit.o)
                                                  c:/program files (x86)/atmel/studio/7.0/toolchain/arm/arm-gnu-toolchain/bin/../lib/gcc/arm-none-eabi/6.3.1/../../../../arm-none-eabi/lib/thumb/v7e-m\libc.a(lib_a-__atexit.o)
__bss_end__                                       c:/program files (x86)/atmel/studio/7.0/toolchain/arm/arm-gnu-toolchain/bin/../lib/gcc/arm-none-eabi/6.3.1/../../../../arm-none-eabi/lib/thumb/v7e-m/crt0.o
__bss_start__                                     c:/program files (x86)/atmel/studio/7.0/toolchain/arm/arm-gnu-toolchain/bin/../lib/gcc/arm-none-eabi/6.3.1/../../../../arm-none-eabi/lib/thumb/v7e-m/crt0.o
__call_exitprocs                                  c:/program files (x86)/atmel/studio/7.0/toolchain/arm/arm-gnu-toolchain/bin/../lib/gcc/arm-none-eabi/6.3.1/../../../../arm-none-eabi/lib/thumb/v7e-m\libc.a(lib_a-__call_atexit.o)
                                                  c:/program files (x86)/atmel/studio/7.0/toolchain/arm/arm-gnu-toolchain/bin/../lib/gcc/arm-none-eabi/6.3.1/../../../../arm-none-eabi/lib/thumb/v7e-m\libc.a(lib_a-exit.o)
__deregister_frame_info                           c:/program files (x86)/atmel/studio/7.0/toolchain/arm/arm-gnu-toolchain/bin/../lib/gcc/arm-none-eabi/6.3.1/thumb/v7e-m/crtbegin.o
__dso_handle                                      c:/program files (x86)/atmel/studio/7.0/toolchain/arm/arm-gnu-toolchain/bin/../lib/gcc/arm-none-eabi/6.3.1/thumb/v7e-m/crtbegin.o
__fini_array_end                                  c:/program files (x86)/atmel/studio/7.0/toolchain/arm/arm-gnu-toolchain/bin/../lib/gcc/arm-none-eabi/6.3.1/../../../../arm-none-eabi/lib/thumb/v7e-m\libc.a(lib_a-fini.o)
__fini_array_start                                c:/program files (x86)/atmel/studio/7.0/toolchain/arm/arm-gnu-toolchain/bin/../lib/gcc/arm-none-eabi/6.3.1/../../../../arm-none-eabi/lib/thumb/v7e-m\libc.a(lib_a-fini.o)
__init_array_end                                  c:/program files (x86)/atmel/studio/7.0/toolchain/arm/arm-gnu-toolchain/bin/../lib/gcc/arm-none-eabi/6.3.1/../../../../arm-none-eabi/lib/thumb/v7e-m\libc.a(lib_a-init.o)
__init_array_start                                c:/program files (x86)/atmel/studio/7.0/toolchain/arm/arm-gnu-toolchain/bin/../lib/gcc/arm-none-eabi/6.3.1/../../../../arm-none-eabi/lib/thumb/v7e-m\libc.a(lib_a-init.o)
__libc_fini                                       c:/program files (x86)/atmel/studio/7.0/toolchain/arm/arm-gnu-toolchain/bin/../lib/gcc/arm-none-eabi/6.3.1/../../../../arm-none-eabi/lib/thumb/v7e-m\libc.a(lib_a-__call_atexit.o)
__libc_fini_array                                 c:/program files (x86)/atmel/studio/7.0/toolchain/arm/arm-gnu-toolchain/bin/../lib/gcc/arm-none-eabi/6.3.1/../../../../arm-none-eabi/lib/thumb/v7e-m\libc.a(lib_a-fini.o)
                                                  c:/program files (x86)/atmel/studio/7.0/toolchain/arm/arm-gnu-toolchain/bin/../lib/gcc/arm-none-eabi/6.3.1/../../../../arm-none-eabi/lib/thumb/v7e-m\libc.a(lib_a-__call_atexit.o)
                                                  c:/program files (x86)/atmel/studio/7.0/toolchain/arm/arm-gnu-toolchain/bin/../lib/gcc/arm-none-eabi/6.3.1/../../../../arm-none-eabi/lib/thumb/v7e-m/crt0.o
__libc_init_array                                 c:/program files (x86)/atmel/studio/7.0/toolchain/arm/arm-gnu-toolchain/bin/../lib/gcc/arm-none-eabi/6.3.1/../../../../arm-none-eabi/lib/thumb/v7e-m\libc.a(lib_a-init.o)
                                                  src/ASF/sam/utils/cmsis/sam4s/source/templates/gcc/startup_sam4s.o
                                                  c:/program files (x86)/atmel/studio/7.0/toolchain/arm/arm-gnu-toolchain/bin/../lib/gcc/arm-none-eabi/6.3.1/../../../../arm-none-eabi/lib/thumb/v7e-m/crt0.o
__lock___arc4random_mutex                         c:/program files (x86)/atmel/studio/7.0/toolchain/arm/arm-gnu-toolchain/bin/../lib/gcc/arm-none-eabi/6.3.1/../../../../arm-none-eabi/lib/thumb/v7e-m\libc.a(lib_a-lock.o)
__lock___at_quick_exit_mutex                      c:/program files (x86)/atmel/studio/7.0/toolchain/arm/arm-gnu-toolchain/bin/../lib/gcc/arm-none-eabi/6.3.1/../../../../arm-none-eabi/lib/thumb/v7e-m\libc.a(lib_a-lock.o)
__lock___atexit_recursive_mutex                   c:/program files (x86)/atmel/studio/7.0/toolchain/arm/arm-gnu-toolchain/bin/../lib/gcc/arm-none-eabi/6.3.1/../../../../arm-none-eabi/lib/thumb/v7e-m\libc.a(lib_a-lock.o)
                                                  c:/program files (x86)/atmel/studio/7.0/toolchain/arm/arm-gnu-toolchain/bin/../lib/gcc/arm-none-eabi/6.3.1/../../../../arm-none-eabi/lib/thumb/v7e-m\libc.a(lib_a-__call_atexit.o)
__lock___dd_hash_mutex                            c:/program files (x86)/atmel/studio/7.0/toolchain/arm/arm-gnu-toolchain/bin/../lib/gcc/arm-none-eabi/6.3.1/../../../../arm-none-eabi/lib/thumb/v7e-m\libc.a(lib_a-lock.o)
__lock___env_recursive_mutex                      c:/program files (x86)/atmel/studio/7.0/toolchain/arm/arm-gnu-toolchain/bin/../lib/gcc/arm-none-eabi/6.3.1/../../../../arm-none-eabi/lib/thumb/v7e-m\libc.a(lib_a-lock.o)
__lock___malloc_recursive_mutex                   c:/program files (x86)/atmel/studio/7.0/toolchain/arm/arm-gnu-toolchain/bin/../lib/gcc/arm-none-eabi/6.3.1/../../../../arm-none-eabi/lib/thumb/v7e-m\libc.a(lib_a-lock.o)
__lock___sfp_recursive_mutex                      c:/program files (x86)/atmel/studio/7.0/toolchain/arm/arm-gnu-toolchain/bin/../lib/gcc/arm-none-eabi/6.3.1/../../../../arm-none-eabi/lib/thumb/v7e-m\libc.a(lib_a-lock.o)
__lock___sinit_recursive_mutex                    c:/program files (x86)/atmel/studio/7.0/toolchain/arm/arm-gnu-toolchain/bin/../lib/gcc/arm-none-eabi/6.3.1/../../../../arm-none-eabi/lib/thumb/v7e-m\libc.a(lib_a-lock.o)
__lock___tz_mutex                                 c:/program files (x86)/atmel/studio/7.0/toolchain/arm/arm-gnu-toolchain/bin/../lib/gcc/arm-none-eabi/6.3.1/../../../../arm-none-eabi/lib/thumb/v7e-m\libc.a(lib_a-lock.o)
__preinit_array_end                               c:/program files (x86)/atmel/studio/7.0/toolchain/arm/arm-gnu-toolchain/bin/../lib/gcc/arm-none-eabi/6.3.1/../../../../arm-none-eabi/lib/thumb/v7e-m\libc.a(lib_a-init.o)
__preinit_array_start                             c:/program files (x86)/atmel/studio/7.0/toolchain/arm/arm-gnu-toolchain/bin/../lib/gcc/arm-none-eabi/6.3.1/../../../../arm-none-eabi/lib/thumb/v7e-m\libc.a(lib_a-init.o)
__ram_end__                                       src/ASF/sam/utils/syscalls/gcc/syscalls.o
__register_exitproc                               c:/program files (x86)/atmel/studio/7.0/toolchain/arm/arm-gnu-toolchain/bin/../lib/gcc/arm-none-eabi/6.3.1/../../../../arm-none-eabi/lib/thumb/v7e-m\libc.a(lib_a-__atexit.o)
                                                  c:/program files (x86)/atmel/studio/7.0/toolchain/arm/arm-gnu-toolchain/bin/../lib/gcc/arm-none-eabi/6.3.1/../../../../arm-none-eabi/lib/thumb/v7e-m\libc.a(lib_a-atexit.o)
__register_frame_info                             c:/program files (x86)/atmel/studio/7.0/toolchain/arm/arm-gnu-toolchain/bin/../lib/gcc/arm-none-eabi/6.3.1/thumb/v7e-m/crtbegin.o
__retarget_lock_acquire                           c:/program files (x86)/atmel/studio/7.0/toolchain/arm/arm-gnu-toolchain/bin/../lib/gcc/arm-none-eabi/6.3.1/../../../../arm-none-eabi/lib/thumb/v7e-m\libc.a(lib_a-lock.o)
__retarget_lock_acquire_recursive                 c:/program files (x86)/atmel/studio/7.0/toolchain/arm/arm-gnu-toolchain/bin/../lib/gcc/arm-none-eabi/6.3.1/../../../../arm-none-eabi/lib/thumb/v7e-m\libc.a(lib_a-lock.o)
                                                  c:/program files (x86)/atmel/studio/7.0/toolchain/arm/arm-gnu-toolchain/bin/../lib/gcc/arm-none-eabi/6.3.1/../../../../arm-none-eabi/lib/thumb/v7e-m\libc.a(lib_a-__atexit.o)
                                                  c:/program files (x86)/atmel/studio/7.0/toolchain/arm/arm-gnu-toolchain/bin/../lib/gcc/arm-none-eabi/6.3.1/../../../../arm-none-eabi/lib/thumb/v7e-m\libc.a(lib_a-__call_atexit.o)
__retarget_lock_close                             c:/program files (x86)/atmel/studio/7.0/toolchain/arm/arm-gnu-toolchain/bin/../lib/gcc/arm-none-eabi/6.3.1/../../../../arm-none-eabi/lib/thumb/v7e-m\libc.a(lib_a-lock.o)
__retarget_lock_close_recursive                   c:/program files (x86)/atmel/studio/7.0/toolchain/arm/arm-gnu-toolchain/bin/../lib/gcc/arm-none-eabi/6.3.1/../../../../arm-none-eabi/lib/thumb/v7e-m\libc.a(lib_a-lock.o)
__retarget_lock_init                              c:/program files (x86)/atmel/studio/7.0/toolchain/arm/arm-gnu-toolchain/bin/../lib/gcc/arm-none-eabi/6.3.1/../../../../arm-none-eabi/lib/thumb/v7e-m\libc.a(lib_a-lock.o)
__retarget_lock_init_recursive                    c:/program files (x86)/atmel/studio/7.0/toolchain/arm/arm-gnu-toolchain/bin/../lib/gcc/arm-none-eabi/6.3.1/../../../../arm-none-eabi/lib/thumb/v7e-m\libc.a(lib_a-lock.o)
__retarget_lock_release                           c:/program files (x86)/atmel/studio/7.0/toolchain/arm/arm-gnu-toolchain/bin/../lib/gcc/arm-none-eabi/6.3.1/../../../../arm-none-eabi/lib/thumb/v7e-m\libc.a(lib_a-lock.o)
__retarget_lock_release_recursive                 c:/program files (x86)/atmel/studio/7.0/toolchain/arm/arm-gnu-toolchain/bin/../lib/gcc/arm-none-eabi/6.3.1/../../../../arm-none-eabi/lib/thumb/v7e-m\libc.a(lib_a-lock.o)
                                                  c:/program files (x86)/atmel/studio/7.0/toolchain/arm/arm-gnu-toolchain/bin/../lib/gcc/arm-none-eabi/6.3.1/../../../../arm-none-eabi/lib/thumb/v7e-m\libc.a(lib_a-__atexit.o)
                                                  c:/program files (x86)/atmel/studio/7.0/toolchain/arm/arm-gnu-toolchain/bin/../lib/gcc/arm-none-eabi/6.3.1/../../../../arm-none-eabi/lib/thumb/v7e-m\libc.a(lib_a-__call_atexit.o)
__retarget_lock_try_acquire                       c:/program files (x86)/atmel/studio/7.0/toolchain/arm/arm-gnu-toolchain/bin/../lib/gcc/arm-none-eabi/6.3.1/../../../../arm-none-eabi/lib/thumb/v7e-m\libc.a(lib_a-lock.o)
__retarget_lock_try_acquire_recursive             c:/program files (x86)/atmel/studio/7.0/toolchain/arm/arm-gnu-toolchain/bin/../lib/gcc/arm-none-eabi/6.3.1/../../../../arm-none-eabi/lib/thumb/v7e-m\libc.a(lib_a-lock.o)
__stack                                           c:/program files (x86)/atmel/studio/7.0/toolchain/arm/arm-gnu-toolchain/bin/../lib/gcc/arm-none-eabi/6.3.1/../../../../arm-none-eabi/lib/thumb/v7e-m/crt0.o
_close                                            src/ASF/sam/utils/syscalls/gcc/syscalls.o
_end                                              src/ASF/sam/utils/syscalls/gcc/syscalls.o
_erelocate                                        src/ASF/sam/utils/cmsis/sam4s/source/templates/gcc/startup_sam4s.o
_estack                                           src/ASF/sam/utils/cmsis/sam4s/source/templates/gcc/startup_sam4s.o
_etext                                            src/ASF/sam/utils/cmsis/sam4s/source/templates/gcc/startup_sam4s.o
_exit                                             src/ASF/sam/utils/syscalls/gcc/syscalls.o
                                                  c:/program files (x86)/atmel/studio/7.0/toolchain/arm/arm-gnu-toolchain/bin/../lib/gcc/arm-none-eabi/6.3.1/../../../../arm-none-eabi/lib/thumb/v7e-m\libc.a(lib_a-exit.o)
_ezero                                            src/ASF/sam/utils/cmsis/sam4s/source/templates/gcc/startup_sam4s.o
_fini                                             c:/program files (x86)/atmel/studio/7.0/toolchain/arm/arm-gnu-toolchain/bin/../lib/gcc/arm-none-eabi/6.3.1/thumb/v7e-m/crti.o
                                                  c:/program files (x86)/atmel/studio/7.0/toolchain/arm/arm-gnu-toolchain/bin/../lib/gcc/arm-none-eabi/6.3.1/../../../../arm-none-eabi/lib/thumb/v7e-m\libc.a(lib_a-fini.o)
_fstat                                            src/ASF/sam/utils/syscalls/gcc/syscalls.o
_getpid                                           src/ASF/sam/utils/syscalls/gcc/syscalls.o
_global_impure_ptr                                c:/program files (x86)/atmel/studio/7.0/toolchain/arm/arm-gnu-toolchain/bin/../lib/gcc/arm-none-eabi/6.3.1/../../../../arm-none-eabi/lib/thumb/v7e-m\libc.a(lib_a-impure.o)
                                                  c:/program files (x86)/atmel/studio/7.0/toolchain/arm/arm-gnu-toolchain/bin/../lib/gcc/arm-none-eabi/6.3.1/../../../../arm-none-eabi/lib/thumb/v7e-m\libc.a(lib_a-__atexit.o)
                                                  c:/program files (x86)/atmel/studio/7.0/toolchain/arm/arm-gnu-toolchain/bin/../lib/gcc/arm-none-eabi/6.3.1/../../../../arm-none-eabi/lib/thumb/v7e-m\libc.a(lib_a-__call_atexit.o)
                                                  c:/program files (x86)/atmel/studio/7.0/toolchain/arm/arm-gnu-toolchain/bin/../lib/gcc/arm-none-eabi/6.3.1/../../../../arm-none-eabi/lib/thumb/v7e-m\libc.a(lib_a-exit.o)
_impure_ptr                                       c:/program files (x86)/atmel/studio/7.0/toolchain/arm/arm-gnu-toolchain/bin/../lib/gcc/arm-none-eabi/6.3.1/../../../../arm-none-eabi/lib/thumb/v7e-m\libc.a(lib_a-impure.o)
_init                                             c:/program files (x86)/atmel/studio/7.0/toolchain/arm/arm-gnu-toolchain/bin/../lib/gcc/arm-none-eabi/6.3.1/thumb/v7e-m/crti.o
                                                  c:/program files (x86)/atmel/studio/7.0/toolchain/arm/arm-gnu-toolchain/bin/../lib/gcc/arm-none-eabi/6.3.1/../../../../arm-none-eabi/lib/thumb/v7e-m\libc.a(lib_a-init.o)
_isatty                                           src/ASF/sam/utils/syscalls/gcc/syscalls.o
_kill                                             src/ASF/sam/utils/syscalls/gcc/syscalls.o
_lseek                                            src/ASF/sam/utils/syscalls/gcc/syscalls.o
_mainCRTStartup                                   c:/program files (x86)/atmel/studio/7.0/toolchain/arm/arm-gnu-toolchain/bin/../lib/gcc/arm-none-eabi/6.3.1/../../../../arm-none-eabi/lib/thumb/v7e-m/crt0.o
_read                                             src/ASF/common/utils/stdio/read.o
_sbrk                                             src/ASF/sam/utils/syscalls/gcc/syscalls.o
_sfixed                                           src/ASF/sam/utils/cmsis/sam4s/source/templates/gcc/startup_sam4s.o
_srelocate                                        src/ASF/sam/utils/cmsis/sam4s/source/templates/gcc/startup_sam4s.o
_start                                            c:/program files (x86)/atmel/studio/7.0/toolchain/arm/arm-gnu-toolchain/bin/../lib/gcc/arm-none-eabi/6.3.1/../../../../arm-none-eabi/lib/thumb/v7e-m/crt0.o
_szero                                            src/ASF/sam/utils/cmsis/sam4s/source/templates/gcc/startup_sam4s.o
_write                                            src/ASF/common/utils/stdio/write.o
aat31xx_disable_backlight                         src/ASF/sam/components/display/aat31xx/aat31xx.o
                                                  src/imagesensor_capture_example.o
aat31xx_set_backlight                             src/ASF/sam/components/display/aat31xx/aat31xx.o
                                                  src/imagesensor_capture_example.o
atexit                                            c:/program files (x86)/atmel/studio/7.0/toolchain/arm/arm-gnu-toolchain/bin/../lib/gcc/arm-none-eabi/6.3.1/../../../../arm-none-eabi/lib/thumb/v7e-m\libc.a(lib_a-atexit.o)
                                                  c:/program files (x86)/atmel/studio/7.0/toolchain/arm/arm-gnu-toolchain/bin/../lib/gcc/arm-none-eabi/6.3.1/../../../../arm-none-eabi/lib/thumb/v7e-m\libc.a(lib_a-__call_atexit.o)
                                                  c:/program files (x86)/atmel/studio/7.0/toolchain/arm/arm-gnu-toolchain/bin/../lib/gcc/arm-none-eabi/6.3.1/../../../../arm-none-eabi/lib/thumb/v7e-m/crt0.o
board_init                                        src/ASF/sam/boards/sam4s_wpir_rd/init.o
                                                  src/imagesensor_capture_example.o
cpu_irq_enter_critical                            src/ASF/common/utils/interrupt/interrupt_sam_nvic.o
cpu_irq_leave_critical                            src/ASF/common/utils/interrupt/interrupt_sam_nvic.o
exception_table                                   src/ASF/sam/utils/cmsis/sam4s/source/templates/gcc/startup_sam4s.o
exit                                              c:/program files (x86)/atmel/studio/7.0/toolchain/arm/arm-gnu-toolchain/bin/../lib/gcc/arm-none-eabi/6.3.1/../../../../arm-none-eabi/lib/thumb/v7e-m\libc.a(lib_a-exit.o)
                                                  c:/program files (x86)/atmel/studio/7.0/toolchain/arm/arm-gnu-toolchain/bin/../lib/gcc/arm-none-eabi/6.3.1/../../../../arm-none-eabi/lib/thumb/v7e-m/crt0.o
free                                              c:/program files (x86)/atmel/studio/7.0/toolchain/arm/arm-gnu-toolchain/bin/../lib/gcc/arm-none-eabi/6.3.1/../../../../arm-none-eabi/lib/thumb/v7e-m\libc.a(lib_a-__call_atexit.o)
g_interrupt_enabled                               src/ASF/common/utils/interrupt/interrupt_sam_nvic.o
                                                  src/ASF/sam/drivers/pmc/sleep.o
g_p_uc_cap_dest_buf                               src/imagesensor_capture_example.o
g_us_cap_line                                     src/imagesensor_capture_example.o
g_us_cap_rows                                     src/imagesensor_capture_example.o
gfont                                             src/ASF/sam/components/display/ili9325/ili9325.o
hardware_init_hook                                c:/program files (x86)/atmel/studio/7.0/toolchain/arm/arm-gnu-toolchain/bin/../lib/gcc/arm-none-eabi/6.3.1/../../../../arm-none-eabi/lib/thumb/v7e-m/crt0.o
ili9325_copy_pixels_from_screen                   src/ASF/sam/components/display/ili9325/ili9325.o
ili9325_copy_pixels_to_screen                     src/ASF/sam/components/display/ili9325/ili9325.o
ili9325_copy_raw_pixel_24bits_to_screen           src/ASF/sam/components/display/ili9325/ili9325.o
ili9325_disable_scroll                            src/ASF/sam/components/display/ili9325/ili9325.o
ili9325_display_off                               src/ASF/sam/components/display/ili9325/ili9325.o
ili9325_display_on                                src/ASF/sam/components/display/ili9325/ili9325.o
                                                  src/imagesensor_capture_example.o
ili9325_draw_circle                               src/ASF/sam/components/display/ili9325/ili9325.o
ili9325_draw_filled_circle                        src/ASF/sam/components/display/ili9325/ili9325.o
ili9325_draw_filled_rectangle                     src/ASF/sam/components/display/ili9325/ili9325.o
ili9325_draw_line                                 src/ASF/sam/components/display/ili9325/ili9325.o
ili9325_draw_pixel                                src/ASF/sam/components/display/ili9325/ili9325.o
ili9325_draw_pixmap                               src/ASF/sam/components/display/ili9325/ili9325.o
ili9325_draw_prepare                              src/ASF/sam/components/display/ili9325/ili9325.o
                                                  src/imagesensor_capture_example.o
ili9325_draw_rectangle                            src/ASF/sam/components/display/ili9325/ili9325.o
ili9325_draw_string                               src/ASF/sam/components/display/ili9325/ili9325.o
                                                  src/imagesensor_capture_example.o
ili9325_duplicate_pixel                           src/ASF/sam/components/display/ili9325/ili9325.o
ili9325_enable_scroll                             src/ASF/sam/components/display/ili9325/ili9325.o
ili9325_fill                                      src/ASF/sam/components/display/ili9325/ili9325.o
                                                  src/imagesensor_capture_example.o
ili9325_get_pixel                                 src/ASF/sam/components/display/ili9325/ili9325.o
ili9325_init                                      src/ASF/sam/components/display/ili9325/ili9325.o
                                                  src/imagesensor_capture_example.o
ili9325_read_gram                                 src/ASF/sam/components/display/ili9325/ili9325.o
ili9325_scroll                                    src/ASF/sam/components/display/ili9325/ili9325.o
ili9325_set_bottom_right_limit                    src/ASF/sam/components/display/ili9325/ili9325.o
ili9325_set_cursor_position                       src/ASF/sam/components/display/ili9325/ili9325.o
ili9325_set_display_direction                     src/ASF/sam/components/display/ili9325/ili9325.o
ili9325_set_foreground_color                      src/ASF/sam/components/display/ili9325/ili9325.o
ili9325_set_limits                                src/ASF/sam/components/display/ili9325/ili9325.o
ili9325_set_orientation                           src/ASF/sam/components/display/ili9325/ili9325.o
ili9325_set_top_left_limit                        src/ASF/sam/components/display/ili9325/ili9325.o
ili9325_set_window                                src/ASF/sam/components/display/ili9325/ili9325.o
ili9325_write_gram                                src/ASF/sam/components/display/ili9325/ili9325.o
link                                              src/ASF/sam/utils/syscalls/gcc/syscalls.o
main                                              src/imagesensor_capture_example.o
                                                  src/ASF/sam/utils/cmsis/sam4s/source/templates/gcc/startup_sam4s.o
                                                  c:/program files (x86)/atmel/studio/7.0/toolchain/arm/arm-gnu-toolchain/bin/../lib/gcc/arm-none-eabi/6.3.1/../../../../arm-none-eabi/lib/thumb/v7e-m/crt0.o
malloc                                            c:/program files (x86)/atmel/studio/7.0/toolchain/arm/arm-gnu-toolchain/bin/../lib/gcc/arm-none-eabi/6.3.1/../../../../arm-none-eabi/lib/thumb/v7e-m\libc.a(lib_a-__atexit.o)
memset                                            c:/program files (x86)/atmel/studio/7.0/toolchain/arm/arm-gnu-toolchain/bin/../lib/gcc/arm-none-eabi/6.3.1/../../../../arm-none-eabi/lib/thumb/v7e-m\libc.a(lib_a-memset.o)
                                                  c:/program files (x86)/atmel/studio/7.0/toolchain/arm/arm-gnu-toolchain/bin/../lib/gcc/arm-none-eabi/6.3.1/../../../../arm-none-eabi/lib/thumb/v7e-m/crt0.o
ov_configure                                      src/ASF/sam/components/cmos_image_sensor/ov7740/ov7740.o
                                                  src/imagesensor_capture_example.o
ov_configure_finish                               src/ASF/sam/components/cmos_image_sensor/ov7740/ov7740.o
ov_configure_manual                               src/ASF/sam/components/cmos_image_sensor/ov7740/ov7740.o
ov_dump_registers                                 src/ASF/sam/components/cmos_image_sensor/ov7740/ov7740.o
ov_init                                           src/ASF/sam/components/cmos_image_sensor/ov7740/ov7740.o
                                                  src/imagesensor_capture_example.o
ov_power                                          src/ASF/sam/components/cmos_image_sensor/ov7740/ov7740.o
                                                  src/imagesensor_capture_example.o
ov_read_reg                                       src/ASF/sam/components/cmos_image_sensor/ov7740/ov7740.o
ov_reset                                          src/ASF/sam/components/cmos_image_sensor/ov7740/ov7740.o
ov_restore_manual                                 src/ASF/sam/components/cmos_image_sensor/ov7740/ov7740.o
ov_store_manual                                   src/ASF/sam/components/cmos_image_sensor/ov7740/ov7740.o
ov_write_reg                                      src/ASF/sam/components/cmos_image_sensor/ov7740/ov7740.o
ov_write_regs                                     src/ASF/sam/components/cmos_image_sensor/ov7740/ov7740.o
p_uc_charset10x14                                 src/ASF/sam/components/display/ili9325/ili9325.o
pio_capture_disable                               src/ASF/sam/drivers/pio/pio.o
                                                  src/imagesensor_capture_example.o
pio_capture_disable_interrupt                     src/ASF/sam/drivers/pio/pio.o
pio_capture_enable                                src/ASF/sam/drivers/pio/pio.o
                                                  src/imagesensor_capture_example.o
pio_capture_enable_flag                           src/ASF/sam/drivers/pio/pio.o
                                                  src/ASF/sam/drivers/pio/pio_handler.o
pio_capture_enable_interrupt                      src/ASF/sam/drivers/pio/pio.o
pio_capture_get_interrupt_mask                    src/ASF/sam/drivers/pio/pio.o
pio_capture_get_interrupt_status                  src/ASF/sam/drivers/pio/pio.o
pio_capture_get_pdc_base                          src/ASF/sam/drivers/pio/pio.o
pio_capture_handler_set                           src/ASF/sam/drivers/pio/pio_handler.o
pio_capture_read                                  src/ASF/sam/drivers/pio/pio.o
pio_capture_set_mode                              src/ASF/sam/drivers/pio/pio.o
pio_clear                                         src/ASF/sam/drivers/pio/pio.o
                                                  src/ASF/sam/components/cmos_image_sensor/ov7740/ov7740.o
pio_configure                                     src/ASF/sam/drivers/pio/pio.o
pio_configure_interrupt                           src/ASF/sam/drivers/pio/pio.o
                                                  src/ASF/sam/drivers/pio/pio_handler.o
pio_configure_pin                                 src/ASF/sam/drivers/pio/pio.o
                                                  src/ASF/sam/boards/sam4s_wpir_rd/init.o
pio_configure_pin_group                           src/ASF/sam/drivers/pio/pio.o
pio_disable_interrupt                             src/ASF/sam/drivers/pio/pio.o
                                                  src/imagesensor_capture_example.o
                                                  src/ASF/sam/drivers/pio/pio_handler.o
pio_disable_output_write                          src/ASF/sam/drivers/pio/pio.o
pio_disable_pin_interrupt                         src/ASF/sam/drivers/pio/pio.o
pio_enable_interrupt                              src/ASF/sam/drivers/pio/pio.o
                                                  src/imagesensor_capture_example.o
                                                  src/ASF/sam/drivers/pio/pio_handler.o
pio_enable_output_write                           src/ASF/sam/drivers/pio/pio.o
pio_enable_pin_interrupt                          src/ASF/sam/drivers/pio/pio.o
pio_get                                           src/ASF/sam/drivers/pio/pio.o
pio_get_interrupt_mask                            src/ASF/sam/drivers/pio/pio.o
                                                  src/ASF/sam/drivers/pio/pio_handler.o
pio_get_interrupt_status                          src/ASF/sam/drivers/pio/pio.o
                                                  src/ASF/sam/drivers/pio/pio_handler.o
pio_get_multi_driver_status                       src/ASF/sam/drivers/pio/pio.o
pio_get_output_data_status                        src/ASF/sam/drivers/pio/pio.o
pio_get_output_write_status                       src/ASF/sam/drivers/pio/pio.o
pio_get_pin_group                                 src/ASF/sam/drivers/pio/pio.o
                                                  src/ASF/sam/drivers/pio/pio_handler.o
pio_get_pin_group_id                              src/ASF/sam/drivers/pio/pio.o
                                                  src/ASF/sam/drivers/pio/pio_handler.o
pio_get_pin_group_mask                            src/ASF/sam/drivers/pio/pio.o
                                                  src/ASF/sam/drivers/pio/pio_handler.o
pio_get_pin_value                                 src/ASF/sam/drivers/pio/pio.o
pio_get_schmitt_trigger                           src/ASF/sam/drivers/pio/pio.o
pio_get_writeprotect_status                       src/ASF/sam/drivers/pio/pio.o
pio_handler_process                               src/ASF/sam/drivers/pio/pio_handler.o
pio_handler_set                                   src/ASF/sam/drivers/pio/pio_handler.o
                                                  src/imagesensor_capture_example.o
pio_handler_set_pin                               src/ASF/sam/drivers/pio/pio_handler.o
pio_handler_set_priority                          src/ASF/sam/drivers/pio/pio_handler.o
pio_pull_down                                     src/ASF/sam/drivers/pio/pio.o
pio_pull_up                                       src/ASF/sam/drivers/pio/pio.o
pio_set                                           src/ASF/sam/drivers/pio/pio.o